Archive member included to satisfy reference by file (symbol)

d:/intelfpga_lite/17.0/nios2eds/bin/gnu/h-x86_64-mingw32/bin/../lib/gcc/nios2-elf/5.3.0/../../../../../H-x86_64-mingw32/nios2-elf/lib/mno-hw-mul\libsmallc.a(lib_a-printf.o)
                              obj/default/count_binary.o (printf)
d:/intelfpga_lite/17.0/nios2eds/bin/gnu/h-x86_64-mingw32/bin/../lib/gcc/nios2-elf/5.3.0/../../../../../H-x86_64-mingw32/nios2-elf/lib/mno-hw-mul\libsmallc.a(lib_a-puts.o)
                              obj/default/count_binary.o (puts)
d:/intelfpga_lite/17.0/nios2eds/bin/gnu/h-x86_64-mingw32/bin/../lib/gcc/nios2-elf/5.3.0/../../../../../H-x86_64-mingw32/nios2-elf/lib/mno-hw-mul\libsmallc.a(lib_a-strlen.o)
                              d:/intelfpga_lite/17.0/nios2eds/bin/gnu/h-x86_64-mingw32/bin/../lib/gcc/nios2-elf/5.3.0/../../../../../H-x86_64-mingw32/nios2-elf/lib/mno-hw-mul\libsmallc.a(lib_a-puts.o) (strlen)
d:/intelfpga_lite/17.0/nios2eds/bin/gnu/h-x86_64-mingw32/bin/../lib/gcc/nios2-elf/5.3.0/../../../../../H-x86_64-mingw32/nios2-elf/lib/mno-hw-mul\libsmallc.a(lib_a-vfprintf.o)
                              d:/intelfpga_lite/17.0/nios2eds/bin/gnu/h-x86_64-mingw32/bin/../lib/gcc/nios2-elf/5.3.0/../../../../../H-x86_64-mingw32/nios2-elf/lib/mno-hw-mul\libsmallc.a(lib_a-printf.o) (___vfprintf_internal_r)
d:/intelfpga_lite/17.0/nios2eds/bin/gnu/h-x86_64-mingw32/bin/../lib/gcc/nios2-elf/5.3.0/../../../../../H-x86_64-mingw32/nios2-elf/lib/mno-hw-mul\libsmallc.a(lib_a-fvwrite_small_dev.o)
                              d:/intelfpga_lite/17.0/nios2eds/bin/gnu/h-x86_64-mingw32/bin/../lib/gcc/nios2-elf/5.3.0/../../../../../H-x86_64-mingw32/nios2-elf/lib/mno-hw-mul\libsmallc.a(lib_a-printf.o) (__sfvwrite_small_dev)
d:/intelfpga_lite/17.0/nios2eds/bin/gnu/h-x86_64-mingw32/bin/../lib/gcc/nios2-elf/5.3.0/../../../../../H-x86_64-mingw32/nios2-elf/lib/mno-hw-mul\libsmallc.a(lib_a-impure.o)
                              d:/intelfpga_lite/17.0/nios2eds/bin/gnu/h-x86_64-mingw32/bin/../lib/gcc/nios2-elf/5.3.0/../../../../../H-x86_64-mingw32/nios2-elf/lib/mno-hw-mul\libsmallc.a(lib_a-printf.o) (_impure_ptr)
d:/intelfpga_lite/17.0/nios2eds/bin/gnu/h-x86_64-mingw32/bin/../lib/gcc/nios2-elf/5.3.0/../../../../../H-x86_64-mingw32/nios2-elf/lib/mno-hw-mul\libsmallc.a(lib_a-writer.o)
                              d:/intelfpga_lite/17.0/nios2eds/bin/gnu/h-x86_64-mingw32/bin/../lib/gcc/nios2-elf/5.3.0/../../../../../H-x86_64-mingw32/nios2-elf/lib/mno-hw-mul\libsmallc.a(lib_a-fvwrite_small_dev.o) (_write_r)
d:/intelfpga_lite/17.0/nios2eds/bin/gnu/h-x86_64-mingw32/bin/../lib/gcc/nios2-elf/5.3.0/../../../../../H-x86_64-mingw32/nios2-elf/lib/mno-hw-mul\libsmallc.a(lib_a-int_errno.o)
                              d:/intelfpga_lite/17.0/nios2eds/bin/gnu/h-x86_64-mingw32/bin/../lib/gcc/nios2-elf/5.3.0/../../../../../H-x86_64-mingw32/nios2-elf/lib/mno-hw-mul\libsmallc.a(lib_a-writer.o) (errno)
d:/intelfpga_lite/17.0/nios2eds/bin/gnu/h-x86_64-mingw32/bin/../lib/gcc/nios2-elf/5.3.0/mno-hw-mul\libgcc.a(lib2-divmod.o)
                              d:/intelfpga_lite/17.0/nios2eds/bin/gnu/h-x86_64-mingw32/bin/../lib/gcc/nios2-elf/5.3.0/../../../../../H-x86_64-mingw32/nios2-elf/lib/mno-hw-mul\libsmallc.a(lib_a-vfprintf.o) (__udivsi3)
d:/intelfpga_lite/17.0/nios2eds/bin/gnu/h-x86_64-mingw32/bin/../lib/gcc/nios2-elf/5.3.0/mno-hw-mul\libgcc.a(lib2-mul.o)
                              d:/intelfpga_lite/17.0/nios2eds/bin/gnu/h-x86_64-mingw32/bin/../lib/gcc/nios2-elf/5.3.0/../../../../../H-x86_64-mingw32/nios2-elf/lib/mno-hw-mul\libsmallc.a(lib_a-vfprintf.o) (__mulsi3)
../nios_vga_bsp/\libhal_bsp.a(alt_load.o)
                              ../nios_vga_bsp//obj/HAL/src/crt0.o (alt_load)
../nios_vga_bsp/\libhal_bsp.a(alt_main.o)
                              ../nios_vga_bsp//obj/HAL/src/crt0.o (alt_main)
../nios_vga_bsp/\libhal_bsp.a(alt_usleep.o)
                              obj/default/count_binary.o (usleep)
../nios_vga_bsp/\libhal_bsp.a(alt_write.o)
                              d:/intelfpga_lite/17.0/nios2eds/bin/gnu/h-x86_64-mingw32/bin/../lib/gcc/nios2-elf/5.3.0/../../../../../H-x86_64-mingw32/nios2-elf/lib/mno-hw-mul\libsmallc.a(lib_a-writer.o) (write)
../nios_vga_bsp/\libhal_bsp.a(alt_sys_init.o)
                              ../nios_vga_bsp/\libhal_bsp.a(alt_main.o) (alt_irq_init)
../nios_vga_bsp/\libhal_bsp.a(altera_avalon_jtag_uart_fd.o)
                              ../nios_vga_bsp/\libhal_bsp.a(alt_sys_init.o) (altera_avalon_jtag_uart_read_fd)
../nios_vga_bsp/\libhal_bsp.a(altera_avalon_jtag_uart_read.o)
                              ../nios_vga_bsp/\libhal_bsp.a(altera_avalon_jtag_uart_fd.o) (altera_avalon_jtag_uart_read)
../nios_vga_bsp/\libhal_bsp.a(altera_avalon_jtag_uart_write.o)
                              ../nios_vga_bsp/\libhal_bsp.a(altera_avalon_jtag_uart_fd.o) (altera_avalon_jtag_uart_write)
../nios_vga_bsp/\libhal_bsp.a(altera_avalon_timer_sc.o)
                              ../nios_vga_bsp/\libhal_bsp.a(alt_sys_init.o) (alt_avalon_timer_sc_init)
../nios_vga_bsp/\libhal_bsp.a(alt_busy_sleep.o)
                              ../nios_vga_bsp/\libhal_bsp.a(alt_usleep.o) (alt_busy_sleep)
../nios_vga_bsp/\libhal_bsp.a(alt_close.o)
                              ../nios_vga_bsp/\libhal_bsp.a(alt_main.o) (close)
../nios_vga_bsp/\libhal_bsp.a(alt_dcache_flush_all.o)
                              ../nios_vga_bsp/\libhal_bsp.a(alt_load.o) (alt_dcache_flush_all)
../nios_vga_bsp/\libhal_bsp.a(alt_dev.o)
                              ../nios_vga_bsp/\libhal_bsp.a(alt_sys_init.o) (alt_dev_list)
../nios_vga_bsp/\libhal_bsp.a(alt_dev_llist_insert.o)
                              ../nios_vga_bsp/\libhal_bsp.a(alt_sys_init.o) (alt_dev_llist_insert)
../nios_vga_bsp/\libhal_bsp.a(alt_errno.o)
                              ../nios_vga_bsp/\libhal_bsp.a(alt_write.o) (alt_errno)
../nios_vga_bsp/\libhal_bsp.a(alt_icache_flush_all.o)
                              ../nios_vga_bsp/\libhal_bsp.a(alt_load.o) (alt_icache_flush_all)
../nios_vga_bsp/\libhal_bsp.a(alt_iic.o)
                              ../nios_vga_bsp/\libhal_bsp.a(altera_avalon_timer_sc.o) (alt_ic_isr_register)
../nios_vga_bsp/\libhal_bsp.a(alt_iic_isr_register.o)
                              ../nios_vga_bsp/\libhal_bsp.a(alt_iic.o) (alt_iic_isr_register)
../nios_vga_bsp/\libhal_bsp.a(alt_io_redirect.o)
                              ../nios_vga_bsp/\libhal_bsp.a(alt_main.o) (alt_io_redirect)
../nios_vga_bsp/\libhal_bsp.a(alt_irq_entry.o)
                              ../nios_vga_bsp/\libhal_bsp.a(alt_iic_isr_register.o) (alt_irq_entry)
../nios_vga_bsp/\libhal_bsp.a(alt_irq_handler.o)
                              ../nios_vga_bsp/\libhal_bsp.a(alt_iic_isr_register.o) (alt_irq)
../nios_vga_bsp/\libhal_bsp.a(alt_irq_vars.o)
                              ../nios_vga_bsp/\libhal_bsp.a(alt_iic.o) (alt_irq_active)
../nios_vga_bsp/\libhal_bsp.a(alt_open.o)
                              ../nios_vga_bsp/\libhal_bsp.a(alt_io_redirect.o) (open)
../nios_vga_bsp/\libhal_bsp.a(alt_release_fd.o)
                              ../nios_vga_bsp/\libhal_bsp.a(alt_close.o) (alt_release_fd)
../nios_vga_bsp/\libhal_bsp.a(alt_tick.o)
                              ../nios_vga_bsp/\libhal_bsp.a(altera_avalon_timer_sc.o) (_alt_tick_rate)
../nios_vga_bsp/\libhal_bsp.a(altera_nios2_gen2_irq.o)
                              ../nios_vga_bsp/\libhal_bsp.a(alt_sys_init.o) (altera_nios2_gen2_irq_init)
../nios_vga_bsp/\libhal_bsp.a(alt_exception_entry.o)
                              ../nios_vga_bsp/\libhal_bsp.a(alt_irq_entry.o) (alt_exception)
../nios_vga_bsp/\libhal_bsp.a(alt_find_dev.o)
                              ../nios_vga_bsp/\libhal_bsp.a(alt_open.o) (alt_find_dev)
../nios_vga_bsp/\libhal_bsp.a(alt_find_file.o)
                              ../nios_vga_bsp/\libhal_bsp.a(alt_open.o) (alt_find_file)
../nios_vga_bsp/\libhal_bsp.a(alt_get_fd.o)
                              ../nios_vga_bsp/\libhal_bsp.a(alt_open.o) (alt_get_fd)
../nios_vga_bsp/\libhal_bsp.a(alt_instruction_exception_entry.o)
                              ../nios_vga_bsp/\libhal_bsp.a(alt_exception_entry.o) (alt_instruction_exception_entry)
d:/intelfpga_lite/17.0/nios2eds/bin/gnu/h-x86_64-mingw32/bin/../lib/gcc/nios2-elf/5.3.0/../../../../../H-x86_64-mingw32/nios2-elf/lib/mno-hw-mul\libsmallc.a(lib_a-exit.o)
                              ../nios_vga_bsp/\libhal_bsp.a(alt_main.o) (exit)
d:/intelfpga_lite/17.0/nios2eds/bin/gnu/h-x86_64-mingw32/bin/../lib/gcc/nios2-elf/5.3.0/../../../../../H-x86_64-mingw32/nios2-elf/lib/mno-hw-mul\libsmallc.a(lib_a-memcmp.o)
                              ../nios_vga_bsp/\libhal_bsp.a(alt_find_dev.o) (memcmp)
d:/intelfpga_lite/17.0/nios2eds/bin/gnu/h-x86_64-mingw32/bin/../lib/gcc/nios2-elf/5.3.0/../../../../../H-x86_64-mingw32/nios2-elf/lib/mno-hw-mul\libsmallc.a(lib_a-__call_atexit.o)
                              d:/intelfpga_lite/17.0/nios2eds/bin/gnu/h-x86_64-mingw32/bin/../lib/gcc/nios2-elf/5.3.0/../../../../../H-x86_64-mingw32/nios2-elf/lib/mno-hw-mul\libsmallc.a(lib_a-exit.o) (__call_exitprocs)
../nios_vga_bsp/\libhal_bsp.a(alt_exit.o)
                              d:/intelfpga_lite/17.0/nios2eds/bin/gnu/h-x86_64-mingw32/bin/../lib/gcc/nios2-elf/5.3.0/../../../../../H-x86_64-mingw32/nios2-elf/lib/mno-hw-mul\libsmallc.a(lib_a-exit.o) (_exit)

Allocating common symbols
Common symbol       size              file

alt_irq             0x100             ../nios_vga_bsp/\libhal_bsp.a(alt_irq_handler.o)
edge_capture        0x4               obj/default/count_binary.o
errno               0x4               d:/intelfpga_lite/17.0/nios2eds/bin/gnu/h-x86_64-mingw32/bin/../lib/gcc/nios2-elf/5.3.0/../../../../../H-x86_64-mingw32/nios2-elf/lib/mno-hw-mul\libsmallc.a(lib_a-int_errno.o)

Memory Configuration

Name             Origin             Length             Attributes
reset            0x0000000000004000 0x0000000000000020
onchip_memory2_0 0x0000000000004020 0x0000000000003fe0
*default*        0x0000000000000000 0xffffffffffffffff

Linker script and memory map

LOAD ../nios_vga_bsp//obj/HAL/src/crt0.o
LOAD obj/default/count_binary.o
LOAD d:/intelfpga_lite/17.0/nios2eds/bin/gnu/h-x86_64-mingw32/bin/../lib/gcc/nios2-elf/5.3.0/../../../../../H-x86_64-mingw32/nios2-elf/lib/mno-hw-mul\libstdc++.a
LOAD d:/intelfpga_lite/17.0/nios2eds/bin/gnu/h-x86_64-mingw32/bin/../lib/gcc/nios2-elf/5.3.0/../../../../../H-x86_64-mingw32/nios2-elf/lib/mno-hw-mul\libm.a
LOAD d:/intelfpga_lite/17.0/nios2eds/bin/gnu/h-x86_64-mingw32/bin/../lib/gcc/nios2-elf/5.3.0/mno-hw-mul\libgcc.a
START GROUP
LOAD d:/intelfpga_lite/17.0/nios2eds/bin/gnu/h-x86_64-mingw32/bin/../lib/gcc/nios2-elf/5.3.0/../../../../../H-x86_64-mingw32/nios2-elf/lib/mno-hw-mul\libsmallc.a
LOAD d:/intelfpga_lite/17.0/nios2eds/bin/gnu/h-x86_64-mingw32/bin/../lib/gcc/nios2-elf/5.3.0/mno-hw-mul\libgcc.a
LOAD ../nios_vga_bsp/\libhal_bsp.a
LOAD d:/intelfpga_lite/17.0/nios2eds/bin/gnu/h-x86_64-mingw32/bin/../lib/gcc/nios2-elf/5.3.0/../../../../../H-x86_64-mingw32/nios2-elf/lib/mno-hw-mul\libm.a
END GROUP
LOAD d:/intelfpga_lite/17.0/nios2eds/bin/gnu/h-x86_64-mingw32/bin/../lib/gcc/nios2-elf/5.3.0/mno-hw-mul\libgcc.a
                0x0000000000004000                __alt_mem_onchip_memory2_0 = 0x4000

.entry          0x0000000000004000       0x20
 *(.entry)
 .entry         0x0000000000004000       0x20 ../nios_vga_bsp//obj/HAL/src/crt0.o
                0x0000000000004000                __reset

.exceptions     0x0000000000004020      0x210
                0x0000000000004020                PROVIDE (__ram_exceptions_start, ABSOLUTE (.))
                0x0000000000004020                . = ALIGN (0x20)
 *(.irq)
 *(.exceptions.entry.label)
 .exceptions.entry.label
                0x0000000000004020        0x0 ../nios_vga_bsp/\libhal_bsp.a(alt_irq_entry.o)
                0x0000000000004020                alt_irq_entry
 .exceptions.entry.label
                0x0000000000004020        0x0 ../nios_vga_bsp/\libhal_bsp.a(alt_exception_entry.o)
                0x0000000000004020                alt_exception
 *(.exceptions.entry.user)
 *(.exceptions.entry.ecc_fatal)
 *(.exceptions.entry)
 .exceptions.entry
                0x0000000000004020       0x54 ../nios_vga_bsp/\libhal_bsp.a(alt_exception_entry.o)
 *(.exceptions.irqtest.user)
 *(.exceptions.irqtest)
 .exceptions.irqtest
                0x0000000000004074       0x10 ../nios_vga_bsp/\libhal_bsp.a(alt_irq_entry.o)
 *(.exceptions.irqhandler.user)
 *(.exceptions.irqhandler)
 .exceptions.irqhandler
                0x0000000000004084        0x4 ../nios_vga_bsp/\libhal_bsp.a(alt_irq_entry.o)
 *(.exceptions.irqreturn.user)
 *(.exceptions.irqreturn)
 .exceptions.irqreturn
                0x0000000000004088        0x4 ../nios_vga_bsp/\libhal_bsp.a(alt_irq_entry.o)
 *(.exceptions.notirq.label)
 .exceptions.notirq.label
                0x000000000000408c        0x0 ../nios_vga_bsp/\libhal_bsp.a(alt_irq_entry.o)
 *(.exceptions.notirq.user)
 *(.exceptions.notirq)
 .exceptions.notirq
                0x000000000000408c        0x8 ../nios_vga_bsp/\libhal_bsp.a(alt_exception_entry.o)
 *(.exceptions.soft.user)
 *(.exceptions.soft)
 *(.exceptions.unknown.user)
 *(.exceptions.unknown)
 .exceptions.unknown
                0x0000000000004094       0x14 ../nios_vga_bsp/\libhal_bsp.a(alt_exception_entry.o)
 *(.exceptions.exit.label)
 .exceptions.exit.label
                0x00000000000040a8        0x0 ../nios_vga_bsp/\libhal_bsp.a(alt_irq_entry.o)
 .exceptions.exit.label
                0x00000000000040a8        0x0 ../nios_vga_bsp/\libhal_bsp.a(alt_exception_entry.o)
 *(.exceptions.exit.user)
 *(.exceptions.exit)
 .exceptions.exit
                0x00000000000040a8       0x54 ../nios_vga_bsp/\libhal_bsp.a(alt_exception_entry.o)
 *(.exceptions)
 .exceptions    0x00000000000040fc       0xd4 ../nios_vga_bsp/\libhal_bsp.a(alt_irq_handler.o)
                0x00000000000040fc                alt_irq_handler
 .exceptions    0x00000000000041d0       0x60 ../nios_vga_bsp/\libhal_bsp.a(alt_instruction_exception_entry.o)
                0x00000000000041d0                alt_instruction_exception_entry
                0x0000000000004230                PROVIDE (__ram_exceptions_end, ABSOLUTE (.))
                0x0000000000004020                PROVIDE (__flash_exceptions_start, LOADADDR (.exceptions))

.text           0x0000000000004230     0x2528
                [!provide]                        PROVIDE (stext, ABSOLUTE (.))
 *(.interp)
 *(.hash)
 *(.dynsym)
 *(.dynstr)
 *(.gnu.version)
 *(.gnu.version_d)
 *(.gnu.version_r)
 *(.rel.init)
 *(.rela.init)
 *(.rel.text .rel.text.* .rel.gnu.linkonce.t.*)
 *(.rela.text .rela.text.* .rela.gnu.linkonce.t.*)
 *(.rel.fini)
 *(.rela.fini)
 *(.rel.rodata .rel.rodata.* .rel.gnu.linkonce.r.*)
 *(.rela.rodata .rela.rodata.* .rela.gnu.linkonce.r.*)
 *(.rel.data .rel.data.* .rel.gnu.linkonce.d.*)
 *(.rela.data .rela.data.* .rela.gnu.linkonce.d.*)
 *(.rel.tdata .rel.tdata.* .rel.gnu.linkonce.td.*)
 *(.rela.tdata .rela.tdata.* .rela.gnu.linkonce.td.*)
 *(.rel.tbss .rel.tbss.* .rel.gnu.linkonce.tb.*)
 *(.rela.tbss .rela.tbss.* .rela.gnu.linkonce.tb.*)
 *(.rel.ctors)
 *(.rela.ctors)
 *(.rel.dtors)
 *(.rela.dtors)
 *(.rel.got)
 *(.rela.got)
 *(.rel.sdata .rel.sdata.* .rel.gnu.linkonce.s.*)
 *(.rela.sdata .rela.sdata.* .rela.gnu.linkonce.s.*)
 *(.rel.sbss .rel.sbss.* .rel.gnu.linkonce.sb.*)
 *(.rela.sbss .rela.sbss.* .rela.gnu.linkonce.sb.*)
 *(.rel.sdata2 .rel.sdata2.* .rel.gnu.linkonce.s2.*)
 *(.rela.sdata2 .rela.sdata2.* .rela.gnu.linkonce.s2.*)
 *(.rel.sbss2 .rel.sbss2.* .rel.gnu.linkonce.sb2.*)
 *(.rela.sbss2 .rela.sbss2.* .rela.gnu.linkonce.sb2.*)
 *(.rel.bss .rel.bss.* .rel.gnu.linkonce.b.*)
 *(.rela.bss .rela.bss.* .rela.gnu.linkonce.b.*)
 *(.rel.plt)
 *(.rela.plt)
 *(.rel.dyn)
 *(.init)
 *(.plt)
 *(.text .stub .text.* .gnu.linkonce.t.*)
 .text          0x0000000000004230       0x3c ../nios_vga_bsp//obj/HAL/src/crt0.o
                0x0000000000004230                _start
 .text          0x000000000000426c      0x2d4 obj/default/count_binary.o
                0x00000000000044e4                main
 .text          0x0000000000004540        0x0 d:/intelfpga_lite/17.0/nios2eds/bin/gnu/h-x86_64-mingw32/bin/../lib/gcc/nios2-elf/5.3.0/../../../../../H-x86_64-mingw32/nios2-elf/lib/mno-hw-mul\libsmallc.a(lib_a-printf.o)
 .text._printf_r
                0x0000000000004540       0x3c d:/intelfpga_lite/17.0/nios2eds/bin/gnu/h-x86_64-mingw32/bin/../lib/gcc/nios2-elf/5.3.0/../../../../../H-x86_64-mingw32/nios2-elf/lib/mno-hw-mul\libsmallc.a(lib_a-printf.o)
                0x0000000000004540                _printf_r
 .text.printf   0x000000000000457c       0x4c d:/intelfpga_lite/17.0/nios2eds/bin/gnu/h-x86_64-mingw32/bin/../lib/gcc/nios2-elf/5.3.0/../../../../../H-x86_64-mingw32/nios2-elf/lib/mno-hw-mul\libsmallc.a(lib_a-printf.o)
                0x000000000000457c                printf
 .text          0x00000000000045c8        0x0 d:/intelfpga_lite/17.0/nios2eds/bin/gnu/h-x86_64-mingw32/bin/../lib/gcc/nios2-elf/5.3.0/../../../../../H-x86_64-mingw32/nios2-elf/lib/mno-hw-mul\libsmallc.a(lib_a-puts.o)
 .text._puts_r  0x00000000000045c8       0x80 d:/intelfpga_lite/17.0/nios2eds/bin/gnu/h-x86_64-mingw32/bin/../lib/gcc/nios2-elf/5.3.0/../../../../../H-x86_64-mingw32/nios2-elf/lib/mno-hw-mul\libsmallc.a(lib_a-puts.o)
                0x00000000000045c8                _puts_r
 .text.puts     0x0000000000004648       0x14 d:/intelfpga_lite/17.0/nios2eds/bin/gnu/h-x86_64-mingw32/bin/../lib/gcc/nios2-elf/5.3.0/../../../../../H-x86_64-mingw32/nios2-elf/lib/mno-hw-mul\libsmallc.a(lib_a-puts.o)
                0x0000000000004648                puts
 .text          0x000000000000465c        0x0 d:/intelfpga_lite/17.0/nios2eds/bin/gnu/h-x86_64-mingw32/bin/../lib/gcc/nios2-elf/5.3.0/../../../../../H-x86_64-mingw32/nios2-elf/lib/mno-hw-mul\libsmallc.a(lib_a-strlen.o)
 .text.strlen   0x000000000000465c       0x1c d:/intelfpga_lite/17.0/nios2eds/bin/gnu/h-x86_64-mingw32/bin/../lib/gcc/nios2-elf/5.3.0/../../../../../H-x86_64-mingw32/nios2-elf/lib/mno-hw-mul\libsmallc.a(lib_a-strlen.o)
                0x000000000000465c                strlen
 .text          0x0000000000004678        0x0 d:/intelfpga_lite/17.0/nios2eds/bin/gnu/h-x86_64-mingw32/bin/../lib/gcc/nios2-elf/5.3.0/../../../../../H-x86_64-mingw32/nios2-elf/lib/mno-hw-mul\libsmallc.a(lib_a-vfprintf.o)
 .text.print_repeat
                0x0000000000004678       0x6c d:/intelfpga_lite/17.0/nios2eds/bin/gnu/h-x86_64-mingw32/bin/../lib/gcc/nios2-elf/5.3.0/../../../../../H-x86_64-mingw32/nios2-elf/lib/mno-hw-mul\libsmallc.a(lib_a-vfprintf.o)
 .text.___vfprintf_internal_r
                0x00000000000046e4      0x52c d:/intelfpga_lite/17.0/nios2eds/bin/gnu/h-x86_64-mingw32/bin/../lib/gcc/nios2-elf/5.3.0/../../../../../H-x86_64-mingw32/nios2-elf/lib/mno-hw-mul\libsmallc.a(lib_a-vfprintf.o)
                0x00000000000046e4                ___vfprintf_internal_r
 .text.__vfprintf_internal
                0x0000000000004c10       0x1c d:/intelfpga_lite/17.0/nios2eds/bin/gnu/h-x86_64-mingw32/bin/../lib/gcc/nios2-elf/5.3.0/../../../../../H-x86_64-mingw32/nios2-elf/lib/mno-hw-mul\libsmallc.a(lib_a-vfprintf.o)
                0x0000000000004c10                __vfprintf_internal
 .text          0x0000000000004c2c        0x0 d:/intelfpga_lite/17.0/nios2eds/bin/gnu/h-x86_64-mingw32/bin/../lib/gcc/nios2-elf/5.3.0/../../../../../H-x86_64-mingw32/nios2-elf/lib/mno-hw-mul\libsmallc.a(lib_a-fvwrite_small_dev.o)
 .text.__sfvwrite_small_dev
                0x0000000000004c2c       0xb8 d:/intelfpga_lite/17.0/nios2eds/bin/gnu/h-x86_64-mingw32/bin/../lib/gcc/nios2-elf/5.3.0/../../../../../H-x86_64-mingw32/nios2-elf/lib/mno-hw-mul\libsmallc.a(lib_a-fvwrite_small_dev.o)
                0x0000000000004c2c                __sfvwrite_small_dev
 .text          0x0000000000004ce4        0x0 d:/intelfpga_lite/17.0/nios2eds/bin/gnu/h-x86_64-mingw32/bin/../lib/gcc/nios2-elf/5.3.0/../../../../../H-x86_64-mingw32/nios2-elf/lib/mno-hw-mul\libsmallc.a(lib_a-impure.o)
 .text          0x0000000000004ce4        0x0 d:/intelfpga_lite/17.0/nios2eds/bin/gnu/h-x86_64-mingw32/bin/../lib/gcc/nios2-elf/5.3.0/../../../../../H-x86_64-mingw32/nios2-elf/lib/mno-hw-mul\libsmallc.a(lib_a-writer.o)
 .text._write_r
                0x0000000000004ce4       0x58 d:/intelfpga_lite/17.0/nios2eds/bin/gnu/h-x86_64-mingw32/bin/../lib/gcc/nios2-elf/5.3.0/../../../../../H-x86_64-mingw32/nios2-elf/lib/mno-hw-mul\libsmallc.a(lib_a-writer.o)
                0x0000000000004ce4                _write_r
 .text          0x0000000000004d3c        0x0 d:/intelfpga_lite/17.0/nios2eds/bin/gnu/h-x86_64-mingw32/bin/../lib/gcc/nios2-elf/5.3.0/../../../../../H-x86_64-mingw32/nios2-elf/lib/mno-hw-mul\libsmallc.a(lib_a-int_errno.o)
 .text          0x0000000000004d3c      0x1b4 d:/intelfpga_lite/17.0/nios2eds/bin/gnu/h-x86_64-mingw32/bin/../lib/gcc/nios2-elf/5.3.0/mno-hw-mul\libgcc.a(lib2-divmod.o)
                0x0000000000004d3c                __divsi3
                0x0000000000004dc0                __modsi3
                0x0000000000004e34                __udivsi3
                0x0000000000004e98                __umodsi3
 .text          0x0000000000004ef0       0x28 d:/intelfpga_lite/17.0/nios2eds/bin/gnu/h-x86_64-mingw32/bin/../lib/gcc/nios2-elf/5.3.0/mno-hw-mul\libgcc.a(lib2-mul.o)
                0x0000000000004ef0                __mulsi3
 .text          0x0000000000004f18       0xec ../nios_vga_bsp/\libhal_bsp.a(alt_load.o)
                0x0000000000004f80                alt_load
 .text          0x0000000000005004       0x6c ../nios_vga_bsp/\libhal_bsp.a(alt_main.o)
                0x0000000000005004                alt_main
 .text          0x0000000000005070       0x30 ../nios_vga_bsp/\libhal_bsp.a(alt_usleep.o)
                0x0000000000005070                usleep
 .text          0x00000000000050a0      0x13c ../nios_vga_bsp/\libhal_bsp.a(alt_write.o)
                0x00000000000050dc                write
 .text          0x00000000000051dc       0xb4 ../nios_vga_bsp/\libhal_bsp.a(alt_sys_init.o)
                0x0000000000005210                alt_irq_init
                0x0000000000005248                alt_sys_init
 .text          0x0000000000005290       0xc0 ../nios_vga_bsp/\libhal_bsp.a(altera_avalon_jtag_uart_fd.o)
                0x0000000000005290                altera_avalon_jtag_uart_read_fd
                0x00000000000052f0                altera_avalon_jtag_uart_write_fd
 .text          0x0000000000005350       0xec ../nios_vga_bsp/\libhal_bsp.a(altera_avalon_jtag_uart_read.o)
                0x0000000000005350                altera_avalon_jtag_uart_read
 .text          0x000000000000543c       0x94 ../nios_vga_bsp/\libhal_bsp.a(altera_avalon_jtag_uart_write.o)
                0x000000000000543c                altera_avalon_jtag_uart_write
 .text          0x00000000000054d0       0xf4 ../nios_vga_bsp/\libhal_bsp.a(altera_avalon_timer_sc.o)
                0x0000000000005548                alt_avalon_timer_sc_init
 .text          0x00000000000055c4      0x158 ../nios_vga_bsp/\libhal_bsp.a(alt_busy_sleep.o)
                0x00000000000055c4                alt_busy_sleep
 .text          0x000000000000571c      0x114 ../nios_vga_bsp/\libhal_bsp.a(alt_close.o)
                0x0000000000005758                close
 .text          0x0000000000005830       0x20 ../nios_vga_bsp/\libhal_bsp.a(alt_dcache_flush_all.o)
                0x0000000000005830                alt_dcache_flush_all
 .text          0x0000000000005850       0x2c ../nios_vga_bsp/\libhal_bsp.a(alt_dev.o)
 .text          0x000000000000587c       0xe0 ../nios_vga_bsp/\libhal_bsp.a(alt_dev_llist_insert.o)
                0x00000000000058b8                alt_dev_llist_insert
 .text          0x000000000000595c        0x0 ../nios_vga_bsp/\libhal_bsp.a(alt_errno.o)
 .text          0x000000000000595c       0x20 ../nios_vga_bsp/\libhal_bsp.a(alt_icache_flush_all.o)
                0x000000000000595c                alt_icache_flush_all
 .text          0x000000000000597c      0x1b0 ../nios_vga_bsp/\libhal_bsp.a(alt_iic.o)
                0x000000000000597c                alt_ic_isr_register
                0x00000000000059cc                alt_ic_irq_enable
                0x0000000000005a54                alt_ic_irq_disable
                0x0000000000005ae0                alt_ic_irq_enabled
 .text          0x0000000000005b2c       0xf0 ../nios_vga_bsp/\libhal_bsp.a(alt_iic_isr_register.o)
                0x0000000000005b2c                alt_iic_isr_register
 .text          0x0000000000005c1c      0x160 ../nios_vga_bsp/\libhal_bsp.a(alt_io_redirect.o)
                0x0000000000005d00                alt_io_redirect
 .text          0x0000000000005d7c        0x0 ../nios_vga_bsp/\libhal_bsp.a(alt_irq_entry.o)
 .text          0x0000000000005d7c        0x0 ../nios_vga_bsp/\libhal_bsp.a(alt_irq_handler.o)
 .text          0x0000000000005d7c        0x0 ../nios_vga_bsp/\libhal_bsp.a(alt_irq_vars.o)
 .text          0x0000000000005d7c      0x284 ../nios_vga_bsp/\libhal_bsp.a(alt_open.o)
                0x0000000000005ea4                open
 .text          0x0000000000006000       0x84 ../nios_vga_bsp/\libhal_bsp.a(alt_release_fd.o)
                0x0000000000006000                alt_release_fd
 .text          0x0000000000006084      0x1a4 ../nios_vga_bsp/\libhal_bsp.a(alt_tick.o)
                0x0000000000006084                alt_alarm_stop
                0x0000000000006120                alt_tick
 .text          0x0000000000006228       0x24 ../nios_vga_bsp/\libhal_bsp.a(altera_nios2_gen2_irq.o)
                0x0000000000006228                altera_nios2_gen2_irq_init
 .text          0x000000000000624c        0x0 ../nios_vga_bsp/\libhal_bsp.a(alt_exception_entry.o)
 .text          0x000000000000624c       0x90 ../nios_vga_bsp/\libhal_bsp.a(alt_find_dev.o)
                0x000000000000624c                alt_find_dev
 .text          0x00000000000062dc      0x108 ../nios_vga_bsp/\libhal_bsp.a(alt_find_file.o)
                0x00000000000062dc                alt_find_file
 .text          0x00000000000063e4       0xc4 ../nios_vga_bsp/\libhal_bsp.a(alt_get_fd.o)
                0x00000000000063e4                alt_get_fd
 .text          0x00000000000064a8       0x9c ../nios_vga_bsp/\libhal_bsp.a(alt_instruction_exception_entry.o)
                0x00000000000064a8                alt_exception_cause_generated_bad_addr
 .text          0x0000000000006544        0x0 d:/intelfpga_lite/17.0/nios2eds/bin/gnu/h-x86_64-mingw32/bin/../lib/gcc/nios2-elf/5.3.0/../../../../../H-x86_64-mingw32/nios2-elf/lib/mno-hw-mul\libsmallc.a(lib_a-exit.o)
 .text.exit     0x0000000000006544       0x20 d:/intelfpga_lite/17.0/nios2eds/bin/gnu/h-x86_64-mingw32/bin/../lib/gcc/nios2-elf/5.3.0/../../../../../H-x86_64-mingw32/nios2-elf/lib/mno-hw-mul\libsmallc.a(lib_a-exit.o)
                0x0000000000006544                exit
 .text          0x0000000000006564        0x0 d:/intelfpga_lite/17.0/nios2eds/bin/gnu/h-x86_64-mingw32/bin/../lib/gcc/nios2-elf/5.3.0/../../../../../H-x86_64-mingw32/nios2-elf/lib/mno-hw-mul\libsmallc.a(lib_a-memcmp.o)
 .text.memcmp   0x0000000000006564       0x30 d:/intelfpga_lite/17.0/nios2eds/bin/gnu/h-x86_64-mingw32/bin/../lib/gcc/nios2-elf/5.3.0/../../../../../H-x86_64-mingw32/nios2-elf/lib/mno-hw-mul\libsmallc.a(lib_a-memcmp.o)
                0x0000000000006564                memcmp
 .text          0x0000000000006594        0x0 d:/intelfpga_lite/17.0/nios2eds/bin/gnu/h-x86_64-mingw32/bin/../lib/gcc/nios2-elf/5.3.0/../../../../../H-x86_64-mingw32/nios2-elf/lib/mno-hw-mul\libsmallc.a(lib_a-__call_atexit.o)
 .text.__call_exitprocs
                0x0000000000006594      0x190 d:/intelfpga_lite/17.0/nios2eds/bin/gnu/h-x86_64-mingw32/bin/../lib/gcc/nios2-elf/5.3.0/../../../../../H-x86_64-mingw32/nios2-elf/lib/mno-hw-mul\libsmallc.a(lib_a-__call_atexit.o)
                0x0000000000006594                __call_exitprocs
 .text          0x0000000000006724       0x34 ../nios_vga_bsp/\libhal_bsp.a(alt_exit.o)
                0x0000000000006724                _exit
 *(.gnu.warning.*)
 *(.fini)
                [!provide]                        PROVIDE (__etext, ABSOLUTE (.))
                [!provide]                        PROVIDE (_etext, ABSOLUTE (.))
                [!provide]                        PROVIDE (etext, ABSOLUTE (.))
 *(.eh_frame_hdr)
                0x0000000000006758                . = ALIGN (0x4)
                [!provide]                        PROVIDE (__preinit_array_start, ABSOLUTE (.))
 *(.preinit_array)
                [!provide]                        PROVIDE (__preinit_array_end, ABSOLUTE (.))
                [!provide]                        PROVIDE (__init_array_start, ABSOLUTE (.))
 *(.init_array)
                [!provide]                        PROVIDE (__init_array_end, ABSOLUTE (.))
                [!provide]                        PROVIDE (__fini_array_start, ABSOLUTE (.))
 *(.fini_array)
                [!provide]                        PROVIDE (__fini_array_end, ABSOLUTE (.))
 *(.eh_frame)
 *(.gcc_except_table .gcc_except_table.*)
 *(.dynamic)
                [!provide]                        PROVIDE (__CTOR_LIST__, ABSOLUTE (.))
 *(.ctors)
 *(SORT(.ctors.*))
                [!provide]                        PROVIDE (__CTOR_END__, ABSOLUTE (.))
                [!provide]                        PROVIDE (__DTOR_LIST__, ABSOLUTE (.))
 *(.dtors)
 *(SORT(.dtors.*))
                [!provide]                        PROVIDE (__DTOR_END__, ABSOLUTE (.))
 *(.jcr)
                0x0000000000006758                . = ALIGN (0x4)

.rodata         0x0000000000006758       0xfc
                0x0000000000006758                PROVIDE (__ram_rodata_start, ABSOLUTE (.))
                0x0000000000006758                . = ALIGN (0x4)
 *(.rodata .rodata.* .gnu.linkonce.r.*)
 .rodata        0x0000000000006758       0xc3 obj/default/count_binary.o
 *fill*         0x000000000000681b        0x1 
 .rodata.str1.4
                0x000000000000681c        0x4 d:/intelfpga_lite/17.0/nios2eds/bin/gnu/h-x86_64-mingw32/bin/../lib/gcc/nios2-elf/5.3.0/../../../../../H-x86_64-mingw32/nios2-elf/lib/mno-hw-mul\libsmallc.a(lib_a-puts.o)
                                          0x2 (size before relaxing)
 .rodata        0x0000000000006820       0x11 ../nios_vga_bsp/\libhal_bsp.a(alt_main.o)
 *fill*         0x0000000000006831        0x3 
 .rodata        0x0000000000006834       0x11 ../nios_vga_bsp/\libhal_bsp.a(alt_sys_init.o)
 *fill*         0x0000000000006845        0x3 
 .rodata        0x0000000000006848        0xa ../nios_vga_bsp/\libhal_bsp.a(alt_dev.o)
 *(.rodata1)
                0x0000000000006854                . = ALIGN (0x4)
 *fill*         0x0000000000006852        0x2 
                0x0000000000006854                PROVIDE (__ram_rodata_end, ABSOLUTE (.))
                0x0000000000006758                PROVIDE (__flash_rodata_start, LOADADDR (.rodata))

.rwdata         0x0000000000006854      0x2e0 load address 0x0000000000006b34
                0x0000000000006854                PROVIDE (__ram_rwdata_start, ABSOLUTE (.))
                0x0000000000006854                . = ALIGN (0x4)
 *(.got.plt)
 *(.got)
 *(.data1)
 *(.data .data.* .gnu.linkonce.d.*)
 .data          0x0000000000006854        0x0 ../nios_vga_bsp//obj/HAL/src/crt0.o
 .data          0x0000000000006854        0x0 obj/default/count_binary.o
 .data          0x0000000000006854        0x0 d:/intelfpga_lite/17.0/nios2eds/bin/gnu/h-x86_64-mingw32/bin/../lib/gcc/nios2-elf/5.3.0/../../../../../H-x86_64-mingw32/nios2-elf/lib/mno-hw-mul\libsmallc.a(lib_a-printf.o)
 .data          0x0000000000006854        0x0 d:/intelfpga_lite/17.0/nios2eds/bin/gnu/h-x86_64-mingw32/bin/../lib/gcc/nios2-elf/5.3.0/../../../../../H-x86_64-mingw32/nios2-elf/lib/mno-hw-mul\libsmallc.a(lib_a-puts.o)
 .data          0x0000000000006854        0x0 d:/intelfpga_lite/17.0/nios2eds/bin/gnu/h-x86_64-mingw32/bin/../lib/gcc/nios2-elf/5.3.0/../../../../../H-x86_64-mingw32/nios2-elf/lib/mno-hw-mul\libsmallc.a(lib_a-strlen.o)
 .data          0x0000000000006854        0x0 d:/intelfpga_lite/17.0/nios2eds/bin/gnu/h-x86_64-mingw32/bin/../lib/gcc/nios2-elf/5.3.0/../../../../../H-x86_64-mingw32/nios2-elf/lib/mno-hw-mul\libsmallc.a(lib_a-vfprintf.o)
 .data          0x0000000000006854        0x0 d:/intelfpga_lite/17.0/nios2eds/bin/gnu/h-x86_64-mingw32/bin/../lib/gcc/nios2-elf/5.3.0/../../../../../H-x86_64-mingw32/nios2-elf/lib/mno-hw-mul\libsmallc.a(lib_a-fvwrite_small_dev.o)
 .data          0x0000000000006854        0x0 d:/intelfpga_lite/17.0/nios2eds/bin/gnu/h-x86_64-mingw32/bin/../lib/gcc/nios2-elf/5.3.0/../../../../../H-x86_64-mingw32/nios2-elf/lib/mno-hw-mul\libsmallc.a(lib_a-impure.o)
 .data.impure_data
                0x0000000000006854       0xe0 d:/intelfpga_lite/17.0/nios2eds/bin/gnu/h-x86_64-mingw32/bin/../lib/gcc/nios2-elf/5.3.0/../../../../../H-x86_64-mingw32/nios2-elf/lib/mno-hw-mul\libsmallc.a(lib_a-impure.o)
 .data          0x0000000000006934        0x0 d:/intelfpga_lite/17.0/nios2eds/bin/gnu/h-x86_64-mingw32/bin/../lib/gcc/nios2-elf/5.3.0/../../../../../H-x86_64-mingw32/nios2-elf/lib/mno-hw-mul\libsmallc.a(lib_a-writer.o)
 .data          0x0000000000006934        0x0 d:/intelfpga_lite/17.0/nios2eds/bin/gnu/h-x86_64-mingw32/bin/../lib/gcc/nios2-elf/5.3.0/../../../../../H-x86_64-mingw32/nios2-elf/lib/mno-hw-mul\libsmallc.a(lib_a-int_errno.o)
 .data          0x0000000000006934        0x0 d:/intelfpga_lite/17.0/nios2eds/bin/gnu/h-x86_64-mingw32/bin/../lib/gcc/nios2-elf/5.3.0/mno-hw-mul\libgcc.a(lib2-divmod.o)
 .data          0x0000000000006934        0x0 d:/intelfpga_lite/17.0/nios2eds/bin/gnu/h-x86_64-mingw32/bin/../lib/gcc/nios2-elf/5.3.0/mno-hw-mul\libgcc.a(lib2-mul.o)
 .data          0x0000000000006934        0x0 ../nios_vga_bsp/\libhal_bsp.a(alt_load.o)
 .data          0x0000000000006934        0x0 ../nios_vga_bsp/\libhal_bsp.a(alt_main.o)
 .data          0x0000000000006934        0x0 ../nios_vga_bsp/\libhal_bsp.a(alt_usleep.o)
 .data          0x0000000000006934        0x0 ../nios_vga_bsp/\libhal_bsp.a(alt_write.o)
 .data          0x0000000000006934       0x2c ../nios_vga_bsp/\libhal_bsp.a(alt_sys_init.o)
 .data          0x0000000000006960        0x0 ../nios_vga_bsp/\libhal_bsp.a(altera_avalon_jtag_uart_fd.o)
 .data          0x0000000000006960        0x0 ../nios_vga_bsp/\libhal_bsp.a(altera_avalon_jtag_uart_read.o)
 .data          0x0000000000006960        0x0 ../nios_vga_bsp/\libhal_bsp.a(altera_avalon_jtag_uart_write.o)
 .data          0x0000000000006960        0x0 ../nios_vga_bsp/\libhal_bsp.a(altera_avalon_timer_sc.o)
 .data          0x0000000000006960        0x0 ../nios_vga_bsp/\libhal_bsp.a(alt_busy_sleep.o)
 .data          0x0000000000006960        0x0 ../nios_vga_bsp/\libhal_bsp.a(alt_close.o)
 .data          0x0000000000006960        0x0 ../nios_vga_bsp/\libhal_bsp.a(alt_dcache_flush_all.o)
 .data          0x0000000000006960      0x1a8 ../nios_vga_bsp/\libhal_bsp.a(alt_dev.o)
                0x0000000000006960                alt_dev_null
                0x0000000000006988                alt_fd_list
 .data          0x0000000000006b08        0x0 ../nios_vga_bsp/\libhal_bsp.a(alt_dev_llist_insert.o)
 .data          0x0000000000006b08        0x0 ../nios_vga_bsp/\libhal_bsp.a(alt_errno.o)
 .data          0x0000000000006b08        0x0 ../nios_vga_bsp/\libhal_bsp.a(alt_icache_flush_all.o)
 .data          0x0000000000006b08        0x0 ../nios_vga_bsp/\libhal_bsp.a(alt_iic.o)
 .data          0x0000000000006b08        0x0 ../nios_vga_bsp/\libhal_bsp.a(alt_iic_isr_register.o)
 .data          0x0000000000006b08        0x0 ../nios_vga_bsp/\libhal_bsp.a(alt_io_redirect.o)
 .data          0x0000000000006b08        0x0 ../nios_vga_bsp/\libhal_bsp.a(alt_irq_entry.o)
 .data          0x0000000000006b08        0x0 ../nios_vga_bsp/\libhal_bsp.a(alt_irq_handler.o)
 .data          0x0000000000006b08        0x0 ../nios_vga_bsp/\libhal_bsp.a(alt_irq_vars.o)
 .data          0x0000000000006b08        0x0 ../nios_vga_bsp/\libhal_bsp.a(alt_open.o)
 .data          0x0000000000006b08        0x0 ../nios_vga_bsp/\libhal_bsp.a(alt_release_fd.o)
 .data          0x0000000000006b08        0x0 ../nios_vga_bsp/\libhal_bsp.a(alt_tick.o)
 .data          0x0000000000006b08        0x0 ../nios_vga_bsp/\libhal_bsp.a(altera_nios2_gen2_irq.o)
 .data          0x0000000000006b08        0x0 ../nios_vga_bsp/\libhal_bsp.a(alt_exception_entry.o)
 .data          0x0000000000006b08        0x0 ../nios_vga_bsp/\libhal_bsp.a(alt_find_dev.o)
 .data          0x0000000000006b08        0x0 ../nios_vga_bsp/\libhal_bsp.a(alt_find_file.o)
 .data          0x0000000000006b08        0x0 ../nios_vga_bsp/\libhal_bsp.a(alt_get_fd.o)
 .data          0x0000000000006b08        0x0 ../nios_vga_bsp/\libhal_bsp.a(alt_instruction_exception_entry.o)
 .data          0x0000000000006b08        0x0 d:/intelfpga_lite/17.0/nios2eds/bin/gnu/h-x86_64-mingw32/bin/../lib/gcc/nios2-elf/5.3.0/../../../../../H-x86_64-mingw32/nios2-elf/lib/mno-hw-mul\libsmallc.a(lib_a-exit.o)
 .data          0x0000000000006b08        0x0 d:/intelfpga_lite/17.0/nios2eds/bin/gnu/h-x86_64-mingw32/bin/../lib/gcc/nios2-elf/5.3.0/../../../../../H-x86_64-mingw32/nios2-elf/lib/mno-hw-mul\libsmallc.a(lib_a-memcmp.o)
 .data          0x0000000000006b08        0x0 d:/intelfpga_lite/17.0/nios2eds/bin/gnu/h-x86_64-mingw32/bin/../lib/gcc/nios2-elf/5.3.0/../../../../../H-x86_64-mingw32/nios2-elf/lib/mno-hw-mul\libsmallc.a(lib_a-__call_atexit.o)
 .data          0x0000000000006b08        0x0 ../nios_vga_bsp/\libhal_bsp.a(alt_exit.o)
                0x000000000000eb08                _gp = ABSOLUTE ((. + 0x8000))
                [!provide]                        PROVIDE (gp, _gp)
 *(.rwdata .rwdata.*)
 *(.sdata .sdata.* .gnu.linkonce.s.*)
 .sdata._global_impure_ptr
                0x0000000000006b08        0x4 d:/intelfpga_lite/17.0/nios2eds/bin/gnu/h-x86_64-mingw32/bin/../lib/gcc/nios2-elf/5.3.0/../../../../../H-x86_64-mingw32/nios2-elf/lib/mno-hw-mul\libsmallc.a(lib_a-impure.o)
                0x0000000000006b08                _global_impure_ptr
 .sdata._impure_ptr
                0x0000000000006b0c        0x4 d:/intelfpga_lite/17.0/nios2eds/bin/gnu/h-x86_64-mingw32/bin/../lib/gcc/nios2-elf/5.3.0/../../../../../H-x86_64-mingw32/nios2-elf/lib/mno-hw-mul\libsmallc.a(lib_a-impure.o)
                0x0000000000006b0c                _impure_ptr
 .sdata         0x0000000000006b10       0x14 ../nios_vga_bsp/\libhal_bsp.a(alt_dev.o)
                0x0000000000006b10                alt_fs_list
                0x0000000000006b18                alt_dev_list
                0x0000000000006b20                alt_max_fd
 .sdata         0x0000000000006b24        0x4 ../nios_vga_bsp/\libhal_bsp.a(alt_errno.o)
                0x0000000000006b24                alt_errno
 .sdata         0x0000000000006b28        0x4 ../nios_vga_bsp/\libhal_bsp.a(alt_irq_vars.o)
                0x0000000000006b28                alt_priority_mask
 .sdata         0x0000000000006b2c        0x8 ../nios_vga_bsp/\libhal_bsp.a(alt_tick.o)
                0x0000000000006b2c                alt_alarm_list
 *(.sdata2 .sdata2.* .gnu.linkonce.s2.*)
                0x0000000000006b34                . = ALIGN (0x4)
                0x0000000000006b34                _edata = ABSOLUTE (.)
                [!provide]                        PROVIDE (edata, ABSOLUTE (.))
                0x0000000000006b34                PROVIDE (__ram_rwdata_end, ABSOLUTE (.))
                0x0000000000006b34                PROVIDE (__flash_rwdata_start, LOADADDR (.rwdata))

.bss            0x0000000000006e14      0x128
                0x0000000000006e14                __bss_start = ABSOLUTE (.)
                [!provide]                        PROVIDE (__sbss_start, ABSOLUTE (.))
                [!provide]                        PROVIDE (___sbss_start, ABSOLUTE (.))
 *(.dynsbss)
 *(.sbss .sbss.* .gnu.linkonce.sb.*)
 .sbss          0x0000000000006e14        0x1 obj/default/count_binary.o
 *fill*         0x0000000000006e15        0x3 
 .sbss          0x0000000000006e18        0x4 obj/default/count_binary.o
                0x0000000000006e18                edge_capture
 .sbss          0x0000000000006e1c        0x4 d:/intelfpga_lite/17.0/nios2eds/bin/gnu/h-x86_64-mingw32/bin/../lib/gcc/nios2-elf/5.3.0/../../../../../H-x86_64-mingw32/nios2-elf/lib/mno-hw-mul\libsmallc.a(lib_a-int_errno.o)
                0x0000000000006e1c                errno
 .sbss          0x0000000000006e20        0xc ../nios_vga_bsp/\libhal_bsp.a(alt_main.o)
                0x0000000000006e20                alt_argc
                0x0000000000006e24                alt_argv
                0x0000000000006e28                alt_envp
 .sbss          0x0000000000006e2c        0x4 ../nios_vga_bsp/\libhal_bsp.a(alt_irq_vars.o)
                0x0000000000006e2c                alt_irq_active
 .sbss          0x0000000000006e30        0x8 ../nios_vga_bsp/\libhal_bsp.a(alt_tick.o)
                0x0000000000006e30                _alt_tick_rate
                0x0000000000006e34                _alt_nticks
 .sbss          0x0000000000006e38        0x4 ../nios_vga_bsp/\libhal_bsp.a(alt_instruction_exception_entry.o)
                0x0000000000006e38                alt_instruction_exception_handler
 *(.sbss2 .sbss2.* .gnu.linkonce.sb2.*)
 *(.scommon)
                [!provide]                        PROVIDE (__sbss_end, ABSOLUTE (.))
                [!provide]                        PROVIDE (___sbss_end, ABSOLUTE (.))
 *(.dynbss)
 *(.bss .bss.* .gnu.linkonce.b.*)
 .bss           0x0000000000006e3c        0x0 ../nios_vga_bsp//obj/HAL/src/crt0.o
 .bss           0x0000000000006e3c        0x0 obj/default/count_binary.o
 .bss           0x0000000000006e3c        0x0 d:/intelfpga_lite/17.0/nios2eds/bin/gnu/h-x86_64-mingw32/bin/../lib/gcc/nios2-elf/5.3.0/../../../../../H-x86_64-mingw32/nios2-elf/lib/mno-hw-mul\libsmallc.a(lib_a-printf.o)
 .bss           0x0000000000006e3c        0x0 d:/intelfpga_lite/17.0/nios2eds/bin/gnu/h-x86_64-mingw32/bin/../lib/gcc/nios2-elf/5.3.0/../../../../../H-x86_64-mingw32/nios2-elf/lib/mno-hw-mul\libsmallc.a(lib_a-puts.o)
 .bss           0x0000000000006e3c        0x0 d:/intelfpga_lite/17.0/nios2eds/bin/gnu/h-x86_64-mingw32/bin/../lib/gcc/nios2-elf/5.3.0/../../../../../H-x86_64-mingw32/nios2-elf/lib/mno-hw-mul\libsmallc.a(lib_a-strlen.o)
 .bss           0x0000000000006e3c        0x0 d:/intelfpga_lite/17.0/nios2eds/bin/gnu/h-x86_64-mingw32/bin/../lib/gcc/nios2-elf/5.3.0/../../../../../H-x86_64-mingw32/nios2-elf/lib/mno-hw-mul\libsmallc.a(lib_a-vfprintf.o)
 .bss           0x0000000000006e3c        0x0 d:/intelfpga_lite/17.0/nios2eds/bin/gnu/h-x86_64-mingw32/bin/../lib/gcc/nios2-elf/5.3.0/../../../../../H-x86_64-mingw32/nios2-elf/lib/mno-hw-mul\libsmallc.a(lib_a-fvwrite_small_dev.o)
 .bss           0x0000000000006e3c        0x0 d:/intelfpga_lite/17.0/nios2eds/bin/gnu/h-x86_64-mingw32/bin/../lib/gcc/nios2-elf/5.3.0/../../../../../H-x86_64-mingw32/nios2-elf/lib/mno-hw-mul\libsmallc.a(lib_a-impure.o)
 .bss           0x0000000000006e3c        0x0 d:/intelfpga_lite/17.0/nios2eds/bin/gnu/h-x86_64-mingw32/bin/../lib/gcc/nios2-elf/5.3.0/../../../../../H-x86_64-mingw32/nios2-elf/lib/mno-hw-mul\libsmallc.a(lib_a-writer.o)
 .bss           0x0000000000006e3c        0x0 d:/intelfpga_lite/17.0/nios2eds/bin/gnu/h-x86_64-mingw32/bin/../lib/gcc/nios2-elf/5.3.0/../../../../../H-x86_64-mingw32/nios2-elf/lib/mno-hw-mul\libsmallc.a(lib_a-int_errno.o)
 .bss           0x0000000000006e3c        0x0 d:/intelfpga_lite/17.0/nios2eds/bin/gnu/h-x86_64-mingw32/bin/../lib/gcc/nios2-elf/5.3.0/mno-hw-mul\libgcc.a(lib2-divmod.o)
 .bss           0x0000000000006e3c        0x0 d:/intelfpga_lite/17.0/nios2eds/bin/gnu/h-x86_64-mingw32/bin/../lib/gcc/nios2-elf/5.3.0/mno-hw-mul\libgcc.a(lib2-mul.o)
 .bss           0x0000000000006e3c        0x0 ../nios_vga_bsp/\libhal_bsp.a(alt_load.o)
 .bss           0x0000000000006e3c        0x0 ../nios_vga_bsp/\libhal_bsp.a(alt_main.o)
 .bss           0x0000000000006e3c        0x0 ../nios_vga_bsp/\libhal_bsp.a(alt_usleep.o)
 .bss           0x0000000000006e3c        0x0 ../nios_vga_bsp/\libhal_bsp.a(alt_write.o)
 .bss           0x0000000000006e3c        0x0 ../nios_vga_bsp/\libhal_bsp.a(alt_sys_init.o)
 .bss           0x0000000000006e3c        0x0 ../nios_vga_bsp/\libhal_bsp.a(altera_avalon_jtag_uart_fd.o)
 .bss           0x0000000000006e3c        0x0 ../nios_vga_bsp/\libhal_bsp.a(altera_avalon_jtag_uart_read.o)
 .bss           0x0000000000006e3c        0x0 ../nios_vga_bsp/\libhal_bsp.a(altera_avalon_jtag_uart_write.o)
 .bss           0x0000000000006e3c        0x0 ../nios_vga_bsp/\libhal_bsp.a(altera_avalon_timer_sc.o)
 .bss           0x0000000000006e3c        0x0 ../nios_vga_bsp/\libhal_bsp.a(alt_busy_sleep.o)
 .bss           0x0000000000006e3c        0x0 ../nios_vga_bsp/\libhal_bsp.a(alt_close.o)
 .bss           0x0000000000006e3c        0x0 ../nios_vga_bsp/\libhal_bsp.a(alt_dcache_flush_all.o)
 .bss           0x0000000000006e3c        0x0 ../nios_vga_bsp/\libhal_bsp.a(alt_dev.o)
 .bss           0x0000000000006e3c        0x0 ../nios_vga_bsp/\libhal_bsp.a(alt_dev_llist_insert.o)
 .bss           0x0000000000006e3c        0x0 ../nios_vga_bsp/\libhal_bsp.a(alt_errno.o)
 .bss           0x0000000000006e3c        0x0 ../nios_vga_bsp/\libhal_bsp.a(alt_icache_flush_all.o)
 .bss           0x0000000000006e3c        0x0 ../nios_vga_bsp/\libhal_bsp.a(alt_iic.o)
 .bss           0x0000000000006e3c        0x0 ../nios_vga_bsp/\libhal_bsp.a(alt_iic_isr_register.o)
 .bss           0x0000000000006e3c        0x0 ../nios_vga_bsp/\libhal_bsp.a(alt_io_redirect.o)
 .bss           0x0000000000006e3c        0x0 ../nios_vga_bsp/\libhal_bsp.a(alt_irq_entry.o)
 .bss           0x0000000000006e3c        0x0 ../nios_vga_bsp/\libhal_bsp.a(alt_irq_handler.o)
 .bss           0x0000000000006e3c        0x0 ../nios_vga_bsp/\libhal_bsp.a(alt_irq_vars.o)
 .bss           0x0000000000006e3c        0x0 ../nios_vga_bsp/\libhal_bsp.a(alt_open.o)
 .bss           0x0000000000006e3c        0x0 ../nios_vga_bsp/\libhal_bsp.a(alt_release_fd.o)
 .bss           0x0000000000006e3c        0x0 ../nios_vga_bsp/\libhal_bsp.a(alt_tick.o)
 .bss           0x0000000000006e3c        0x0 ../nios_vga_bsp/\libhal_bsp.a(altera_nios2_gen2_irq.o)
 .bss           0x0000000000006e3c        0x0 ../nios_vga_bsp/\libhal_bsp.a(alt_exception_entry.o)
 .bss           0x0000000000006e3c        0x0 ../nios_vga_bsp/\libhal_bsp.a(alt_find_dev.o)
 .bss           0x0000000000006e3c        0x0 ../nios_vga_bsp/\libhal_bsp.a(alt_find_file.o)
 .bss           0x0000000000006e3c        0x0 ../nios_vga_bsp/\libhal_bsp.a(alt_get_fd.o)
 .bss           0x0000000000006e3c        0x0 ../nios_vga_bsp/\libhal_bsp.a(alt_instruction_exception_entry.o)
 .bss           0x0000000000006e3c        0x0 d:/intelfpga_lite/17.0/nios2eds/bin/gnu/h-x86_64-mingw32/bin/../lib/gcc/nios2-elf/5.3.0/../../../../../H-x86_64-mingw32/nios2-elf/lib/mno-hw-mul\libsmallc.a(lib_a-exit.o)
 .bss           0x0000000000006e3c        0x0 d:/intelfpga_lite/17.0/nios2eds/bin/gnu/h-x86_64-mingw32/bin/../lib/gcc/nios2-elf/5.3.0/../../../../../H-x86_64-mingw32/nios2-elf/lib/mno-hw-mul\libsmallc.a(lib_a-memcmp.o)
 .bss           0x0000000000006e3c        0x0 d:/intelfpga_lite/17.0/nios2eds/bin/gnu/h-x86_64-mingw32/bin/../lib/gcc/nios2-elf/5.3.0/../../../../../H-x86_64-mingw32/nios2-elf/lib/mno-hw-mul\libsmallc.a(lib_a-__call_atexit.o)
 .bss           0x0000000000006e3c        0x0 ../nios_vga_bsp/\libhal_bsp.a(alt_exit.o)
 *(COMMON)
 COMMON         0x0000000000006e3c      0x100 ../nios_vga_bsp/\libhal_bsp.a(alt_irq_handler.o)
                0x0000000000006e3c                alt_irq
                0x0000000000006f3c                . = ALIGN (0x4)
                0x0000000000006f3c                __bss_end = ABSOLUTE (.)

.onchip_memory2_0
                0x0000000000006f3c        0x0
                [!provide]                        PROVIDE (_alt_partition_onchip_memory2_0_start, ABSOLUTE (.))
 *(.onchip_memory2_0 .onchip_memory2_0. onchip_memory2_0.*)
                0x0000000000006f3c                . = ALIGN (0x4)
                [!provide]                        PROVIDE (_alt_partition_onchip_memory2_0_end, ABSOLUTE (.))
                0x0000000000006f3c                _end = ABSOLUTE (.)
                0x0000000000006f3c                end = ABSOLUTE (.)
                0x0000000000006f3c                __alt_stack_base = ABSOLUTE (.)
                [!provide]                        PROVIDE (_alt_partition_onchip_memory2_0_load_addr, LOADADDR (.onchip_memory2_0))

.stab
 *(.stab)

.stabstr
 *(.stabstr)

.stab.excl
 *(.stab.excl)

.stab.exclstr
 *(.stab.exclstr)

.stab.index
 *(.stab.index)

.stab.indexstr
 *(.stab.indexstr)

.comment        0x0000000000000000       0x23
 *(.comment)
 .comment       0x0000000000000000       0x23 obj/default/count_binary.o
                                         0x24 (size before relaxing)
 .comment       0x0000000000000023       0x24 d:/intelfpga_lite/17.0/nios2eds/bin/gnu/h-x86_64-mingw32/bin/../lib/gcc/nios2-elf/5.3.0/../../../../../H-x86_64-mingw32/nios2-elf/lib/mno-hw-mul\libsmallc.a(lib_a-printf.o)
 .comment       0x0000000000000023       0x24 d:/intelfpga_lite/17.0/nios2eds/bin/gnu/h-x86_64-mingw32/bin/../lib/gcc/nios2-elf/5.3.0/../../../../../H-x86_64-mingw32/nios2-elf/lib/mno-hw-mul\libsmallc.a(lib_a-puts.o)
 .comment       0x0000000000000023       0x24 d:/intelfpga_lite/17.0/nios2eds/bin/gnu/h-x86_64-mingw32/bin/../lib/gcc/nios2-elf/5.3.0/../../../../../H-x86_64-mingw32/nios2-elf/lib/mno-hw-mul\libsmallc.a(lib_a-strlen.o)
 .comment       0x0000000000000023       0x24 d:/intelfpga_lite/17.0/nios2eds/bin/gnu/h-x86_64-mingw32/bin/../lib/gcc/nios2-elf/5.3.0/../../../../../H-x86_64-mingw32/nios2-elf/lib/mno-hw-mul\libsmallc.a(lib_a-vfprintf.o)
 .comment       0x0000000000000023       0x24 d:/intelfpga_lite/17.0/nios2eds/bin/gnu/h-x86_64-mingw32/bin/../lib/gcc/nios2-elf/5.3.0/../../../../../H-x86_64-mingw32/nios2-elf/lib/mno-hw-mul\libsmallc.a(lib_a-fvwrite_small_dev.o)
 .comment       0x0000000000000023       0x24 d:/intelfpga_lite/17.0/nios2eds/bin/gnu/h-x86_64-mingw32/bin/../lib/gcc/nios2-elf/5.3.0/../../../../../H-x86_64-mingw32/nios2-elf/lib/mno-hw-mul\libsmallc.a(lib_a-impure.o)
 .comment       0x0000000000000023       0x24 d:/intelfpga_lite/17.0/nios2eds/bin/gnu/h-x86_64-mingw32/bin/../lib/gcc/nios2-elf/5.3.0/../../../../../H-x86_64-mingw32/nios2-elf/lib/mno-hw-mul\libsmallc.a(lib_a-writer.o)
 .comment       0x0000000000000023       0x24 d:/intelfpga_lite/17.0/nios2eds/bin/gnu/h-x86_64-mingw32/bin/../lib/gcc/nios2-elf/5.3.0/../../../../../H-x86_64-mingw32/nios2-elf/lib/mno-hw-mul\libsmallc.a(lib_a-int_errno.o)
 .comment       0x0000000000000023       0x24 d:/intelfpga_lite/17.0/nios2eds/bin/gnu/h-x86_64-mingw32/bin/../lib/gcc/nios2-elf/5.3.0/mno-hw-mul\libgcc.a(lib2-divmod.o)
 .comment       0x0000000000000023       0x24 d:/intelfpga_lite/17.0/nios2eds/bin/gnu/h-x86_64-mingw32/bin/../lib/gcc/nios2-elf/5.3.0/mno-hw-mul\libgcc.a(lib2-mul.o)
 .comment       0x0000000000000023       0x24 ../nios_vga_bsp/\libhal_bsp.a(alt_load.o)
 .comment       0x0000000000000023       0x24 ../nios_vga_bsp/\libhal_bsp.a(alt_main.o)
 .comment       0x0000000000000023       0x24 ../nios_vga_bsp/\libhal_bsp.a(alt_usleep.o)
 .comment       0x0000000000000023       0x24 ../nios_vga_bsp/\libhal_bsp.a(alt_write.o)
 .comment       0x0000000000000023       0x24 ../nios_vga_bsp/\libhal_bsp.a(alt_sys_init.o)
 .comment       0x0000000000000023       0x24 ../nios_vga_bsp/\libhal_bsp.a(altera_avalon_jtag_uart_fd.o)
 .comment       0x0000000000000023       0x24 ../nios_vga_bsp/\libhal_bsp.a(altera_avalon_jtag_uart_read.o)
 .comment       0x0000000000000023       0x24 ../nios_vga_bsp/\libhal_bsp.a(altera_avalon_jtag_uart_write.o)
 .comment       0x0000000000000023       0x24 ../nios_vga_bsp/\libhal_bsp.a(altera_avalon_timer_sc.o)
 .comment       0x0000000000000023       0x24 ../nios_vga_bsp/\libhal_bsp.a(alt_busy_sleep.o)
 .comment       0x0000000000000023       0x24 ../nios_vga_bsp/\libhal_bsp.a(alt_close.o)
 .comment       0x0000000000000023       0x24 ../nios_vga_bsp/\libhal_bsp.a(alt_dcache_flush_all.o)
 .comment       0x0000000000000023       0x24 ../nios_vga_bsp/\libhal_bsp.a(alt_dev.o)
 .comment       0x0000000000000023       0x24 ../nios_vga_bsp/\libhal_bsp.a(alt_dev_llist_insert.o)
 .comment       0x0000000000000023       0x24 ../nios_vga_bsp/\libhal_bsp.a(alt_errno.o)
 .comment       0x0000000000000023       0x24 ../nios_vga_bsp/\libhal_bsp.a(alt_icache_flush_all.o)
 .comment       0x0000000000000023       0x24 ../nios_vga_bsp/\libhal_bsp.a(alt_iic.o)
 .comment       0x0000000000000023       0x24 ../nios_vga_bsp/\libhal_bsp.a(alt_iic_isr_register.o)
 .comment       0x0000000000000023       0x24 ../nios_vga_bsp/\libhal_bsp.a(alt_io_redirect.o)
 .comment       0x0000000000000023       0x24 ../nios_vga_bsp/\libhal_bsp.a(alt_irq_handler.o)
 .comment       0x0000000000000023       0x24 ../nios_vga_bsp/\libhal_bsp.a(alt_irq_vars.o)
 .comment       0x0000000000000023       0x24 ../nios_vga_bsp/\libhal_bsp.a(alt_open.o)
 .comment       0x0000000000000023       0x24 ../nios_vga_bsp/\libhal_bsp.a(alt_release_fd.o)
 .comment       0x0000000000000023       0x24 ../nios_vga_bsp/\libhal_bsp.a(alt_tick.o)
 .comment       0x0000000000000023       0x24 ../nios_vga_bsp/\libhal_bsp.a(altera_nios2_gen2_irq.o)
 .comment       0x0000000000000023       0x24 ../nios_vga_bsp/\libhal_bsp.a(alt_find_dev.o)
 .comment       0x0000000000000023       0x24 ../nios_vga_bsp/\libhal_bsp.a(alt_find_file.o)
 .comment       0x0000000000000023       0x24 ../nios_vga_bsp/\libhal_bsp.a(alt_get_fd.o)
 .comment       0x0000000000000023       0x24 ../nios_vga_bsp/\libhal_bsp.a(alt_instruction_exception_entry.o)
 .comment       0x0000000000000023       0x24 d:/intelfpga_lite/17.0/nios2eds/bin/gnu/h-x86_64-mingw32/bin/../lib/gcc/nios2-elf/5.3.0/../../../../../H-x86_64-mingw32/nios2-elf/lib/mno-hw-mul\libsmallc.a(lib_a-exit.o)
 .comment       0x0000000000000023       0x24 d:/intelfpga_lite/17.0/nios2eds/bin/gnu/h-x86_64-mingw32/bin/../lib/gcc/nios2-elf/5.3.0/../../../../../H-x86_64-mingw32/nios2-elf/lib/mno-hw-mul\libsmallc.a(lib_a-memcmp.o)
 .comment       0x0000000000000023       0x24 d:/intelfpga_lite/17.0/nios2eds/bin/gnu/h-x86_64-mingw32/bin/../lib/gcc/nios2-elf/5.3.0/../../../../../H-x86_64-mingw32/nios2-elf/lib/mno-hw-mul\libsmallc.a(lib_a-__call_atexit.o)
 .comment       0x0000000000000023       0x24 ../nios_vga_bsp/\libhal_bsp.a(alt_exit.o)

.debug
 *(.debug)

.line
 *(.line)

.debug_srcinfo
 *(.debug_srcinfo)

.debug_sfnames
 *(.debug_sfnames)

.debug_aranges  0x0000000000000000      0x618
 *(.debug_aranges)
 .debug_aranges
                0x0000000000000000       0x28 ../nios_vga_bsp//obj/HAL/src/crt0.o
 .debug_aranges
                0x0000000000000028       0x20 obj/default/count_binary.o
 .debug_aranges
                0x0000000000000048       0x28 d:/intelfpga_lite/17.0/nios2eds/bin/gnu/h-x86_64-mingw32/bin/../lib/gcc/nios2-elf/5.3.0/../../../../../H-x86_64-mingw32/nios2-elf/lib/mno-hw-mul\libsmallc.a(lib_a-printf.o)
 .debug_aranges
                0x0000000000000070       0x28 d:/intelfpga_lite/17.0/nios2eds/bin/gnu/h-x86_64-mingw32/bin/../lib/gcc/nios2-elf/5.3.0/../../../../../H-x86_64-mingw32/nios2-elf/lib/mno-hw-mul\libsmallc.a(lib_a-puts.o)
 .debug_aranges
                0x0000000000000098       0x20 d:/intelfpga_lite/17.0/nios2eds/bin/gnu/h-x86_64-mingw32/bin/../lib/gcc/nios2-elf/5.3.0/../../../../../H-x86_64-mingw32/nios2-elf/lib/mno-hw-mul\libsmallc.a(lib_a-strlen.o)
 .debug_aranges
                0x00000000000000b8       0x30 d:/intelfpga_lite/17.0/nios2eds/bin/gnu/h-x86_64-mingw32/bin/../lib/gcc/nios2-elf/5.3.0/../../../../../H-x86_64-mingw32/nios2-elf/lib/mno-hw-mul\libsmallc.a(lib_a-vfprintf.o)
 .debug_aranges
                0x00000000000000e8       0x20 d:/intelfpga_lite/17.0/nios2eds/bin/gnu/h-x86_64-mingw32/bin/../lib/gcc/nios2-elf/5.3.0/../../../../../H-x86_64-mingw32/nios2-elf/lib/mno-hw-mul\libsmallc.a(lib_a-fvwrite_small_dev.o)
 .debug_aranges
                0x0000000000000108       0x18 d:/intelfpga_lite/17.0/nios2eds/bin/gnu/h-x86_64-mingw32/bin/../lib/gcc/nios2-elf/5.3.0/../../../../../H-x86_64-mingw32/nios2-elf/lib/mno-hw-mul\libsmallc.a(lib_a-impure.o)
 .debug_aranges
                0x0000000000000120       0x20 d:/intelfpga_lite/17.0/nios2eds/bin/gnu/h-x86_64-mingw32/bin/../lib/gcc/nios2-elf/5.3.0/../../../../../H-x86_64-mingw32/nios2-elf/lib/mno-hw-mul\libsmallc.a(lib_a-writer.o)
 .debug_aranges
                0x0000000000000140       0x18 d:/intelfpga_lite/17.0/nios2eds/bin/gnu/h-x86_64-mingw32/bin/../lib/gcc/nios2-elf/5.3.0/../../../../../H-x86_64-mingw32/nios2-elf/lib/mno-hw-mul\libsmallc.a(lib_a-int_errno.o)
 .debug_aranges
                0x0000000000000158       0x20 d:/intelfpga_lite/17.0/nios2eds/bin/gnu/h-x86_64-mingw32/bin/../lib/gcc/nios2-elf/5.3.0/mno-hw-mul\libgcc.a(lib2-divmod.o)
 .debug_aranges
                0x0000000000000178       0x20 d:/intelfpga_lite/17.0/nios2eds/bin/gnu/h-x86_64-mingw32/bin/../lib/gcc/nios2-elf/5.3.0/mno-hw-mul\libgcc.a(lib2-mul.o)
 .debug_aranges
                0x0000000000000198       0x20 ../nios_vga_bsp/\libhal_bsp.a(alt_load.o)
 .debug_aranges
                0x00000000000001b8       0x20 ../nios_vga_bsp/\libhal_bsp.a(alt_main.o)
 .debug_aranges
                0x00000000000001d8       0x20 ../nios_vga_bsp/\libhal_bsp.a(alt_usleep.o)
 .debug_aranges
                0x00000000000001f8       0x20 ../nios_vga_bsp/\libhal_bsp.a(alt_write.o)
 .debug_aranges
                0x0000000000000218       0x20 ../nios_vga_bsp/\libhal_bsp.a(alt_sys_init.o)
 .debug_aranges
                0x0000000000000238       0x20 ../nios_vga_bsp/\libhal_bsp.a(altera_avalon_jtag_uart_fd.o)
 .debug_aranges
                0x0000000000000258       0x20 ../nios_vga_bsp/\libhal_bsp.a(altera_avalon_jtag_uart_read.o)
 .debug_aranges
                0x0000000000000278       0x20 ../nios_vga_bsp/\libhal_bsp.a(altera_avalon_jtag_uart_write.o)
 .debug_aranges
                0x0000000000000298       0x20 ../nios_vga_bsp/\libhal_bsp.a(altera_avalon_timer_sc.o)
 .debug_aranges
                0x00000000000002b8       0x20 ../nios_vga_bsp/\libhal_bsp.a(alt_busy_sleep.o)
 .debug_aranges
                0x00000000000002d8       0x20 ../nios_vga_bsp/\libhal_bsp.a(alt_close.o)
 .debug_aranges
                0x00000000000002f8       0x20 ../nios_vga_bsp/\libhal_bsp.a(alt_dcache_flush_all.o)
 .debug_aranges
                0x0000000000000318       0x20 ../nios_vga_bsp/\libhal_bsp.a(alt_dev.o)
 .debug_aranges
                0x0000000000000338       0x20 ../nios_vga_bsp/\libhal_bsp.a(alt_dev_llist_insert.o)
 .debug_aranges
                0x0000000000000358       0x18 ../nios_vga_bsp/\libhal_bsp.a(alt_errno.o)
 .debug_aranges
                0x0000000000000370       0x20 ../nios_vga_bsp/\libhal_bsp.a(alt_icache_flush_all.o)
 .debug_aranges
                0x0000000000000390       0x20 ../nios_vga_bsp/\libhal_bsp.a(alt_iic.o)
 .debug_aranges
                0x00000000000003b0       0x20 ../nios_vga_bsp/\libhal_bsp.a(alt_iic_isr_register.o)
 .debug_aranges
                0x00000000000003d0       0x20 ../nios_vga_bsp/\libhal_bsp.a(alt_io_redirect.o)
 .debug_aranges
                0x00000000000003f0       0x30 ../nios_vga_bsp/\libhal_bsp.a(alt_irq_entry.o)
 .debug_aranges
                0x0000000000000420       0x20 ../nios_vga_bsp/\libhal_bsp.a(alt_irq_handler.o)
 .debug_aranges
                0x0000000000000440       0x18 ../nios_vga_bsp/\libhal_bsp.a(alt_irq_vars.o)
 .debug_aranges
                0x0000000000000458       0x20 ../nios_vga_bsp/\libhal_bsp.a(alt_open.o)
 .debug_aranges
                0x0000000000000478       0x20 ../nios_vga_bsp/\libhal_bsp.a(alt_release_fd.o)
 .debug_aranges
                0x0000000000000498       0x20 ../nios_vga_bsp/\libhal_bsp.a(alt_tick.o)
 .debug_aranges
                0x00000000000004b8       0x20 ../nios_vga_bsp/\libhal_bsp.a(altera_nios2_gen2_irq.o)
 .debug_aranges
                0x00000000000004d8       0x38 ../nios_vga_bsp/\libhal_bsp.a(alt_exception_entry.o)
 .debug_aranges
                0x0000000000000510       0x20 ../nios_vga_bsp/\libhal_bsp.a(alt_find_dev.o)
 .debug_aranges
                0x0000000000000530       0x20 ../nios_vga_bsp/\libhal_bsp.a(alt_find_file.o)
 .debug_aranges
                0x0000000000000550       0x20 ../nios_vga_bsp/\libhal_bsp.a(alt_get_fd.o)
 .debug_aranges
                0x0000000000000570       0x28 ../nios_vga_bsp/\libhal_bsp.a(alt_instruction_exception_entry.o)
 .debug_aranges
                0x0000000000000598       0x20 d:/intelfpga_lite/17.0/nios2eds/bin/gnu/h-x86_64-mingw32/bin/../lib/gcc/nios2-elf/5.3.0/../../../../../H-x86_64-mingw32/nios2-elf/lib/mno-hw-mul\libsmallc.a(lib_a-exit.o)
 .debug_aranges
                0x00000000000005b8       0x20 d:/intelfpga_lite/17.0/nios2eds/bin/gnu/h-x86_64-mingw32/bin/../lib/gcc/nios2-elf/5.3.0/../../../../../H-x86_64-mingw32/nios2-elf/lib/mno-hw-mul\libsmallc.a(lib_a-memcmp.o)
 .debug_aranges
                0x00000000000005d8       0x20 d:/intelfpga_lite/17.0/nios2eds/bin/gnu/h-x86_64-mingw32/bin/../lib/gcc/nios2-elf/5.3.0/../../../../../H-x86_64-mingw32/nios2-elf/lib/mno-hw-mul\libsmallc.a(lib_a-__call_atexit.o)
 .debug_aranges
                0x00000000000005f8       0x20 ../nios_vga_bsp/\libhal_bsp.a(alt_exit.o)

.debug_pubnames
 *(.debug_pubnames)

.debug_info     0x0000000000000000     0x8473
 *(.debug_info .gnu.linkonce.wi.*)
 .debug_info    0x0000000000000000       0x5d ../nios_vga_bsp//obj/HAL/src/crt0.o
 .debug_info    0x000000000000005d      0x9dc obj/default/count_binary.o
 .debug_info    0x0000000000000a39      0x699 d:/intelfpga_lite/17.0/nios2eds/bin/gnu/h-x86_64-mingw32/bin/../lib/gcc/nios2-elf/5.3.0/../../../../../H-x86_64-mingw32/nios2-elf/lib/mno-hw-mul\libsmallc.a(lib_a-printf.o)
 .debug_info    0x00000000000010d2      0x66d d:/intelfpga_lite/17.0/nios2eds/bin/gnu/h-x86_64-mingw32/bin/../lib/gcc/nios2-elf/5.3.0/../../../../../H-x86_64-mingw32/nios2-elf/lib/mno-hw-mul\libsmallc.a(lib_a-puts.o)
 .debug_info    0x000000000000173f       0xc9 d:/intelfpga_lite/17.0/nios2eds/bin/gnu/h-x86_64-mingw32/bin/../lib/gcc/nios2-elf/5.3.0/../../../../../H-x86_64-mingw32/nios2-elf/lib/mno-hw-mul\libsmallc.a(lib_a-strlen.o)
 .debug_info    0x0000000000001808      0xb2b d:/intelfpga_lite/17.0/nios2eds/bin/gnu/h-x86_64-mingw32/bin/../lib/gcc/nios2-elf/5.3.0/../../../../../H-x86_64-mingw32/nios2-elf/lib/mno-hw-mul\libsmallc.a(lib_a-vfprintf.o)
 .debug_info    0x0000000000002333      0x62b d:/intelfpga_lite/17.0/nios2eds/bin/gnu/h-x86_64-mingw32/bin/../lib/gcc/nios2-elf/5.3.0/../../../../../H-x86_64-mingw32/nios2-elf/lib/mno-hw-mul\libsmallc.a(lib_a-fvwrite_small_dev.o)
 .debug_info    0x000000000000295e      0x5a9 d:/intelfpga_lite/17.0/nios2eds/bin/gnu/h-x86_64-mingw32/bin/../lib/gcc/nios2-elf/5.3.0/../../../../../H-x86_64-mingw32/nios2-elf/lib/mno-hw-mul\libsmallc.a(lib_a-impure.o)
 .debug_info    0x0000000000002f07      0x630 d:/intelfpga_lite/17.0/nios2eds/bin/gnu/h-x86_64-mingw32/bin/../lib/gcc/nios2-elf/5.3.0/../../../../../H-x86_64-mingw32/nios2-elf/lib/mno-hw-mul\libsmallc.a(lib_a-writer.o)
 .debug_info    0x0000000000003537       0x8a d:/intelfpga_lite/17.0/nios2eds/bin/gnu/h-x86_64-mingw32/bin/../lib/gcc/nios2-elf/5.3.0/../../../../../H-x86_64-mingw32/nios2-elf/lib/mno-hw-mul\libsmallc.a(lib_a-int_errno.o)
 .debug_info    0x00000000000035c1      0x2c6 d:/intelfpga_lite/17.0/nios2eds/bin/gnu/h-x86_64-mingw32/bin/../lib/gcc/nios2-elf/5.3.0/mno-hw-mul\libgcc.a(lib2-divmod.o)
 .debug_info    0x0000000000003887       0xb4 d:/intelfpga_lite/17.0/nios2eds/bin/gnu/h-x86_64-mingw32/bin/../lib/gcc/nios2-elf/5.3.0/mno-hw-mul\libgcc.a(lib2-mul.o)
 .debug_info    0x000000000000393b      0x145 ../nios_vga_bsp/\libhal_bsp.a(alt_load.o)
 .debug_info    0x0000000000003a80      0x131 ../nios_vga_bsp/\libhal_bsp.a(alt_main.o)
 .debug_info    0x0000000000003bb1       0xb0 ../nios_vga_bsp/\libhal_bsp.a(alt_usleep.o)
 .debug_info    0x0000000000003c61      0x4b7 ../nios_vga_bsp/\libhal_bsp.a(alt_write.o)
 .debug_info    0x0000000000004118      0x3df ../nios_vga_bsp/\libhal_bsp.a(alt_sys_init.o)
 .debug_info    0x00000000000044f7      0x3a7 ../nios_vga_bsp/\libhal_bsp.a(altera_avalon_jtag_uart_fd.o)
 .debug_info    0x000000000000489e      0x1b2 ../nios_vga_bsp/\libhal_bsp.a(altera_avalon_jtag_uart_read.o)
 .debug_info    0x0000000000004a50      0x195 ../nios_vga_bsp/\libhal_bsp.a(altera_avalon_jtag_uart_write.o)
 .debug_info    0x0000000000004be5      0x226 ../nios_vga_bsp/\libhal_bsp.a(altera_avalon_timer_sc.o)
 .debug_info    0x0000000000004e0b       0xd7 ../nios_vga_bsp/\libhal_bsp.a(alt_busy_sleep.o)
 .debug_info    0x0000000000004ee2      0x321 ../nios_vga_bsp/\libhal_bsp.a(alt_close.o)
 .debug_info    0x0000000000005203       0x92 ../nios_vga_bsp/\libhal_bsp.a(alt_dcache_flush_all.o)
 .debug_info    0x0000000000005295      0x49c ../nios_vga_bsp/\libhal_bsp.a(alt_dev.o)
 .debug_info    0x0000000000005731      0x1a9 ../nios_vga_bsp/\libhal_bsp.a(alt_dev_llist_insert.o)
 .debug_info    0x00000000000058da       0xa6 ../nios_vga_bsp/\libhal_bsp.a(alt_errno.o)
 .debug_info    0x0000000000005980       0x92 ../nios_vga_bsp/\libhal_bsp.a(alt_icache_flush_all.o)
 .debug_info    0x0000000000005a12      0x350 ../nios_vga_bsp/\libhal_bsp.a(alt_iic.o)
 .debug_info    0x0000000000005d62      0x1ef ../nios_vga_bsp/\libhal_bsp.a(alt_iic_isr_register.o)
 .debug_info    0x0000000000005f51      0x4a5 ../nios_vga_bsp/\libhal_bsp.a(alt_io_redirect.o)
 .debug_info    0x00000000000063f6       0x66 ../nios_vga_bsp/\libhal_bsp.a(alt_irq_entry.o)
 .debug_info    0x000000000000645c      0x187 ../nios_vga_bsp/\libhal_bsp.a(alt_irq_handler.o)
 .debug_info    0x00000000000065e3       0x88 ../nios_vga_bsp/\libhal_bsp.a(alt_irq_vars.o)
 .debug_info    0x000000000000666b      0x3bb ../nios_vga_bsp/\libhal_bsp.a(alt_open.o)
 .debug_info    0x0000000000006a26      0x2b0 ../nios_vga_bsp/\libhal_bsp.a(alt_release_fd.o)
 .debug_info    0x0000000000006cd6      0x299 ../nios_vga_bsp/\libhal_bsp.a(alt_tick.o)
 .debug_info    0x0000000000006f6f       0x92 ../nios_vga_bsp/\libhal_bsp.a(altera_nios2_gen2_irq.o)
 .debug_info    0x0000000000007001       0x6c ../nios_vga_bsp/\libhal_bsp.a(alt_exception_entry.o)
 .debug_info    0x000000000000706d      0x2e9 ../nios_vga_bsp/\libhal_bsp.a(alt_find_dev.o)
 .debug_info    0x0000000000007356      0x2e6 ../nios_vga_bsp/\libhal_bsp.a(alt_find_file.o)
 .debug_info    0x000000000000763c      0x310 ../nios_vga_bsp/\libhal_bsp.a(alt_get_fd.o)
 .debug_info    0x000000000000794c      0x1e7 ../nios_vga_bsp/\libhal_bsp.a(alt_instruction_exception_entry.o)
 .debug_info    0x0000000000007b33       0xe5 d:/intelfpga_lite/17.0/nios2eds/bin/gnu/h-x86_64-mingw32/bin/../lib/gcc/nios2-elf/5.3.0/../../../../../H-x86_64-mingw32/nios2-elf/lib/mno-hw-mul\libsmallc.a(lib_a-exit.o)
 .debug_info    0x0000000000007c18       0xf4 d:/intelfpga_lite/17.0/nios2eds/bin/gnu/h-x86_64-mingw32/bin/../lib/gcc/nios2-elf/5.3.0/../../../../../H-x86_64-mingw32/nios2-elf/lib/mno-hw-mul\libsmallc.a(lib_a-memcmp.o)
 .debug_info    0x0000000000007d0c      0x67b d:/intelfpga_lite/17.0/nios2eds/bin/gnu/h-x86_64-mingw32/bin/../lib/gcc/nios2-elf/5.3.0/../../../../../H-x86_64-mingw32/nios2-elf/lib/mno-hw-mul\libsmallc.a(lib_a-__call_atexit.o)
 .debug_info    0x0000000000008387       0xec ../nios_vga_bsp/\libhal_bsp.a(alt_exit.o)

.debug_abbrev   0x0000000000000000     0x2cf5
 *(.debug_abbrev)
 .debug_abbrev  0x0000000000000000       0x12 ../nios_vga_bsp//obj/HAL/src/crt0.o
 .debug_abbrev  0x0000000000000012      0x264 obj/default/count_binary.o
 .debug_abbrev  0x0000000000000276      0x1ee d:/intelfpga_lite/17.0/nios2eds/bin/gnu/h-x86_64-mingw32/bin/../lib/gcc/nios2-elf/5.3.0/../../../../../H-x86_64-mingw32/nios2-elf/lib/mno-hw-mul\libsmallc.a(lib_a-printf.o)
 .debug_abbrev  0x0000000000000464      0x1d6 d:/intelfpga_lite/17.0/nios2eds/bin/gnu/h-x86_64-mingw32/bin/../lib/gcc/nios2-elf/5.3.0/../../../../../H-x86_64-mingw32/nios2-elf/lib/mno-hw-mul\libsmallc.a(lib_a-puts.o)
 .debug_abbrev  0x000000000000063a       0x7f d:/intelfpga_lite/17.0/nios2eds/bin/gnu/h-x86_64-mingw32/bin/../lib/gcc/nios2-elf/5.3.0/../../../../../H-x86_64-mingw32/nios2-elf/lib/mno-hw-mul\libsmallc.a(lib_a-strlen.o)
 .debug_abbrev  0x00000000000006b9      0x2a1 d:/intelfpga_lite/17.0/nios2eds/bin/gnu/h-x86_64-mingw32/bin/../lib/gcc/nios2-elf/5.3.0/../../../../../H-x86_64-mingw32/nios2-elf/lib/mno-hw-mul\libsmallc.a(lib_a-vfprintf.o)
 .debug_abbrev  0x000000000000095a      0x1bc d:/intelfpga_lite/17.0/nios2eds/bin/gnu/h-x86_64-mingw32/bin/../lib/gcc/nios2-elf/5.3.0/../../../../../H-x86_64-mingw32/nios2-elf/lib/mno-hw-mul\libsmallc.a(lib_a-fvwrite_small_dev.o)
 .debug_abbrev  0x0000000000000b16      0x14a d:/intelfpga_lite/17.0/nios2eds/bin/gnu/h-x86_64-mingw32/bin/../lib/gcc/nios2-elf/5.3.0/../../../../../H-x86_64-mingw32/nios2-elf/lib/mno-hw-mul\libsmallc.a(lib_a-impure.o)
 .debug_abbrev  0x0000000000000c60      0x1a6 d:/intelfpga_lite/17.0/nios2eds/bin/gnu/h-x86_64-mingw32/bin/../lib/gcc/nios2-elf/5.3.0/../../../../../H-x86_64-mingw32/nios2-elf/lib/mno-hw-mul\libsmallc.a(lib_a-writer.o)
 .debug_abbrev  0x0000000000000e06       0x37 d:/intelfpga_lite/17.0/nios2eds/bin/gnu/h-x86_64-mingw32/bin/../lib/gcc/nios2-elf/5.3.0/../../../../../H-x86_64-mingw32/nios2-elf/lib/mno-hw-mul\libsmallc.a(lib_a-int_errno.o)
 .debug_abbrev  0x0000000000000e3d      0x10e d:/intelfpga_lite/17.0/nios2eds/bin/gnu/h-x86_64-mingw32/bin/../lib/gcc/nios2-elf/5.3.0/mno-hw-mul\libgcc.a(lib2-divmod.o)
 .debug_abbrev  0x0000000000000f4b       0x6f d:/intelfpga_lite/17.0/nios2eds/bin/gnu/h-x86_64-mingw32/bin/../lib/gcc/nios2-elf/5.3.0/mno-hw-mul\libgcc.a(lib2-mul.o)
 .debug_abbrev  0x0000000000000fba       0x9f ../nios_vga_bsp/\libhal_bsp.a(alt_load.o)
 .debug_abbrev  0x0000000000001059       0xba ../nios_vga_bsp/\libhal_bsp.a(alt_main.o)
 .debug_abbrev  0x0000000000001113       0x60 ../nios_vga_bsp/\libhal_bsp.a(alt_usleep.o)
 .debug_abbrev  0x0000000000001173      0x133 ../nios_vga_bsp/\libhal_bsp.a(alt_write.o)
 .debug_abbrev  0x00000000000012a6      0x157 ../nios_vga_bsp/\libhal_bsp.a(alt_sys_init.o)
 .debug_abbrev  0x00000000000013fd       0xf7 ../nios_vga_bsp/\libhal_bsp.a(altera_avalon_jtag_uart_fd.o)
 .debug_abbrev  0x00000000000014f4       0xd5 ../nios_vga_bsp/\libhal_bsp.a(altera_avalon_jtag_uart_read.o)
 .debug_abbrev  0x00000000000015c9       0xd5 ../nios_vga_bsp/\libhal_bsp.a(altera_avalon_jtag_uart_write.o)
 .debug_abbrev  0x000000000000169e      0x155 ../nios_vga_bsp/\libhal_bsp.a(altera_avalon_timer_sc.o)
 .debug_abbrev  0x00000000000017f3       0x7e ../nios_vga_bsp/\libhal_bsp.a(alt_busy_sleep.o)
 .debug_abbrev  0x0000000000001871      0x11f ../nios_vga_bsp/\libhal_bsp.a(alt_close.o)
 .debug_abbrev  0x0000000000001990       0x42 ../nios_vga_bsp/\libhal_bsp.a(alt_dcache_flush_all.o)
 .debug_abbrev  0x00000000000019d2       0xd9 ../nios_vga_bsp/\libhal_bsp.a(alt_dev.o)
 .debug_abbrev  0x0000000000001aab      0x114 ../nios_vga_bsp/\libhal_bsp.a(alt_dev_llist_insert.o)
 .debug_abbrev  0x0000000000001bbf       0x5a ../nios_vga_bsp/\libhal_bsp.a(alt_errno.o)
 .debug_abbrev  0x0000000000001c19       0x42 ../nios_vga_bsp/\libhal_bsp.a(alt_icache_flush_all.o)
 .debug_abbrev  0x0000000000001c5b      0x163 ../nios_vga_bsp/\libhal_bsp.a(alt_iic.o)
 .debug_abbrev  0x0000000000001dbe      0x169 ../nios_vga_bsp/\libhal_bsp.a(alt_iic_isr_register.o)
 .debug_abbrev  0x0000000000001f27      0x114 ../nios_vga_bsp/\libhal_bsp.a(alt_io_redirect.o)
 .debug_abbrev  0x000000000000203b       0x12 ../nios_vga_bsp/\libhal_bsp.a(alt_irq_entry.o)
 .debug_abbrev  0x000000000000204d      0x122 ../nios_vga_bsp/\libhal_bsp.a(alt_irq_handler.o)
 .debug_abbrev  0x000000000000216f       0x40 ../nios_vga_bsp/\libhal_bsp.a(alt_irq_vars.o)
 .debug_abbrev  0x00000000000021af      0x148 ../nios_vga_bsp/\libhal_bsp.a(alt_open.o)
 .debug_abbrev  0x00000000000022f7       0xde ../nios_vga_bsp/\libhal_bsp.a(alt_release_fd.o)
 .debug_abbrev  0x00000000000023d5      0x15a ../nios_vga_bsp/\libhal_bsp.a(alt_tick.o)
 .debug_abbrev  0x000000000000252f       0x42 ../nios_vga_bsp/\libhal_bsp.a(altera_nios2_gen2_irq.o)
 .debug_abbrev  0x0000000000002571       0x12 ../nios_vga_bsp/\libhal_bsp.a(alt_exception_entry.o)
 .debug_abbrev  0x0000000000002583       0xf0 ../nios_vga_bsp/\libhal_bsp.a(alt_find_dev.o)
 .debug_abbrev  0x0000000000002673       0xf0 ../nios_vga_bsp/\libhal_bsp.a(alt_find_file.o)
 .debug_abbrev  0x0000000000002763      0x10d ../nios_vga_bsp/\libhal_bsp.a(alt_get_fd.o)
 .debug_abbrev  0x0000000000002870       0xdc ../nios_vga_bsp/\libhal_bsp.a(alt_instruction_exception_entry.o)
 .debug_abbrev  0x000000000000294c       0x8b d:/intelfpga_lite/17.0/nios2eds/bin/gnu/h-x86_64-mingw32/bin/../lib/gcc/nios2-elf/5.3.0/../../../../../H-x86_64-mingw32/nios2-elf/lib/mno-hw-mul\libsmallc.a(lib_a-exit.o)
 .debug_abbrev  0x00000000000029d7       0x7f d:/intelfpga_lite/17.0/nios2eds/bin/gnu/h-x86_64-mingw32/bin/../lib/gcc/nios2-elf/5.3.0/../../../../../H-x86_64-mingw32/nios2-elf/lib/mno-hw-mul\libsmallc.a(lib_a-memcmp.o)
 .debug_abbrev  0x0000000000002a56      0x1f6 d:/intelfpga_lite/17.0/nios2eds/bin/gnu/h-x86_64-mingw32/bin/../lib/gcc/nios2-elf/5.3.0/../../../../../H-x86_64-mingw32/nios2-elf/lib/mno-hw-mul\libsmallc.a(lib_a-__call_atexit.o)
 .debug_abbrev  0x0000000000002c4c       0xa9 ../nios_vga_bsp/\libhal_bsp.a(alt_exit.o)

.debug_line     0x0000000000000000     0x3093
 *(.debug_line)
 .debug_line    0x0000000000000000       0x66 ../nios_vga_bsp//obj/HAL/src/crt0.o
 .debug_line    0x0000000000000066      0x1fc obj/default/count_binary.o
 .debug_line    0x0000000000000262      0x203 d:/intelfpga_lite/17.0/nios2eds/bin/gnu/h-x86_64-mingw32/bin/../lib/gcc/nios2-elf/5.3.0/../../../../../H-x86_64-mingw32/nios2-elf/lib/mno-hw-mul\libsmallc.a(lib_a-printf.o)
 .debug_line    0x0000000000000465      0x206 d:/intelfpga_lite/17.0/nios2eds/bin/gnu/h-x86_64-mingw32/bin/../lib/gcc/nios2-elf/5.3.0/../../../../../H-x86_64-mingw32/nios2-elf/lib/mno-hw-mul\libsmallc.a(lib_a-puts.o)
 .debug_line    0x000000000000066b      0x15c d:/intelfpga_lite/17.0/nios2eds/bin/gnu/h-x86_64-mingw32/bin/../lib/gcc/nios2-elf/5.3.0/../../../../../H-x86_64-mingw32/nios2-elf/lib/mno-hw-mul\libsmallc.a(lib_a-strlen.o)
 .debug_line    0x00000000000007c7      0x351 d:/intelfpga_lite/17.0/nios2eds/bin/gnu/h-x86_64-mingw32/bin/../lib/gcc/nios2-elf/5.3.0/../../../../../H-x86_64-mingw32/nios2-elf/lib/mno-hw-mul\libsmallc.a(lib_a-vfprintf.o)
 .debug_line    0x0000000000000b18      0x1f0 d:/intelfpga_lite/17.0/nios2eds/bin/gnu/h-x86_64-mingw32/bin/../lib/gcc/nios2-elf/5.3.0/../../../../../H-x86_64-mingw32/nios2-elf/lib/mno-hw-mul\libsmallc.a(lib_a-fvwrite_small_dev.o)
 .debug_line    0x0000000000000d08      0x156 d:/intelfpga_lite/17.0/nios2eds/bin/gnu/h-x86_64-mingw32/bin/../lib/gcc/nios2-elf/5.3.0/../../../../../H-x86_64-mingw32/nios2-elf/lib/mno-hw-mul\libsmallc.a(lib_a-impure.o)
 .debug_line    0x0000000000000e5e      0x1ed d:/intelfpga_lite/17.0/nios2eds/bin/gnu/h-x86_64-mingw32/bin/../lib/gcc/nios2-elf/5.3.0/../../../../../H-x86_64-mingw32/nios2-elf/lib/mno-hw-mul\libsmallc.a(lib_a-writer.o)
 .debug_line    0x000000000000104b       0x5f d:/intelfpga_lite/17.0/nios2eds/bin/gnu/h-x86_64-mingw32/bin/../lib/gcc/nios2-elf/5.3.0/../../../../../H-x86_64-mingw32/nios2-elf/lib/mno-hw-mul\libsmallc.a(lib_a-int_errno.o)
 .debug_line    0x00000000000010aa      0x105 d:/intelfpga_lite/17.0/nios2eds/bin/gnu/h-x86_64-mingw32/bin/../lib/gcc/nios2-elf/5.3.0/mno-hw-mul\libgcc.a(lib2-divmod.o)
 .debug_line    0x00000000000011af       0x80 d:/intelfpga_lite/17.0/nios2eds/bin/gnu/h-x86_64-mingw32/bin/../lib/gcc/nios2-elf/5.3.0/mno-hw-mul\libgcc.a(lib2-mul.o)
 .debug_line    0x000000000000122f       0x8e ../nios_vga_bsp/\libhal_bsp.a(alt_load.o)
 .debug_line    0x00000000000012bd       0x9e ../nios_vga_bsp/\libhal_bsp.a(alt_main.o)
 .debug_line    0x000000000000135b       0xad ../nios_vga_bsp/\libhal_bsp.a(alt_usleep.o)
 .debug_line    0x0000000000001408      0x1db ../nios_vga_bsp/\libhal_bsp.a(alt_write.o)
 .debug_line    0x00000000000015e3      0x141 ../nios_vga_bsp/\libhal_bsp.a(alt_sys_init.o)
 .debug_line    0x0000000000001724      0x112 ../nios_vga_bsp/\libhal_bsp.a(altera_avalon_jtag_uart_fd.o)
 .debug_line    0x0000000000001836       0xfd ../nios_vga_bsp/\libhal_bsp.a(altera_avalon_jtag_uart_read.o)
 .debug_line    0x0000000000001933       0xf4 ../nios_vga_bsp/\libhal_bsp.a(altera_avalon_jtag_uart_write.o)
 .debug_line    0x0000000000001a27       0xfd ../nios_vga_bsp/\libhal_bsp.a(altera_avalon_timer_sc.o)
 .debug_line    0x0000000000001b24       0xa2 ../nios_vga_bsp/\libhal_bsp.a(alt_busy_sleep.o)
 .debug_line    0x0000000000001bc6      0x165 ../nios_vga_bsp/\libhal_bsp.a(alt_close.o)
 .debug_line    0x0000000000001d2b       0x51 ../nios_vga_bsp/\libhal_bsp.a(alt_dcache_flush_all.o)
 .debug_line    0x0000000000001d7c       0xf8 ../nios_vga_bsp/\libhal_bsp.a(alt_dev.o)
 .debug_line    0x0000000000001e74       0xcf ../nios_vga_bsp/\libhal_bsp.a(alt_dev_llist_insert.o)
 .debug_line    0x0000000000001f43       0x51 ../nios_vga_bsp/\libhal_bsp.a(alt_errno.o)
 .debug_line    0x0000000000001f94       0x4f ../nios_vga_bsp/\libhal_bsp.a(alt_icache_flush_all.o)
 .debug_line    0x0000000000001fe3       0xeb ../nios_vga_bsp/\libhal_bsp.a(alt_iic.o)
 .debug_line    0x00000000000020ce       0xdb ../nios_vga_bsp/\libhal_bsp.a(alt_iic_isr_register.o)
 .debug_line    0x00000000000021a9      0x135 ../nios_vga_bsp/\libhal_bsp.a(alt_io_redirect.o)
 .debug_line    0x00000000000022de       0x6b ../nios_vga_bsp/\libhal_bsp.a(alt_irq_entry.o)
 .debug_line    0x0000000000002349       0xaa ../nios_vga_bsp/\libhal_bsp.a(alt_irq_handler.o)
 .debug_line    0x00000000000023f3       0x50 ../nios_vga_bsp/\libhal_bsp.a(alt_irq_vars.o)
 .debug_line    0x0000000000002443      0x12b ../nios_vga_bsp/\libhal_bsp.a(alt_open.o)
 .debug_line    0x000000000000256e       0xb0 ../nios_vga_bsp/\libhal_bsp.a(alt_release_fd.o)
 .debug_line    0x000000000000261e       0xff ../nios_vga_bsp/\libhal_bsp.a(alt_tick.o)
 .debug_line    0x000000000000271d       0x51 ../nios_vga_bsp/\libhal_bsp.a(altera_nios2_gen2_irq.o)
 .debug_line    0x000000000000276e       0xb3 ../nios_vga_bsp/\libhal_bsp.a(alt_exception_entry.o)
 .debug_line    0x0000000000002821       0xb5 ../nios_vga_bsp/\libhal_bsp.a(alt_find_dev.o)
 .debug_line    0x00000000000028d6       0xd1 ../nios_vga_bsp/\libhal_bsp.a(alt_find_file.o)
 .debug_line    0x00000000000029a7       0xd7 ../nios_vga_bsp/\libhal_bsp.a(alt_get_fd.o)
 .debug_line    0x0000000000002a7e       0xb9 ../nios_vga_bsp/\libhal_bsp.a(alt_instruction_exception_entry.o)
 .debug_line    0x0000000000002b37      0x159 d:/intelfpga_lite/17.0/nios2eds/bin/gnu/h-x86_64-mingw32/bin/../lib/gcc/nios2-elf/5.3.0/../../../../../H-x86_64-mingw32/nios2-elf/lib/mno-hw-mul\libsmallc.a(lib_a-exit.o)
 .debug_line    0x0000000000002c90      0x160 d:/intelfpga_lite/17.0/nios2eds/bin/gnu/h-x86_64-mingw32/bin/../lib/gcc/nios2-elf/5.3.0/../../../../../H-x86_64-mingw32/nios2-elf/lib/mno-hw-mul\libsmallc.a(lib_a-memcmp.o)
 .debug_line    0x0000000000002df0      0x232 d:/intelfpga_lite/17.0/nios2eds/bin/gnu/h-x86_64-mingw32/bin/../lib/gcc/nios2-elf/5.3.0/../../../../../H-x86_64-mingw32/nios2-elf/lib/mno-hw-mul\libsmallc.a(lib_a-__call_atexit.o)
 .debug_line    0x0000000000003022       0x71 ../nios_vga_bsp/\libhal_bsp.a(alt_exit.o)

.debug_frame    0x0000000000000000      0xc74
 *(.debug_frame)
 .debug_frame   0x0000000000000000      0x134 obj/default/count_binary.o
 .debug_frame   0x0000000000000134       0x48 d:/intelfpga_lite/17.0/nios2eds/bin/gnu/h-x86_64-mingw32/bin/../lib/gcc/nios2-elf/5.3.0/../../../../../H-x86_64-mingw32/nios2-elf/lib/mno-hw-mul\libsmallc.a(lib_a-printf.o)
 .debug_frame   0x000000000000017c       0x48 d:/intelfpga_lite/17.0/nios2eds/bin/gnu/h-x86_64-mingw32/bin/../lib/gcc/nios2-elf/5.3.0/../../../../../H-x86_64-mingw32/nios2-elf/lib/mno-hw-mul\libsmallc.a(lib_a-puts.o)
 .debug_frame   0x00000000000001c4       0x20 d:/intelfpga_lite/17.0/nios2eds/bin/gnu/h-x86_64-mingw32/bin/../lib/gcc/nios2-elf/5.3.0/../../../../../H-x86_64-mingw32/nios2-elf/lib/mno-hw-mul\libsmallc.a(lib_a-strlen.o)
 .debug_frame   0x00000000000001e4       0x8c d:/intelfpga_lite/17.0/nios2eds/bin/gnu/h-x86_64-mingw32/bin/../lib/gcc/nios2-elf/5.3.0/../../../../../H-x86_64-mingw32/nios2-elf/lib/mno-hw-mul\libsmallc.a(lib_a-vfprintf.o)
 .debug_frame   0x0000000000000270       0x58 d:/intelfpga_lite/17.0/nios2eds/bin/gnu/h-x86_64-mingw32/bin/../lib/gcc/nios2-elf/5.3.0/../../../../../H-x86_64-mingw32/nios2-elf/lib/mno-hw-mul\libsmallc.a(lib_a-fvwrite_small_dev.o)
 .debug_frame   0x00000000000002c8       0x38 d:/intelfpga_lite/17.0/nios2eds/bin/gnu/h-x86_64-mingw32/bin/../lib/gcc/nios2-elf/5.3.0/../../../../../H-x86_64-mingw32/nios2-elf/lib/mno-hw-mul\libsmallc.a(lib_a-writer.o)
 .debug_frame   0x0000000000000300       0x50 d:/intelfpga_lite/17.0/nios2eds/bin/gnu/h-x86_64-mingw32/bin/../lib/gcc/nios2-elf/5.3.0/mno-hw-mul\libgcc.a(lib2-divmod.o)
 .debug_frame   0x0000000000000350       0x20 d:/intelfpga_lite/17.0/nios2eds/bin/gnu/h-x86_64-mingw32/bin/../lib/gcc/nios2-elf/5.3.0/mno-hw-mul\libgcc.a(lib2-mul.o)
 .debug_frame   0x0000000000000370       0x5c ../nios_vga_bsp/\libhal_bsp.a(alt_load.o)
 .debug_frame   0x00000000000003cc       0x2c ../nios_vga_bsp/\libhal_bsp.a(alt_main.o)
 .debug_frame   0x00000000000003f8       0x38 ../nios_vga_bsp/\libhal_bsp.a(alt_usleep.o)
 .debug_frame   0x0000000000000430       0x60 ../nios_vga_bsp/\libhal_bsp.a(alt_write.o)
 .debug_frame   0x0000000000000490       0x88 ../nios_vga_bsp/\libhal_bsp.a(alt_sys_init.o)
 .debug_frame   0x0000000000000518       0x60 ../nios_vga_bsp/\libhal_bsp.a(altera_avalon_jtag_uart_fd.o)
 .debug_frame   0x0000000000000578       0x34 ../nios_vga_bsp/\libhal_bsp.a(altera_avalon_jtag_uart_read.o)
 .debug_frame   0x00000000000005ac       0x34 ../nios_vga_bsp/\libhal_bsp.a(altera_avalon_jtag_uart_write.o)
 .debug_frame   0x00000000000005e0       0x60 ../nios_vga_bsp/\libhal_bsp.a(altera_avalon_timer_sc.o)
 .debug_frame   0x0000000000000640       0x38 ../nios_vga_bsp/\libhal_bsp.a(alt_busy_sleep.o)
 .debug_frame   0x0000000000000678       0x60 ../nios_vga_bsp/\libhal_bsp.a(alt_close.o)
 .debug_frame   0x00000000000006d8       0x34 ../nios_vga_bsp/\libhal_bsp.a(alt_dcache_flush_all.o)
 .debug_frame   0x000000000000070c       0x34 ../nios_vga_bsp/\libhal_bsp.a(alt_dev.o)
 .debug_frame   0x0000000000000740       0x60 ../nios_vga_bsp/\libhal_bsp.a(alt_dev_llist_insert.o)
 .debug_frame   0x00000000000007a0       0x34 ../nios_vga_bsp/\libhal_bsp.a(alt_icache_flush_all.o)
 .debug_frame   0x00000000000007d4       0xa4 ../nios_vga_bsp/\libhal_bsp.a(alt_iic.o)
 .debug_frame   0x0000000000000878       0x38 ../nios_vga_bsp/\libhal_bsp.a(alt_iic_isr_register.o)
 .debug_frame   0x00000000000008b0       0x64 ../nios_vga_bsp/\libhal_bsp.a(alt_io_redirect.o)
 .debug_frame   0x0000000000000914       0x38 ../nios_vga_bsp/\libhal_bsp.a(alt_irq_handler.o)
 .debug_frame   0x000000000000094c       0x8c ../nios_vga_bsp/\libhal_bsp.a(alt_open.o)
 .debug_frame   0x00000000000009d8       0x3c ../nios_vga_bsp/\libhal_bsp.a(alt_release_fd.o)
 .debug_frame   0x0000000000000a14       0x5c ../nios_vga_bsp/\libhal_bsp.a(alt_tick.o)
 .debug_frame   0x0000000000000a70       0x34 ../nios_vga_bsp/\libhal_bsp.a(altera_nios2_gen2_irq.o)
 .debug_frame   0x0000000000000aa4       0x38 ../nios_vga_bsp/\libhal_bsp.a(alt_find_dev.o)
 .debug_frame   0x0000000000000adc       0x38 ../nios_vga_bsp/\libhal_bsp.a(alt_find_file.o)
 .debug_frame   0x0000000000000b14       0x3c ../nios_vga_bsp/\libhal_bsp.a(alt_get_fd.o)
 .debug_frame   0x0000000000000b50       0x5c ../nios_vga_bsp/\libhal_bsp.a(alt_instruction_exception_entry.o)
 .debug_frame   0x0000000000000bac       0x28 d:/intelfpga_lite/17.0/nios2eds/bin/gnu/h-x86_64-mingw32/bin/../lib/gcc/nios2-elf/5.3.0/../../../../../H-x86_64-mingw32/nios2-elf/lib/mno-hw-mul\libsmallc.a(lib_a-exit.o)
 .debug_frame   0x0000000000000bd4       0x20 d:/intelfpga_lite/17.0/nios2eds/bin/gnu/h-x86_64-mingw32/bin/../lib/gcc/nios2-elf/5.3.0/../../../../../H-x86_64-mingw32/nios2-elf/lib/mno-hw-mul\libsmallc.a(lib_a-memcmp.o)
 .debug_frame   0x0000000000000bf4       0x54 d:/intelfpga_lite/17.0/nios2eds/bin/gnu/h-x86_64-mingw32/bin/../lib/gcc/nios2-elf/5.3.0/../../../../../H-x86_64-mingw32/nios2-elf/lib/mno-hw-mul\libsmallc.a(lib_a-__call_atexit.o)
 .debug_frame   0x0000000000000c48       0x2c ../nios_vga_bsp/\libhal_bsp.a(alt_exit.o)

.debug_str      0x0000000000000000     0x1e45
 *(.debug_str)
 .debug_str     0x0000000000000000      0x4b9 obj/default/count_binary.o
                                        0x55e (size before relaxing)
 .debug_str     0x00000000000004b9      0x1e0 d:/intelfpga_lite/17.0/nios2eds/bin/gnu/h-x86_64-mingw32/bin/../lib/gcc/nios2-elf/5.3.0/../../../../../H-x86_64-mingw32/nios2-elf/lib/mno-hw-mul\libsmallc.a(lib_a-printf.o)
                                        0x504 (size before relaxing)
 .debug_str     0x0000000000000699       0x63 d:/intelfpga_lite/17.0/nios2eds/bin/gnu/h-x86_64-mingw32/bin/../lib/gcc/nios2-elf/5.3.0/../../../../../H-x86_64-mingw32/nios2-elf/lib/mno-hw-mul\libsmallc.a(lib_a-puts.o)
                                        0x4cd (size before relaxing)
 .debug_str     0x00000000000006fc       0xd2 d:/intelfpga_lite/17.0/nios2eds/bin/gnu/h-x86_64-mingw32/bin/../lib/gcc/nios2-elf/5.3.0/../../../../../H-x86_64-mingw32/nios2-elf/lib/mno-hw-mul\libsmallc.a(lib_a-strlen.o)
                                        0x1e5 (size before relaxing)
 .debug_str     0x00000000000007ce      0x1f8 d:/intelfpga_lite/17.0/nios2eds/bin/gnu/h-x86_64-mingw32/bin/../lib/gcc/nios2-elf/5.3.0/../../../../../H-x86_64-mingw32/nios2-elf/lib/mno-hw-mul\libsmallc.a(lib_a-vfprintf.o)
                                        0x67f (size before relaxing)
 .debug_str     0x00000000000009c6       0x63 d:/intelfpga_lite/17.0/nios2eds/bin/gnu/h-x86_64-mingw32/bin/../lib/gcc/nios2-elf/5.3.0/../../../../../H-x86_64-mingw32/nios2-elf/lib/mno-hw-mul\libsmallc.a(lib_a-fvwrite_small_dev.o)
                                        0x4d4 (size before relaxing)
 .debug_str     0x0000000000000a29       0xef d:/intelfpga_lite/17.0/nios2eds/bin/gnu/h-x86_64-mingw32/bin/../lib/gcc/nios2-elf/5.3.0/../../../../../H-x86_64-mingw32/nios2-elf/lib/mno-hw-mul\libsmallc.a(lib_a-impure.o)
                                        0x4be (size before relaxing)
 .debug_str     0x0000000000000b18       0x45 d:/intelfpga_lite/17.0/nios2eds/bin/gnu/h-x86_64-mingw32/bin/../lib/gcc/nios2-elf/5.3.0/../../../../../H-x86_64-mingw32/nios2-elf/lib/mno-hw-mul\libsmallc.a(lib_a-writer.o)
                                        0x4b8 (size before relaxing)
 .debug_str     0x0000000000000b5d       0x3f d:/intelfpga_lite/17.0/nios2eds/bin/gnu/h-x86_64-mingw32/bin/../lib/gcc/nios2-elf/5.3.0/../../../../../H-x86_64-mingw32/nios2-elf/lib/mno-hw-mul\libsmallc.a(lib_a-int_errno.o)
                                        0x1d8 (size before relaxing)
 .debug_str     0x0000000000000b9c      0x187 d:/intelfpga_lite/17.0/nios2eds/bin/gnu/h-x86_64-mingw32/bin/../lib/gcc/nios2-elf/5.3.0/mno-hw-mul\libgcc.a(lib2-divmod.o)
                                        0x1d2 (size before relaxing)
 .debug_str     0x0000000000000d23       0x40 d:/intelfpga_lite/17.0/nios2eds/bin/gnu/h-x86_64-mingw32/bin/../lib/gcc/nios2-elf/5.3.0/mno-hw-mul\libgcc.a(lib2-mul.o)
                                        0x193 (size before relaxing)
 .debug_str     0x0000000000000d63      0x11a ../nios_vga_bsp/\libhal_bsp.a(alt_load.o)
                                        0x201 (size before relaxing)
 .debug_str     0x0000000000000e7d       0x70 ../nios_vga_bsp/\libhal_bsp.a(alt_main.o)
                                        0x18c (size before relaxing)
 .debug_str     0x0000000000000eed       0x27 ../nios_vga_bsp/\libhal_bsp.a(alt_usleep.o)
                                        0x137 (size before relaxing)
 .debug_str     0x0000000000000f14      0x152 ../nios_vga_bsp/\libhal_bsp.a(alt_write.o)
                                        0x2e7 (size before relaxing)
 .debug_str     0x0000000000001066      0x138 ../nios_vga_bsp/\libhal_bsp.a(alt_sys_init.o)
                                        0x2fb (size before relaxing)
 .debug_str     0x000000000000119e       0x77 ../nios_vga_bsp/\libhal_bsp.a(altera_avalon_jtag_uart_fd.o)
                                        0x2c4 (size before relaxing)
 .debug_str     0x0000000000001215       0x48 ../nios_vga_bsp/\libhal_bsp.a(altera_avalon_jtag_uart_read.o)
                                        0x20e (size before relaxing)
 .debug_str     0x000000000000125d       0x4a ../nios_vga_bsp/\libhal_bsp.a(altera_avalon_jtag_uart_write.o)
                                        0x204 (size before relaxing)
 .debug_str     0x00000000000012a7       0xb6 ../nios_vga_bsp/\libhal_bsp.a(altera_avalon_timer_sc.o)
                                        0x23a (size before relaxing)
 .debug_str     0x000000000000135d       0x42 ../nios_vga_bsp/\libhal_bsp.a(alt_busy_sleep.o)
                                        0x15a (size before relaxing)
 .debug_str     0x000000000000139f       0x1b ../nios_vga_bsp/\libhal_bsp.a(alt_close.o)
                                        0x1fa (size before relaxing)
 .debug_str     0x00000000000013ba       0x34 ../nios_vga_bsp/\libhal_bsp.a(alt_dcache_flush_all.o)
                                        0x144 (size before relaxing)
 .debug_str     0x00000000000013ee       0x50 ../nios_vga_bsp/\libhal_bsp.a(alt_dev.o)
                                        0x2f4 (size before relaxing)
 .debug_str     0x000000000000143e       0x45 ../nios_vga_bsp/\libhal_bsp.a(alt_dev_llist_insert.o)
                                        0x1bb (size before relaxing)
 .debug_str     0x0000000000001483       0x14 ../nios_vga_bsp/\libhal_bsp.a(alt_errno.o)
                                        0x134 (size before relaxing)
 .debug_str     0x0000000000001497       0x34 ../nios_vga_bsp/\libhal_bsp.a(alt_icache_flush_all.o)
                                        0x144 (size before relaxing)
 .debug_str     0x00000000000014cb       0xc4 ../nios_vga_bsp/\libhal_bsp.a(alt_iic.o)
                                        0x22d (size before relaxing)
 .debug_str     0x000000000000158f       0x4c ../nios_vga_bsp/\libhal_bsp.a(alt_iic_isr_register.o)
                                        0x1d7 (size before relaxing)
 .debug_str     0x00000000000015db       0x56 ../nios_vga_bsp/\libhal_bsp.a(alt_io_redirect.o)
                                        0x305 (size before relaxing)
 .debug_str     0x0000000000001631       0x3a ../nios_vga_bsp/\libhal_bsp.a(alt_irq_handler.o)
                                        0x186 (size before relaxing)
 .debug_str     0x000000000000166b       0x17 ../nios_vga_bsp/\libhal_bsp.a(alt_irq_vars.o)
                                        0x129 (size before relaxing)
 .debug_str     0x0000000000001682       0x2f ../nios_vga_bsp/\libhal_bsp.a(alt_open.o)
                                        0x23a (size before relaxing)
 .debug_str     0x00000000000016b1       0x28 ../nios_vga_bsp/\libhal_bsp.a(alt_release_fd.o)
                                        0x1c2 (size before relaxing)
 .debug_str     0x00000000000016d9       0x78 ../nios_vga_bsp/\libhal_bsp.a(alt_tick.o)
                                        0x241 (size before relaxing)
 .debug_str     0x0000000000001751       0x3b ../nios_vga_bsp/\libhal_bsp.a(altera_nios2_gen2_irq.o)
                                        0x14b (size before relaxing)
 .debug_str     0x000000000000178c       0x24 ../nios_vga_bsp/\libhal_bsp.a(alt_find_dev.o)
                                        0x1db (size before relaxing)
 .debug_str     0x00000000000017b0       0x26 ../nios_vga_bsp/\libhal_bsp.a(alt_find_file.o)
                                        0x1e9 (size before relaxing)
 .debug_str     0x00000000000017d6       0x30 ../nios_vga_bsp/\libhal_bsp.a(alt_get_fd.o)
                                        0x20b (size before relaxing)
 .debug_str     0x0000000000001806      0x48b ../nios_vga_bsp/\libhal_bsp.a(alt_instruction_exception_entry.o)
                                        0x58f (size before relaxing)
 .debug_str     0x0000000000001c91       0xe1 d:/intelfpga_lite/17.0/nios2eds/bin/gnu/h-x86_64-mingw32/bin/../lib/gcc/nios2-elf/5.3.0/../../../../../H-x86_64-mingw32/nios2-elf/lib/mno-hw-mul\libsmallc.a(lib_a-exit.o)
                                        0x1f0 (size before relaxing)
 .debug_str     0x0000000000001d72       0x44 d:/intelfpga_lite/17.0/nios2eds/bin/gnu/h-x86_64-mingw32/bin/../lib/gcc/nios2-elf/5.3.0/../../../../../H-x86_64-mingw32/nios2-elf/lib/mno-hw-mul\libsmallc.a(lib_a-memcmp.o)
                                        0x1df (size before relaxing)
 .debug_str     0x0000000000001db6       0x65 d:/intelfpga_lite/17.0/nios2eds/bin/gnu/h-x86_64-mingw32/bin/../lib/gcc/nios2-elf/5.3.0/../../../../../H-x86_64-mingw32/nios2-elf/lib/mno-hw-mul\libsmallc.a(lib_a-__call_atexit.o)
                                        0x4eb (size before relaxing)
 .debug_str     0x0000000000001e1b       0x2a ../nios_vga_bsp/\libhal_bsp.a(alt_exit.o)
                                        0x140 (size before relaxing)

.debug_loc      0x0000000000000000     0x13ee
 *(.debug_loc)
 .debug_loc     0x0000000000000000       0xc6 d:/intelfpga_lite/17.0/nios2eds/bin/gnu/h-x86_64-mingw32/bin/../lib/gcc/nios2-elf/5.3.0/../../../../../H-x86_64-mingw32/nios2-elf/lib/mno-hw-mul\libsmallc.a(lib_a-printf.o)
 .debug_loc     0x00000000000000c6       0x97 d:/intelfpga_lite/17.0/nios2eds/bin/gnu/h-x86_64-mingw32/bin/../lib/gcc/nios2-elf/5.3.0/../../../../../H-x86_64-mingw32/nios2-elf/lib/mno-hw-mul\libsmallc.a(lib_a-puts.o)
 .debug_loc     0x000000000000015d       0x1e d:/intelfpga_lite/17.0/nios2eds/bin/gnu/h-x86_64-mingw32/bin/../lib/gcc/nios2-elf/5.3.0/../../../../../H-x86_64-mingw32/nios2-elf/lib/mno-hw-mul\libsmallc.a(lib_a-strlen.o)
 .debug_loc     0x000000000000017b      0x954 d:/intelfpga_lite/17.0/nios2eds/bin/gnu/h-x86_64-mingw32/bin/../lib/gcc/nios2-elf/5.3.0/../../../../../H-x86_64-mingw32/nios2-elf/lib/mno-hw-mul\libsmallc.a(lib_a-vfprintf.o)
 .debug_loc     0x0000000000000acf      0x110 d:/intelfpga_lite/17.0/nios2eds/bin/gnu/h-x86_64-mingw32/bin/../lib/gcc/nios2-elf/5.3.0/../../../../../H-x86_64-mingw32/nios2-elf/lib/mno-hw-mul\libsmallc.a(lib_a-fvwrite_small_dev.o)
 .debug_loc     0x0000000000000bdf       0xa5 d:/intelfpga_lite/17.0/nios2eds/bin/gnu/h-x86_64-mingw32/bin/../lib/gcc/nios2-elf/5.3.0/../../../../../H-x86_64-mingw32/nios2-elf/lib/mno-hw-mul\libsmallc.a(lib_a-writer.o)
 .debug_loc     0x0000000000000c84      0x4ce d:/intelfpga_lite/17.0/nios2eds/bin/gnu/h-x86_64-mingw32/bin/../lib/gcc/nios2-elf/5.3.0/mno-hw-mul\libgcc.a(lib2-divmod.o)
 .debug_loc     0x0000000000001152       0x93 d:/intelfpga_lite/17.0/nios2eds/bin/gnu/h-x86_64-mingw32/bin/../lib/gcc/nios2-elf/5.3.0/mno-hw-mul\libgcc.a(lib2-mul.o)
 .debug_loc     0x00000000000011e5       0x1e d:/intelfpga_lite/17.0/nios2eds/bin/gnu/h-x86_64-mingw32/bin/../lib/gcc/nios2-elf/5.3.0/../../../../../H-x86_64-mingw32/nios2-elf/lib/mno-hw-mul\libsmallc.a(lib_a-exit.o)
 .debug_loc     0x0000000000001203       0x94 d:/intelfpga_lite/17.0/nios2eds/bin/gnu/h-x86_64-mingw32/bin/../lib/gcc/nios2-elf/5.3.0/../../../../../H-x86_64-mingw32/nios2-elf/lib/mno-hw-mul\libsmallc.a(lib_a-memcmp.o)
 .debug_loc     0x0000000000001297      0x157 d:/intelfpga_lite/17.0/nios2eds/bin/gnu/h-x86_64-mingw32/bin/../lib/gcc/nios2-elf/5.3.0/../../../../../H-x86_64-mingw32/nios2-elf/lib/mno-hw-mul\libsmallc.a(lib_a-__call_atexit.o)

.debug_macinfo
 *(.debug_macinfo)

.debug_weaknames
 *(.debug_weaknames)

.debug_funcnames
 *(.debug_funcnames)

.debug_typenames
 *(.debug_typenames)

.debug_varnames
 *(.debug_varnames)

.debug_alt_sim_info
                0x0000000000000000       0x40
 *(.debug_alt_sim_info)
 .debug_alt_sim_info
                0x0000000000000000       0x10 ../nios_vga_bsp//obj/HAL/src/crt0.o
 .debug_alt_sim_info
                0x0000000000000010       0x30 ../nios_vga_bsp/\libhal_bsp.a(alt_busy_sleep.o)
                0x0000000000008000                __alt_data_end = 0x8000
                0x0000000000008000                PROVIDE (__alt_stack_pointer, __alt_data_end)
                [!provide]                        PROVIDE (__alt_stack_limit, __alt_stack_base)
                [!provide]                        PROVIDE (__alt_heap_start, end)
                [!provide]                        PROVIDE (__alt_heap_limit, 0x8000)
OUTPUT(nios_vga.elf elf32-littlenios2)

.debug_ranges   0x0000000000000000      0x2a0
 .debug_ranges  0x0000000000000000       0x20 ../nios_vga_bsp//obj/HAL/src/crt0.o
 .debug_ranges  0x0000000000000020       0x18 d:/intelfpga_lite/17.0/nios2eds/bin/gnu/h-x86_64-mingw32/bin/../lib/gcc/nios2-elf/5.3.0/../../../../../H-x86_64-mingw32/nios2-elf/lib/mno-hw-mul\libsmallc.a(lib_a-printf.o)
 .debug_ranges  0x0000000000000038       0x18 d:/intelfpga_lite/17.0/nios2eds/bin/gnu/h-x86_64-mingw32/bin/../lib/gcc/nios2-elf/5.3.0/../../../../../H-x86_64-mingw32/nios2-elf/lib/mno-hw-mul\libsmallc.a(lib_a-puts.o)
 .debug_ranges  0x0000000000000050       0x10 d:/intelfpga_lite/17.0/nios2eds/bin/gnu/h-x86_64-mingw32/bin/../lib/gcc/nios2-elf/5.3.0/../../../../../H-x86_64-mingw32/nios2-elf/lib/mno-hw-mul\libsmallc.a(lib_a-strlen.o)
 .debug_ranges  0x0000000000000060       0xc8 d:/intelfpga_lite/17.0/nios2eds/bin/gnu/h-x86_64-mingw32/bin/../lib/gcc/nios2-elf/5.3.0/../../../../../H-x86_64-mingw32/nios2-elf/lib/mno-hw-mul\libsmallc.a(lib_a-vfprintf.o)
 .debug_ranges  0x0000000000000128       0x28 d:/intelfpga_lite/17.0/nios2eds/bin/gnu/h-x86_64-mingw32/bin/../lib/gcc/nios2-elf/5.3.0/../../../../../H-x86_64-mingw32/nios2-elf/lib/mno-hw-mul\libsmallc.a(lib_a-fvwrite_small_dev.o)
 .debug_ranges  0x0000000000000150       0x10 d:/intelfpga_lite/17.0/nios2eds/bin/gnu/h-x86_64-mingw32/bin/../lib/gcc/nios2-elf/5.3.0/../../../../../H-x86_64-mingw32/nios2-elf/lib/mno-hw-mul\libsmallc.a(lib_a-writer.o)
 .debug_ranges  0x0000000000000160       0x60 d:/intelfpga_lite/17.0/nios2eds/bin/gnu/h-x86_64-mingw32/bin/../lib/gcc/nios2-elf/5.3.0/mno-hw-mul\libgcc.a(lib2-divmod.o)
 .debug_ranges  0x00000000000001c0       0x18 ../nios_vga_bsp/\libhal_bsp.a(altera_avalon_jtag_uart_read.o)
 .debug_ranges  0x00000000000001d8       0x28 ../nios_vga_bsp/\libhal_bsp.a(alt_irq_entry.o)
 .debug_ranges  0x0000000000000200       0x10 ../nios_vga_bsp/\libhal_bsp.a(alt_irq_handler.o)
 .debug_ranges  0x0000000000000210       0x30 ../nios_vga_bsp/\libhal_bsp.a(alt_exception_entry.o)
 .debug_ranges  0x0000000000000240       0x18 ../nios_vga_bsp/\libhal_bsp.a(alt_instruction_exception_entry.o)
 .debug_ranges  0x0000000000000258       0x10 d:/intelfpga_lite/17.0/nios2eds/bin/gnu/h-x86_64-mingw32/bin/../lib/gcc/nios2-elf/5.3.0/../../../../../H-x86_64-mingw32/nios2-elf/lib/mno-hw-mul\libsmallc.a(lib_a-exit.o)
 .debug_ranges  0x0000000000000268       0x10 d:/intelfpga_lite/17.0/nios2eds/bin/gnu/h-x86_64-mingw32/bin/../lib/gcc/nios2-elf/5.3.0/../../../../../H-x86_64-mingw32/nios2-elf/lib/mno-hw-mul\libsmallc.a(lib_a-memcmp.o)
 .debug_ranges  0x0000000000000278       0x28 d:/intelfpga_lite/17.0/nios2eds/bin/gnu/h-x86_64-mingw32/bin/../lib/gcc/nios2-elf/5.3.0/../../../../../H-x86_64-mingw32/nios2-elf/lib/mno-hw-mul\libsmallc.a(lib_a-__call_atexit.o)
