Archive member included to satisfy reference by file (symbol)

d:/intelfpga_lite/17.0/nios2eds/bin/gnu/h-x86_64-mingw32/bin/../lib/gcc/nios2-elf/5.3.0/../../../../../H-x86_64-mingw32/nios2-elf/lib/mno-hw-mul\libsmallc.a(lib_a-puts.o)
                              obj/default/hello_ucosii.o (puts)
d:/intelfpga_lite/17.0/nios2eds/bin/gnu/h-x86_64-mingw32/bin/../lib/gcc/nios2-elf/5.3.0/../../../../../H-x86_64-mingw32/nios2-elf/lib/mno-hw-mul\libsmallc.a(lib_a-strlen.o)
                              d:/intelfpga_lite/17.0/nios2eds/bin/gnu/h-x86_64-mingw32/bin/../lib/gcc/nios2-elf/5.3.0/../../../../../H-x86_64-mingw32/nios2-elf/lib/mno-hw-mul\libsmallc.a(lib_a-puts.o) (strlen)
d:/intelfpga_lite/17.0/nios2eds/bin/gnu/h-x86_64-mingw32/bin/../lib/gcc/nios2-elf/5.3.0/../../../../../H-x86_64-mingw32/nios2-elf/lib/mno-hw-mul\libsmallc.a(lib_a-fvwrite_small_dev.o)
                              d:/intelfpga_lite/17.0/nios2eds/bin/gnu/h-x86_64-mingw32/bin/../lib/gcc/nios2-elf/5.3.0/../../../../../H-x86_64-mingw32/nios2-elf/lib/mno-hw-mul\libsmallc.a(lib_a-puts.o) (__sfvwrite_small_dev)
d:/intelfpga_lite/17.0/nios2eds/bin/gnu/h-x86_64-mingw32/bin/../lib/gcc/nios2-elf/5.3.0/../../../../../H-x86_64-mingw32/nios2-elf/lib/mno-hw-mul\libsmallc.a(lib_a-impure.o)
                              d:/intelfpga_lite/17.0/nios2eds/bin/gnu/h-x86_64-mingw32/bin/../lib/gcc/nios2-elf/5.3.0/../../../../../H-x86_64-mingw32/nios2-elf/lib/mno-hw-mul\libsmallc.a(lib_a-puts.o) (_impure_ptr)
d:/intelfpga_lite/17.0/nios2eds/bin/gnu/h-x86_64-mingw32/bin/../lib/gcc/nios2-elf/5.3.0/../../../../../H-x86_64-mingw32/nios2-elf/lib/mno-hw-mul\libsmallc.a(lib_a-writer.o)
                              d:/intelfpga_lite/17.0/nios2eds/bin/gnu/h-x86_64-mingw32/bin/../lib/gcc/nios2-elf/5.3.0/../../../../../H-x86_64-mingw32/nios2-elf/lib/mno-hw-mul\libsmallc.a(lib_a-fvwrite_small_dev.o) (_write_r)
d:/intelfpga_lite/17.0/nios2eds/bin/gnu/h-x86_64-mingw32/bin/../lib/gcc/nios2-elf/5.3.0/../../../../../H-x86_64-mingw32/nios2-elf/lib/mno-hw-mul\libsmallc.a(lib_a-int_errno.o)
                              d:/intelfpga_lite/17.0/nios2eds/bin/gnu/h-x86_64-mingw32/bin/../lib/gcc/nios2-elf/5.3.0/../../../../../H-x86_64-mingw32/nios2-elf/lib/mno-hw-mul\libsmallc.a(lib_a-writer.o) (errno)
../micro_bsp/\libucosii_bsp.a(alt_load.o)
                              ../micro_bsp//obj/HAL/src/crt0.o (alt_load)
../micro_bsp/\libucosii_bsp.a(alt_main.o)
                              ../micro_bsp//obj/HAL/src/crt0.o (alt_main)
../micro_bsp/\libucosii_bsp.a(alt_write.o)
                              d:/intelfpga_lite/17.0/nios2eds/bin/gnu/h-x86_64-mingw32/bin/../lib/gcc/nios2-elf/5.3.0/../../../../../H-x86_64-mingw32/nios2-elf/lib/mno-hw-mul\libsmallc.a(lib_a-writer.o) (write)
../micro_bsp/\libucosii_bsp.a(alt_env_lock.o)
                              ../micro_bsp/\libucosii_bsp.a(alt_main.o) (alt_envsem)
../micro_bsp/\libucosii_bsp.a(alt_malloc_lock.o)
                              ../micro_bsp/\libucosii_bsp.a(alt_main.o) (alt_heapsem)
../micro_bsp/\libucosii_bsp.a(os_core.o)
                              ../micro_bsp/\libucosii_bsp.a(alt_malloc_lock.o) (OSRunning)
../micro_bsp/\libucosii_bsp.a(os_dbg.o)
                              ../micro_bsp/\libucosii_bsp.a(os_core.o) (OSDebugInit)
../micro_bsp/\libucosii_bsp.a(os_flag.o)
                              ../micro_bsp/\libucosii_bsp.a(os_core.o) (OS_FlagInit)
../micro_bsp/\libucosii_bsp.a(os_mem.o)
                              ../micro_bsp/\libucosii_bsp.a(os_core.o) (OS_MemInit)
../micro_bsp/\libucosii_bsp.a(os_q.o)
                              ../micro_bsp/\libucosii_bsp.a(os_core.o) (OS_QInit)
../micro_bsp/\libucosii_bsp.a(os_sem.o)
                              ../micro_bsp/\libucosii_bsp.a(alt_main.o) (OSSemCreate)
../micro_bsp/\libucosii_bsp.a(os_task.o)
                              obj/default/hello_ucosii.o (OSTaskCreateExt)
../micro_bsp/\libucosii_bsp.a(os_time.o)
                              ../micro_bsp/\libucosii_bsp.a(os_core.o) (OSTimeDly)
../micro_bsp/\libucosii_bsp.a(alt_sys_init.o)
                              ../micro_bsp/\libucosii_bsp.a(alt_main.o) (alt_irq_init)
../micro_bsp/\libucosii_bsp.a(altera_avalon_jtag_uart_fd.o)
                              ../micro_bsp/\libucosii_bsp.a(alt_sys_init.o) (altera_avalon_jtag_uart_read_fd)
../micro_bsp/\libucosii_bsp.a(altera_avalon_jtag_uart_read.o)
                              ../micro_bsp/\libucosii_bsp.a(altera_avalon_jtag_uart_fd.o) (altera_avalon_jtag_uart_read)
../micro_bsp/\libucosii_bsp.a(altera_avalon_jtag_uart_write.o)
                              ../micro_bsp/\libucosii_bsp.a(altera_avalon_jtag_uart_fd.o) (altera_avalon_jtag_uart_write)
../micro_bsp/\libucosii_bsp.a(altera_avalon_timer_sc.o)
                              ../micro_bsp/\libucosii_bsp.a(alt_sys_init.o) (alt_avalon_timer_sc_init)
../micro_bsp/\libucosii_bsp.a(alt_close.o)
                              ../micro_bsp/\libucosii_bsp.a(alt_main.o) (close)
[...]
Memory Configuration

Name             Origin             Length             Attributes
reset            0x0000000000008000 0x0000000000000020
onchip_memory2_0 0x0000000000008020 0x0000000000007fe0
*default*        0x0000000000000000 0xffffffffffffffff

Linker script and memory map

LOAD ../micro_bsp//obj/HAL/src/crt0.o
LOAD obj/default/hello_ucosii.o
LOAD d:/intelfpga_lite/17.0/nios2eds/bin/gnu/h-x86_64-mingw32/bin/../lib/gcc/nios2-elf/5.3.0/../../../../../H-x86_64-mingw32/nios2-elf/lib/mno-hw-mul\libstdc++.a
LOAD d:/intelfpga_lite/17.0/nios2eds/bin/gnu/h-x86_64-mingw32/bin/../lib/gcc/nios2-elf/5.3.0/../../../../../H-x86_64-mingw32/nios2-elf/lib/mno-hw-mul\libm.a
LOAD d:/intelfpga_lite/17.0/nios2eds/bin/gnu/h-x86_64-mingw32/bin/../lib/gcc/nios2-elf/5.3.0/mno-hw-mul\libgcc.a
START GROUP
LOAD d:/intelfpga_lite/17.0/nios2eds/bin/gnu/h-x86_64-mingw32/bin/../lib/gcc/nios2-elf/5.3.0/../../../../../H-x86_64-mingw32/nios2-elf/lib/mno-hw-mul\libsmallc.a
LOAD d:/intelfpga_lite/17.0/nios2eds/bin/gnu/h-x86_64-mingw32/bin/../lib/gcc/nios2-elf/5.3.0/mno-hw-mul\libgcc.a
LOAD ../micro_bsp/\libucosii_bsp.a
LOAD d:/intelfpga_lite/17.0/nios2eds/bin/gnu/h-x86_64-mingw32/bin/../lib/gcc/nios2-elf/5.3.0/../../../../../H-x86_64-mingw32/nios2-elf/lib/mno-hw-mul\libm.a
END GROUP
LOAD d:/intelfpga_lite/17.0/nios2eds/bin/gnu/h-x86_64-mingw32/bin/../lib/gcc/nios2-elf/5.3.0/mno-hw-mul\libgcc.a
                0x0000000000008000                __alt_mem_onchip_memory2_0 = 0x8000

.entry          0x0000000000008000       0x20
 *(.entry)
 .entry         0x0000000000008000       0x20 ../micro_bsp//obj/HAL/src/crt0.o
                0x0000000000008000                __reset

.exceptions     0x0000000000008020      0x210
                0x0000000000008020                PROVIDE (__ram_exceptions_start, ABSOLUTE (.))
                0x0000000000008020                . = ALIGN (0x20)
 *(.irq)
 *(.exceptions.entry.label)
 .exceptions.entry.label
                0x0000000000008020        0x0 ../micro_bsp/\libucosii_bsp.a(alt_irq_entry.o)
                0x0000000000008020                alt_irq_entry
 .exceptions.entry.label
                0x0000000000008020        0x0 ../micro_bsp/\libucosii_bsp.a(alt_exception_entry.o)
                0x0000000000008020                alt_exception
 *(.exceptions.entry.user)
 *(.exceptions.entry.ecc_fatal)
 *(.exceptions.entry)
 .exceptions.entry
                0x0000000000008020       0x54 ../micro_bsp/\libucosii_bsp.a(alt_exception_entry.o)
 *(.exceptions.irqtest.user)
 *(.exceptions.irqtest)
 .exceptions.irqtest
                0x0000000000008074       0x10 ../micro_bsp/\libucosii_bsp.a(alt_irq_entry.o)
 *(.exceptions.irqhandler.user)
 *(.exceptions.irqhandler)
 .exceptions.irqhandler
                0x0000000000008084        0x4 ../micro_bsp/\libucosii_bsp.a(alt_irq_entry.o)
 *(.exceptions.irqreturn.user)
 *(.exceptions.irqreturn)
 .exceptions.irqreturn
                0x0000000000008088        0x4 ../micro_bsp/\libucosii_bsp.a(alt_irq_entry.o)
 *(.exceptions.notirq.label)
 .exceptions.notirq.label
                0x000000000000808c        0x0 ../micro_bsp/\libucosii_bsp.a(alt_irq_entry.o)
 *(.exceptions.notirq.user)
 *(.exceptions.notirq)
 .exceptions.notirq
                0x000000000000808c        0x8 ../micro_bsp/\libucosii_bsp.a(alt_exception_entry.o)
 *(.exceptions.soft.user)
 *(.exceptions.soft)
 *(.exceptions.unknown.user)
 *(.exceptions.unknown)
 .exceptions.unknown
                0x0000000000008094       0x14 ../micro_bsp/\libucosii_bsp.a(alt_exception_entry.o)
 *(.exceptions.exit.label)
 .exceptions.exit.label
                0x00000000000080a8        0x0 ../micro_bsp/\libucosii_bsp.a(alt_irq_entry.o)
 .exceptions.exit.label
                0x00000000000080a8        0x0 ../micro_bsp/\libucosii_bsp.a(alt_exception_entry.o)
 *(.exceptions.exit.user)
 *(.exceptions.exit)
 .exceptions.exit
                0x00000000000080a8       0x54 ../micro_bsp/\libucosii_bsp.a(alt_exception_entry.o)
 *(.exceptions)
 .exceptions    0x00000000000080fc       0xd4 ../micro_bsp/\libucosii_bsp.a(alt_irq_handler.o)
                0x00000000000080fc                alt_irq_handler
 .exceptions    0x00000000000081d0       0x60 ../micro_bsp/\libucosii_bsp.a(alt_instruction_exception_entry.o)
                0x00000000000081d0                alt_instruction_exception_entry
                0x0000000000008230                PROVIDE (__ram_exceptions_end, ABSOLUTE (.))
                0x0000000000008020                PROVIDE (__flash_exceptions_start, LOADADDR (.exceptions))

.text           0x0000000000008230     0x9aa0
                [!provide]                        PROVIDE (stext, ABSOLUTE (.))
 *(.interp)
 *(.hash)
 *(.dynsym)
 *(.dynstr)
 *(.gnu.version)
 *(.gnu.version_d)
 *(.gnu.version_r)
 *(.rel.init)
 *(.rela.init)
 *(.rel.text .rel.text.* .rel.gnu.linkonce.t.*)
 *(.rela.text .rela.text.* .rela.gnu.linkonce.t.*)
 *(.rel.fini)
 *(.rela.fini)
 *(.rel.rodata .rel.rodata.* .rel.gnu.linkonce.r.*)
 *(.rela.rodata .rela.rodata.* .rela.gnu.linkonce.r.*)
 *(.rel.data .rel.data.* .rel.gnu.linkonce.d.*)
 *(.rela.data .rela.data.* .rela.gnu.linkonce.d.*)
 *(.rel.tdata .rel.tdata.* .rel.gnu.linkonce.td.*)
 *(.rela.tdata .rela.tdata.* .rela.gnu.linkonce.td.*)
 *(.rel.tbss .rel.tbss.* .rel.gnu.linkonce.tb.*)
 *(.rela.tbss .rela.tbss.* .rela.gnu.linkonce.tb.*)
 *(.rel.ctors)
 *(.rela.ctors)
 *(.rel.dtors)
 *(.rela.dtors)
 *(.rel.got)
 *(.rela.got)
 *(.rel.sdata .rel.sdata.* .rel.gnu.linkonce.s.*)
 *(.rela.sdata .rela.sdata.* .rela.gnu.linkonce.s.*)
 *(.rel.sbss .rel.sbss.* .rel.gnu.linkonce.sb.*)
 *(.rela.sbss .rela.sbss.* .rela.gnu.linkonce.sb.*)
 *(.rel.sdata2 .rel.sdata2.* .rel.gnu.linkonce.s2.*)
 *(.rela.sdata2 .rela.sdata2.* .rela.gnu.linkonce.s2.*)
 *(.rel.sbss2 .rel.sbss2.* .rel.gnu.linkonce.sb2.*)
 *(.rela.sbss2 .rela.sbss2.* .rela.gnu.linkonce.sb2.*)
 *(.rel.bss .rel.bss.* .rel.gnu.linkonce.b.*)
 *(.rela.bss .rela.bss.* .rela.gnu.linkonce.b.*)
 *(.rel.plt)
 *(.rela.plt)
 *(.rel.dyn)
 *(.init)
 *(.plt)
 *(.text .stub .text.* .gnu.linkonce.t.*)
 .text          0x0000000000008230       0x3c ../micro_bsp//obj/HAL/src/crt0.o
                0x0000000000008230                _start
 .text          0x000000000000826c      0x11c obj/default/hello_ucosii.o
                0x000000000000826c                task1
                0x00000000000082a4                task2
                0x00000000000082dc                main
 .text          0x0000000000008388        0x0 d:/intelfpga_lite/17.0/nios2eds/bin/gnu/h-x86_64-mingw32/bin/../lib/gcc/nios2-elf/5.3.0/../../../../../H-x86_64-mingw32/nios2-elf/lib/mno-hw-mul\libsmallc.a(lib_a-puts.o)
 .text._puts_r  0x0000000000008388       0x80 d:/intelfpga_lite/17.0/nios2eds/bin/gnu/h-x86_64-mingw32/bin/../lib/gcc/nios2-elf/5.3.0/../../../../../H-x86_64-mingw32/nios2-elf/lib/mno-hw-mul\libsmallc.a(lib_a-puts.o)
                0x0000000000008388                _puts_r
 .text.puts     0x0000000000008408       0x14 d:/intelfpga_lite/17.0/nios2eds/bin/gnu/h-x86_64-mingw32/bin/../lib/gcc/nios2-elf/5.3.0/../../../../../H-x86_64-mingw32/nios2-elf/lib/mno-hw-mul\libsmallc.a(lib_a-puts.o)
                0x0000000000008408                puts
 .text          0x000000000000841c        0x0 d:/intelfpga_lite/17.0/nios2eds/bin/gnu/h-x86_64-mingw32/bin/../lib/gcc/nios2-elf/5.3.0/../../../../../H-x86_64-mingw32/nios2-elf/lib/mno-hw-mul\libsmallc.a(lib_a-strlen.o)
 .text.strlen   0x000000000000841c       0x1c d:/intelfpga_lite/17.0/nios2eds/bin/gnu/h-x86_64-mingw32/bin/../lib/gcc/nios2-elf/5.3.0/../../../../../H-x86_64-mingw32/nios2-elf/lib/mno-hw-mul\libsmallc.a(lib_a-strlen.o)
                0x000000000000841c                strlen
 .text          0x0000000000008438        0x0 d:/intelfpga_lite/17.0/nios2eds/bin/gnu/h-x86_64-mingw32/bin/../lib/gcc/nios2-elf/5.3.0/../../../../../H-x86_64-mingw32/nios2-elf/lib/mno-hw-mul\libsmallc.a(lib_a-fvwrite_small_dev.o)
 .text.__sfvwrite_small_dev
                0x0000000000008438       0xb8 d:/intelfpga_lite/17.0/nios2eds/bin/gnu/h-x86_64-mingw32/bin/../lib/gcc/nios2-elf/5.3.0/../../../../../H-x86_64-mingw32/nios2-elf/lib/mno-hw-mul\libsmallc.a(lib_a-fvwrite_small_dev.o)
                0x0000000000008438                __sfvwrite_small_dev
 .text          0x00000000000084f0        0x0 d:/intelfpga_lite/17.0/nios2eds/bin/gnu/h-x86_64-mingw32/bin/../lib/gcc/nios2-elf/5.3.0/../../../../../H-x86_64-mingw32/nios2-elf/lib/mno-hw-mul\libsmallc.a(lib_a-impure.o)
 .text          0x00000000000084f0        0x0 d:/intelfpga_lite/17.0/nios2eds/bin/gnu/h-x86_64-mingw32/bin/../lib/gcc/nios2-elf/5.3.0/../../../../../H-x86_64-mingw32/nios2-elf/lib/mno-hw-mul\libsmallc.a(lib_a-writer.o)
 .text._write_r
                0x00000000000084f0       0x58 d:/intelfpga_lite/17.0/nios2eds/bin/gnu/h-x86_64-mingw32/bin/../lib/gcc/nios2-elf/5.3.0/../../../../../H-x86_64-mingw32/nios2-elf/lib/mno-hw-mul\libsmallc.a(lib_a-writer.o)
                0x00000000000084f0                _write_r
 .text          0x0000000000008548        0x0 d:/intelfpga_lite/17.0/nios2eds/bin/gnu/h-x86_64-mingw32/bin/../lib/gcc/nios2-elf/5.3.0/../../../../../H-x86_64-mingw32/nios2-elf/lib/mno-hw-mul\libsmallc.a(lib_a-int_errno.o)
 .text          0x0000000000008548       0xec ../micro_bsp/\libucosii_bsp.a(alt_load.o)
                0x00000000000085b0                alt_load
 .text          0x0000000000008634       0xac ../micro_bsp/\libucosii_bsp.a(alt_main.o)
                0x0000000000008634                alt_main
 .text          0x00000000000086e0      0x13c ../micro_bsp/\libucosii_bsp.a(alt_write.o)
                0x000000000000871c                write
 .text          0x000000000000881c      0x124 ../micro_bsp/\libucosii_bsp.a(alt_env_lock.o)
                0x000000000000881c                __env_lock
                0x00000000000088e0                __env_unlock
 .text          0x0000000000008940      0x1ec ../micro_bsp/\libucosii_bsp.a(alt_malloc_lock.o)
                0x0000000000008940                __malloc_lock
                0x0000000000008a60                __malloc_unlock
 .text          0x0000000000008b2c     0x2014 ../micro_bsp/\libucosii_bsp.a(os_core.o)
                0x0000000000008b2c                OSEventNameGet
                0x0000000000008c4c                OSEventNameSet
                0x0000000000008d8c                OSEventPendMulti
                0x000000000000939c                OSInit
                0x00000000000093f4                OSIntEnter
                0x0000000000009440                OSIntExit
                0x0000000000009538                OSSchedLock
                0x00000000000095c4                OSSchedUnlock
                0x00000000000096a0                OSStart
                0x0000000000009710                OSStatInit
                0x00000000000097c0                OSTimeTick
                0x00000000000099e0                OSVersion
                0x0000000000009a00                OS_Dummy
                0x0000000000009a20                OS_EventTaskRdy
                0x0000000000009bb8                OS_EventTaskWait
                0x0000000000009cc8                OS_EventTaskWaitMulti
                0x0000000000009e18                OS_EventTaskRemove
                0x0000000000009ed0                OS_EventTaskRemoveMulti
                0x0000000000009fd0                OS_EventWaitListInit
                0x000000000000a3b0                OS_MemClr
                0x000000000000a404                OS_MemCopy
                0x000000000000a46c                OS_Sched
                0x000000000000a5b0                OS_StrCopy
                0x000000000000a624                OS_StrLen
                0x000000000000a678                OS_TaskIdle
                0x000000000000a6d4                OS_TaskStat
                0x000000000000a7a0                OS_TaskStatStkChk
                0x000000000000a86c                OS_TCBInit
 .text          0x000000000000ab40      0x190 ../micro_bsp/\libucosii_bsp.a(os_dbg.o)
                0x000000000000ab40                OSDebugInit
 .text          0x000000000000acd0     0x1714 ../micro_bsp/\libucosii_bsp.a(os_flag.o)
                0x000000000000acd0                OSFlagAccept
                0x000000000000afd8                OSFlagCreate
                0x000000000000b0e0                OSFlagDel
                0x000000000000b328                OSFlagNameGet
                0x000000000000b450                OSFlagNameSet
                0x000000000000b59c                OSFlagPend
                0x000000000000bb54                OSFlagPendGetFlagsRdy
                0x000000000000bbb4                OSFlagPost
                0x000000000000bf48                OSFlagQuery
                0x000000000000c16c                OS_FlagInit
                0x000000000000c340                OS_FlagUnlink
 .text          0x000000000000c3e4      0x760 ../micro_bsp/\libucosii_bsp.a(os_mem.o)
                0x000000000000c3e4                OSMemCreate
                0x000000000000c5b8                OSMemGet
                0x000000000000c6a8                OSMemNameGet
                0x000000000000c798                OSMemNameSet
                0x000000000000c8ac                OSMemPut
                0x000000000000c984                OSMemQuery
                0x000000000000ca6c                OS_MemInit
 .text          0x000000000000cb44     0x1104 ../micro_bsp/\libucosii_bsp.a(os_q.o)
                0x000000000000cb44                OSQAccept
                0x000000000000cc84                OSQCreate
                0x000000000000ce30                OSQDel
                0x000000000000d0b0                OSQFlush
                0x000000000000d168                OSQPend
                0x000000000000d3f4                OSQPendAbort
                0x000000000000d560                OSQPost
                0x000000000000d6c8                OSQPostFront
                0x000000000000d838                OSQPostOpt
                0x000000000000da44                OSQQuery
                0x000000000000dba0                OS_QInit
 .text          0x000000000000dc48      0xa60 ../micro_bsp/\libucosii_bsp.a(os_sem.o)
                0x000000000000dc48                OSSemAccept
                0x000000000000dcf8                OSSemCreate
                0x000000000000ddd0                OSSemDel
                0x000000000000e010                OSSemPend
                0x000000000000e21c                OSSemPendAbort
                0x000000000000e388                OSSemPost
                0x000000000000e498                OSSemQuery
                0x000000000000e5a8                OSSemSet
 .text          0x000000000000e6a8     0x176c ../micro_bsp/\libucosii_bsp.a(os_task.o)
                0x000000000000e6a8                OSTaskChangePrio
                0x000000000000eb98                OSTaskCreate
                0x000000000000ed44                OSTaskCreateExt
                0x000000000000ef28                OSTaskDel
                0x000000000000f26c                OSTaskDelReq
                0x000000000000f3bc                OSTaskNameGet
                0x000000000000f554                OSTaskNameSet
                0x000000000000f708                OSTaskResume
                0x000000000000f8dc                OSTaskStkChk
                0x000000000000fa9c                OSTaskSuspend
                0x000000000000fc80                OSTaskQuery
                0x000000000000fda4                OS_TaskStkClr
 .text          0x000000000000fe14      0x510 ../micro_bsp/\libucosii_bsp.a(os_time.o)
                0x000000000000fe14                OSTimeDly
                0x000000000000ff18                OSTimeDlyHMSM
                0x0000000000010094                OSTimeDlyResume
                0x0000000000010268                OSTimeGet
                0x00000000000102c4                OSTimeSet
 .text          0x0000000000010324       0xb8 ../micro_bsp/\libucosii_bsp.a(alt_sys_init.o)
                0x0000000000010358                alt_irq_init
                0x0000000000010390                alt_sys_init
 .text          0x00000000000103dc       0xc0 ../micro_bsp/\libucosii_bsp.a(altera_avalon_jtag_uart_fd.o)
                0x00000000000103dc                altera_avalon_jtag_uart_read_fd
                0x000000000001043c                altera_avalon_jtag_uart_write_fd
 .text          0x000000000001049c       0xec ../micro_bsp/\libucosii_bsp.a(altera_avalon_jtag_uart_read.o)
                0x000000000001049c                altera_avalon_jtag_uart_read
 .text          0x0000000000010588       0x94 ../micro_bsp/\libucosii_bsp.a(altera_avalon_jtag_uart_write.o)
                0x0000000000010588                altera_avalon_jtag_uart_write
 .text          0x000000000001061c       0xf4 ../micro_bsp/\libucosii_bsp.a(altera_avalon_timer_sc.o)
                0x0000000000010694                alt_avalon_timer_sc_init
 .text          0x0000000000010710      0x114 ../micro_bsp/\libucosii_bsp.a(alt_close.o)
                0x000000000001074c                close
 .text          0x0000000000010824       0x20 ../micro_bsp/\libucosii_bsp.a(alt_dcache_flush_all.o)
                0x0000000000010824                alt_dcache_flush_all
 .text          0x0000000000010844       0x2c ../micro_bsp/\libucosii_bsp.a(alt_dev.o)
 .text          0x0000000000010870       0xe0 ../micro_bsp/\libucosii_bsp.a(alt_dev_llist_insert.o)
                0x00000000000108ac                alt_dev_llist_insert
 .text          0x0000000000010950        0x0 ../micro_bsp/\libucosii_bsp.a(alt_errno.o)
 .text          0x0000000000010950       0x20 ../micro_bsp/\libucosii_bsp.a(alt_icache_flush_all.o)
                0x0000000000010950                alt_icache_flush_all
 .text          0x0000000000010970      0x1b0 ../micro_bsp/\libucosii_bsp.a(alt_iic.o)
                0x0000000000010970                alt_ic_isr_register
                0x00000000000109c0                alt_ic_irq_enable
                0x0000000000010a48                alt_ic_irq_disable
                0x0000000000010ad4                alt_ic_irq_enabled
 .text          0x0000000000010b20       0xf0 ../micro_bsp/\libucosii_bsp.a(alt_iic_isr_register.o)
                0x0000000000010b20                alt_iic_isr_register
 .text          0x0000000000010c10      0x160 ../micro_bsp/\libucosii_bsp.a(alt_io_redirect.o)
                0x0000000000010cf4                alt_io_redirect
 .text          0x0000000000010d70        0x0 ../micro_bsp/\libucosii_bsp.a(alt_irq_entry.o)
 .text          0x0000000000010d70        0x0 ../micro_bsp/\libucosii_bsp.a(alt_irq_handler.o)
 .text          0x0000000000010d70        0x0 ../micro_bsp/\libucosii_bsp.a(alt_irq_vars.o)
 .text          0x0000000000010d70      0x284 ../micro_bsp/\libucosii_bsp.a(alt_open.o)
                0x0000000000010e98                open
 .text          0x0000000000010ff4       0x84 ../micro_bsp/\libucosii_bsp.a(alt_release_fd.o)
                0x0000000000010ff4                alt_release_fd
 .text          0x0000000000011078      0x1a4 ../micro_bsp/\libucosii_bsp.a(alt_tick.o)
                0x0000000000011078                alt_alarm_stop
                0x0000000000011114                alt_tick
 .text          0x000000000001121c       0x24 ../micro_bsp/\libucosii_bsp.a(altera_nios2_gen2_irq.o)
                0x000000000001121c                altera_nios2_gen2_irq_init
 .text          0x0000000000011240       0xd0 ../micro_bsp/\libucosii_bsp.a(os_cpu_a.o)
                0x0000000000011240                OSCtxSw
                0x0000000000011240                OSIntCtxSw
                0x00000000000112cc                OSStartHighRdy
                0x00000000000112ec                OSStartTsk
 .text          0x0000000000011310      0x288 ../micro_bsp/\libucosii_bsp.a(os_cpu_c.o)
                0x0000000000011310                OSTaskStkInit
                0x000000000001146c                OSTaskCreateHook
                0x0000000000011490                OSTaskDelHook
                0x00000000000114b4                OSTaskSwHook
                0x00000000000114d4                OSTaskStatHook
                0x00000000000114f4                OSTimeTickHook
                0x0000000000011514                OSInitHookBegin
                0x0000000000011534                OSInitHookEnd
                0x0000000000011554                OSTaskIdleHook
                0x0000000000011574                OSTCBInitHook
 .text          0x0000000000011598        0x0 ../micro_bsp/\libucosii_bsp.a(alt_exception_entry.o)
 .text          0x0000000000011598       0x90 ../micro_bsp/\libucosii_bsp.a(alt_find_dev.o)
                0x0000000000011598                alt_find_dev
 .text          0x0000000000011628      0x108 ../micro_bsp/\libucosii_bsp.a(alt_find_file.o)
                0x0000000000011628                alt_find_file
 .text          0x0000000000011730       0xf4 ../micro_bsp/\libucosii_bsp.a(alt_get_fd.o)
                0x0000000000011730                alt_get_fd
 .text          0x0000000000011824       0x9c ../micro_bsp/\libucosii_bsp.a(alt_instruction_exception_entry.o)
                0x0000000000011824                alt_exception_cause_generated_bad_addr
 .text          0x00000000000118c0        0x0 d:/intelfpga_lite/17.0/nios2eds/bin/gnu/h-x86_64-mingw32/bin/../lib/gcc/nios2-elf/5.3.0/../../../../../H-x86_64-mingw32/nios2-elf/lib/mno-hw-mul\libsmallc.a(lib_a-exit.o)
 .text.exit     0x00000000000118c0       0x20 d:/intelfpga_lite/17.0/nios2eds/bin/gnu/h-x86_64-mingw32/bin/../lib/gcc/nios2-elf/5.3.0/../../../../../H-x86_64-mingw32/nios2-elf/lib/mno-hw-mul\libsmallc.a(lib_a-exit.o)
                0x00000000000118c0                exit
 .text          0x00000000000118e0        0x0 d:/intelfpga_lite/17.0/nios2eds/bin/gnu/h-x86_64-mingw32/bin/../lib/gcc/nios2-elf/5.3.0/../../../../../H-x86_64-mingw32/nios2-elf/lib/mno-hw-mul\libsmallc.a(lib_a-memcmp.o)
 .text.memcmp   0x00000000000118e0       0x30 d:/intelfpga_lite/17.0/nios2eds/bin/gnu/h-x86_64-mingw32/bin/../lib/gcc/nios2-elf/5.3.0/../../../../../H-x86_64-mingw32/nios2-elf/lib/mno-hw-mul\libsmallc.a(lib_a-memcmp.o)
                0x00000000000118e0                memcmp
 .text          0x0000000000011910        0x0 d:/intelfpga_lite/17.0/nios2eds/bin/gnu/h-x86_64-mingw32/bin/../lib/gcc/nios2-elf/5.3.0/../../../../../H-x86_64-mingw32/nios2-elf/lib/mno-hw-mul\libsmallc.a(lib_a-memset.o)
 .text.memset   0x0000000000011910       0x20 d:/intelfpga_lite/17.0/nios2eds/bin/gnu/h-x86_64-mingw32/bin/../lib/gcc/nios2-elf/5.3.0/../../../../../H-x86_64-mingw32/nios2-elf/lib/mno-hw-mul\libsmallc.a(lib_a-memset.o)
                0x0000000000011910                memset
 .text          0x0000000000011930        0x0 d:/intelfpga_lite/17.0/nios2eds/bin/gnu/h-x86_64-mingw32/bin/../lib/gcc/nios2-elf/5.3.0/../../../../../H-x86_64-mingw32/nios2-elf/lib/mno-hw-mul\libsmallc.a(lib_a-__call_atexit.o)
 .text.__call_exitprocs
                0x0000000000011930      0x190 d:/intelfpga_lite/17.0/nios2eds/bin/gnu/h-x86_64-mingw32/bin/../lib/gcc/nios2-elf/5.3.0/../../../../../H-x86_64-mingw32/nios2-elf/lib/mno-hw-mul\libsmallc.a(lib_a-__call_atexit.o)
                0x0000000000011930                __call_exitprocs
 .text          0x0000000000011ac0      0x1b4 d:/intelfpga_lite/17.0/nios2eds/bin/gnu/h-x86_64-mingw32/bin/../lib/gcc/nios2-elf/5.3.0/mno-hw-mul\libgcc.a(lib2-divmod.o)
                0x0000000000011ac0                __divsi3
                0x0000000000011b44                __modsi3
                0x0000000000011bb8                __udivsi3
                0x0000000000011c1c                __umodsi3
 .text          0x0000000000011c74       0x28 d:/intelfpga_lite/17.0/nios2eds/bin/gnu/h-x86_64-mingw32/bin/../lib/gcc/nios2-elf/5.3.0/mno-hw-mul\libgcc.a(lib2-mul.o)
                0x0000000000011c74                __mulsi3
 .text          0x0000000000011c9c       0x34 ../micro_bsp/\libucosii_bsp.a(alt_exit.o)
                0x0000000000011c9c                _exit
 *(.gnu.warning.*)
 *(.fini)
                [!provide]                        PROVIDE (__etext, ABSOLUTE (.))
                [!provide]                        PROVIDE (_etext, ABSOLUTE (.))
                [!provide]                        PROVIDE (etext, ABSOLUTE (.))
 *(.eh_frame_hdr)
                0x0000000000011cd0                . = ALIGN (0x4)
                [!provide]                        PROVIDE (__preinit_array_start, ABSOLUTE (.))
 *(.preinit_array)
                [!provide]                        PROVIDE (__preinit_array_end, ABSOLUTE (.))
                [!provide]                        PROVIDE (__init_array_start, ABSOLUTE (.))
 *(.init_array)
                [!provide]                        PROVIDE (__init_array_end, ABSOLUTE (.))
                [!provide]                        PROVIDE (__fini_array_start, ABSOLUTE (.))
 *(.fini_array)
                [!provide]                        PROVIDE (__fini_array_end, ABSOLUTE (.))
 *(.eh_frame)
 *(.gcc_except_table .gcc_except_table.*)
 *(.dynamic)
                [!provide]                        PROVIDE (__CTOR_LIST__, ABSOLUTE (.))
 *(.ctors)
 *(SORT(.ctors.*))
                [!provide]                        PROVIDE (__CTOR_END__, ABSOLUTE (.))
                [!provide]                        PROVIDE (__DTOR_LIST__, ABSOLUTE (.))
 *(.dtors)
 *(SORT(.dtors.*))
                [!provide]                        PROVIDE (__DTOR_END__, ABSOLUTE (.))
 *(.jcr)
                0x0000000000011cd0                . = ALIGN (0x4)

.rodata         0x0000000000011cd0      0x184
                0x0000000000011cd0                PROVIDE (__ram_rodata_start, ABSOLUTE (.))
                0x0000000000011cd0                . = ALIGN (0x4)
 *(.rodata .rodata.* .gnu.linkonce.r.*)
 .rodata        0x0000000000011cd0       0x25 obj/default/hello_ucosii.o
 *fill*         0x0000000000011cf5        0x3 
 .rodata.str1.4
                0x0000000000011cf8        0x4 d:/intelfpga_lite/17.0/nios2eds/bin/gnu/h-x86_64-mingw32/bin/../lib/gcc/nios2-elf/5.3.0/../../../../../H-x86_64-mingw32/nios2-elf/lib/mno-hw-mul\libsmallc.a(lib_a-puts.o)
                                          0x2 (size before relaxing)
 .rodata        0x0000000000011cfc       0x11 ../micro_bsp/\libucosii_bsp.a(alt_main.o)
 *fill*         0x0000000000011d0d        0x3 
 .rodata        0x0000000000011d10      0x11e ../micro_bsp/\libucosii_bsp.a(os_core.o)
                0x0000000000011d10                OSUnMapTbl
 *fill*         0x0000000000011e2e        0x2 
 .rodata        0x0000000000011e30       0x11 ../micro_bsp/\libucosii_bsp.a(alt_sys_init.o)
 *fill*         0x0000000000011e41        0x3 
 .rodata        0x0000000000011e44        0xa ../micro_bsp/\libucosii_bsp.a(alt_dev.o)
 *fill*         0x0000000000011e4e        0x2 
 .rodata        0x0000000000011e50        0x2 ../micro_bsp/\libucosii_bsp.a(os_cpu_c.o)
 *(.rodata1)
                0x0000000000011e54                . = ALIGN (0x4)
 *fill*         0x0000000000011e52        0x2 
                0x0000000000011e54                PROVIDE (__ram_rodata_end, ABSOLUTE (.))
                0x0000000000011cd0                PROVIDE (__flash_rodata_start, LOADADDR (.rodata))

.rwdata         0x0000000000011e54      0x35c load address 0x00000000000121b0
                0x0000000000011e54                PROVIDE (__ram_rwdata_start, ABSOLUTE (.))
                0x0000000000011e54                . = ALIGN (0x4)
 *(.got.plt)
 *(.got)
 *(.data1)
 *(.data .data.* .gnu.linkonce.d.*)
 .data          0x0000000000011e54        0x0 ../micro_bsp//obj/HAL/src/crt0.o
 .data          0x0000000000011e54        0x0 obj/default/hello_ucosii.o
 .data          0x0000000000011e54        0x0 d:/intelfpga_lite/17.0/nios2eds/bin/gnu/h-x86_64-mingw32/bin/../lib/gcc/nios2-elf/5.3.0/../../../../../H-x86_64-mingw32/nios2-elf/lib/mno-hw-mul\libsmallc.a(lib_a-puts.o)
 .data          0x0000000000011e54        0x0 d:/intelfpga_lite/17.0/nios2eds/bin/gnu/h-x86_64-mingw32/bin/../lib/gcc/nios2-elf/5.3.0/../../../../../H-x86_64-mingw32/nios2-elf/lib/mno-hw-mul\libsmallc.a(lib_a-strlen.o)
 .data          0x0000000000011e54        0x0 d:/intelfpga_lite/17.0/nios2eds/bin/gnu/h-x86_64-mingw32/bin/../lib/gcc/nios2-elf/5.3.0/../../../../../H-x86_64-mingw32/nios2-elf/lib/mno-hw-mul\libsmallc.a(lib_a-fvwrite_small_dev.o)
 .data          0x0000000000011e54        0x0 d:/intelfpga_lite/17.0/nios2eds/bin/gnu/h-x86_64-mingw32/bin/../lib/gcc/nios2-elf/5.3.0/../../../../../H-x86_64-mingw32/nios2-elf/lib/mno-hw-mul\libsmallc.a(lib_a-impure.o)
 .data.impure_data
                0x0000000000011e54       0xe0 d:/intelfpga_lite/17.0/nios2eds/bin/gnu/h-x86_64-mingw32/bin/../lib/gcc/nios2-elf/5.3.0/../../../../../H-x86_64-mingw32/nios2-elf/lib/mno-hw-mul\libsmallc.a(lib_a-impure.o)
 .data          0x0000000000011f34        0x0 d:/intelfpga_lite/17.0/nios2eds/bin/gnu/h-x86_64-mingw32/bin/../lib/gcc/nios2-elf/5.3.0/../../../../../H-x86_64-mingw32/nios2-elf/lib/mno-hw-mul\libsmallc.a(lib_a-writer.o)
 .data          0x0000000000011f34        0x0 d:/intelfpga_lite/17.0/nios2eds/bin/gnu/h-x86_64-mingw32/bin/../lib/gcc/nios2-elf/5.3.0/../../../../../H-x86_64-mingw32/nios2-elf/lib/mno-hw-mul\libsmallc.a(lib_a-int_errno.o)
 .data          0x0000000000011f34        0x0 ../micro_bsp/\libucosii_bsp.a(alt_load.o)
 .data          0x0000000000011f34        0x0 ../micro_bsp/\libucosii_bsp.a(alt_main.o)
 .data          0x0000000000011f34        0x0 ../micro_bsp/\libucosii_bsp.a(alt_write.o)
 .data          0x0000000000011f34        0x0 ../micro_bsp/\libucosii_bsp.a(alt_env_lock.o)
 .data          0x0000000000011f34        0x0 ../micro_bsp/\libucosii_bsp.a(alt_malloc_lock.o)
 .data          0x0000000000011f34        0x0 ../micro_bsp/\libucosii_bsp.a(os_core.o)
 .data          0x0000000000011f34        0x0 ../micro_bsp/\libucosii_bsp.a(os_dbg.o)
 .data          0x0000000000011f34        0x0 ../micro_bsp/\libucosii_bsp.a(os_flag.o)
 .data          0x0000000000011f34        0x0 ../micro_bsp/\libucosii_bsp.a(os_mem.o)
 .data          0x0000000000011f34        0x0 ../micro_bsp/\libucosii_bsp.a(os_q.o)
 .data          0x0000000000011f34        0x0 ../micro_bsp/\libucosii_bsp.a(os_sem.o)
 .data          0x0000000000011f34        0x0 ../micro_bsp/\libucosii_bsp.a(os_task.o)
 .data          0x0000000000011f34        0x0 ../micro_bsp/\libucosii_bsp.a(os_time.o)
 .data          0x0000000000011f34       0x2c ../micro_bsp/\libucosii_bsp.a(alt_sys_init.o)
 .data          0x0000000000011f60        0x0 ../micro_bsp/\libucosii_bsp.a(altera_avalon_jtag_uart_fd.o)
 .data          0x0000000000011f60        0x0 ../micro_bsp/\libucosii_bsp.a(altera_avalon_jtag_uart_read.o)
 .data          0x0000000000011f60        0x0 ../micro_bsp/\libucosii_bsp.a(altera_avalon_jtag_uart_write.o)
 .data          0x0000000000011f60        0x0 ../micro_bsp/\libucosii_bsp.a(altera_avalon_timer_sc.o)
 .data          0x0000000000011f60        0x0 ../micro_bsp/\libucosii_bsp.a(alt_close.o)
 .data          0x0000000000011f60        0x0 ../micro_bsp/\libucosii_bsp.a(alt_dcache_flush_all.o)
 .data          0x0000000000011f60      0x1a8 ../micro_bsp/\libucosii_bsp.a(alt_dev.o)
                0x0000000000011f60                alt_dev_null
                0x0000000000011f88                alt_fd_list
 .data          0x0000000000012108        0x0 ../micro_bsp/\libucosii_bsp.a(alt_dev_llist_insert.o)
 .data          0x0000000000012108        0x0 ../micro_bsp/\libucosii_bsp.a(alt_errno.o)
 .data          0x0000000000012108        0x0 ../micro_bsp/\libucosii_bsp.a(alt_icache_flush_all.o)
 .data          0x0000000000012108        0x0 ../micro_bsp/\libucosii_bsp.a(alt_iic.o)
 .data          0x0000000000012108        0x0 ../micro_bsp/\libucosii_bsp.a(alt_iic_isr_register.o)
 .data          0x0000000000012108        0x0 ../micro_bsp/\libucosii_bsp.a(alt_io_redirect.o)
 .data          0x0000000000012108        0x0 ../micro_bsp/\libucosii_bsp.a(alt_irq_entry.o)
 .data          0x0000000000012108        0x0 ../micro_bsp/\libucosii_bsp.a(alt_irq_handler.o)
 .data          0x0000000000012108        0x0 ../micro_bsp/\libucosii_bsp.a(alt_irq_vars.o)
 .data          0x0000000000012108        0x0 ../micro_bsp/\libucosii_bsp.a(alt_open.o)
 .data          0x0000000000012108        0x0 ../micro_bsp/\libucosii_bsp.a(alt_release_fd.o)
 .data          0x0000000000012108        0x0 ../micro_bsp/\libucosii_bsp.a(alt_tick.o)
 .data          0x0000000000012108        0x0 ../micro_bsp/\libucosii_bsp.a(altera_nios2_gen2_irq.o)
 .data          0x0000000000012108        0x0 ../micro_bsp/\libucosii_bsp.a(os_cpu_a.o)
 .data          0x0000000000012108        0x0 ../micro_bsp/\libucosii_bsp.a(os_cpu_c.o)
 .data          0x0000000000012108        0x0 ../micro_bsp/\libucosii_bsp.a(alt_exception_entry.o)
 .data          0x0000000000012108        0x0 ../micro_bsp/\libucosii_bsp.a(alt_find_dev.o)
 .data          0x0000000000012108        0x0 ../micro_bsp/\libucosii_bsp.a(alt_find_file.o)
 .data          0x0000000000012108        0x0 ../micro_bsp/\libucosii_bsp.a(alt_get_fd.o)
 .data          0x0000000000012108        0x0 ../micro_bsp/\libucosii_bsp.a(alt_instruction_exception_entry.o)
 .data          0x0000000000012108        0x0 d:/intelfpga_lite/17.0/nios2eds/bin/gnu/h-x86_64-mingw32/bin/../lib/gcc/nios2-elf/5.3.0/../../../../../H-x86_64-mingw32/nios2-elf/lib/mno-hw-mul\libsmallc.a(lib_a-exit.o)
 .data          0x0000000000012108        0x0 d:/intelfpga_lite/17.0/nios2eds/bin/gnu/h-x86_64-mingw32/bin/../lib/gcc/nios2-elf/5.3.0/../../../../../H-x86_64-mingw32/nios2-elf/lib/mno-hw-mul\libsmallc.a(lib_a-memcmp.o)
 .data          0x0000000000012108        0x0 d:/intelfpga_lite/17.0/nios2eds/bin/gnu/h-x86_64-mingw32/bin/../lib/gcc/nios2-elf/5.3.0/../../../../../H-x86_64-mingw32/nios2-elf/lib/mno-hw-mul\libsmallc.a(lib_a-memset.o)
 .data          0x0000000000012108        0x0 d:/intelfpga_lite/17.0/nios2eds/bin/gnu/h-x86_64-mingw32/bin/../lib/gcc/nios2-elf/5.3.0/../../../../../H-x86_64-mingw32/nios2-elf/lib/mno-hw-mul\libsmallc.a(lib_a-__call_atexit.o)
 .data          0x0000000000012108        0x0 d:/intelfpga_lite/17.0/nios2eds/bin/gnu/h-x86_64-mingw32/bin/../lib/gcc/nios2-elf/5.3.0/mno-hw-mul\libgcc.a(lib2-divmod.o)
 .data          0x0000000000012108        0x0 d:/intelfpga_lite/17.0/nios2eds/bin/gnu/h-x86_64-mingw32/bin/../lib/gcc/nios2-elf/5.3.0/mno-hw-mul\libgcc.a(lib2-mul.o)
 .data          0x0000000000012108        0x0 ../micro_bsp/\libucosii_bsp.a(alt_exit.o)
                0x000000000001a108                _gp = ABSOLUTE ((. + 0x8000))
                [!provide]                        PROVIDE (gp, _gp)
 *(.rwdata .rwdata.*)
 *(.sdata .sdata.* .gnu.linkonce.s.*)
 .sdata._global_impure_ptr
                0x0000000000012108        0x4 d:/intelfpga_lite/17.0/nios2eds/bin/gnu/h-x86_64-mingw32/bin/../lib/gcc/nios2-elf/5.3.0/../../../../../H-x86_64-mingw32/nios2-elf/lib/mno-hw-mul\libsmallc.a(lib_a-impure.o)
                0x0000000000012108                _global_impure_ptr
 .sdata._impure_ptr
                0x000000000001210c        0x4 d:/intelfpga_lite/17.0/nios2eds/bin/gnu/h-x86_64-mingw32/bin/../lib/gcc/nios2-elf/5.3.0/../../../../../H-x86_64-mingw32/nios2-elf/lib/mno-hw-mul\libsmallc.a(lib_a-impure.o)
                0x000000000001210c                _impure_ptr
 .sdata         0x0000000000012110        0x4 ../micro_bsp/\libucosii_bsp.a(alt_env_lock.o)
 .sdata         0x0000000000012114        0x4 ../micro_bsp/\libucosii_bsp.a(alt_malloc_lock.o)
 .sdata         0x0000000000012118       0x72 ../micro_bsp/\libucosii_bsp.a(os_dbg.o)
                0x0000000000012118                OSDebugEn
                0x000000000001211c                OSEndiannessTest
                0x0000000000012120                OSEventEn
                0x0000000000012122                OSEventMax
                0x0000000000012124                OSEventNameSize
                0x0000000000012126                OSEventSize
                0x0000000000012128                OSEventTblSize
                0x000000000001212a                OSEventMultiEn
                0x000000000001212c                OSFlagEn
                0x000000000001212e                OSFlagGrpSize
                0x0000000000012130                OSFlagNodeSize
                0x0000000000012132                OSFlagWidth
                0x0000000000012134                OSFlagMax
                0x0000000000012136                OSFlagNameSize
                0x0000000000012138                OSLowestPrio
                0x000000000001213a                OSMboxEn
                0x000000000001213c                OSMemEn
                0x000000000001213e                OSMemMax
                0x0000000000012140                OSMemNameSize
                0x0000000000012142                OSMemSize
                0x0000000000012144                OSMemTblSize
                0x0000000000012146                OSMutexEn
                0x0000000000012148                OSPtrSize
                0x000000000001214a                OSQEn
                0x000000000001214c                OSQMax
                0x000000000001214e                OSQSize
                0x0000000000012150                OSRdyTblSize
                0x0000000000012152                OSSemEn
                0x0000000000012154                OSStkWidth
                0x0000000000012156                OSTaskCreateEn
                0x0000000000012158                OSTaskCreateExtEn
                0x000000000001215a                OSTaskDelEn
                0x000000000001215c                OSTaskIdleStkSize
                0x000000000001215e                OSTaskProfileEn
                0x0000000000012160                OSTaskMax
                0x0000000000012162                OSTaskNameSize
                0x0000000000012164                OSTaskStatEn
                0x0000000000012166                OSTaskStatStkSize
                0x0000000000012168                OSTaskStatStkChkEn
                0x000000000001216a                OSTaskSwHookEn
                0x000000000001216c                OSTCBPrioTblMax
                0x000000000001216e                OSTCBSize
                0x0000000000012170                OSTicksPerSec
                0x0000000000012172                OSTimeTickHookEn
                0x0000000000012174                OSVersionNbr
                0x0000000000012176                OSTmrEn
                0x0000000000012178                OSTmrCfgMax
                0x000000000001217a                OSTmrCfgNameSize
                0x000000000001217c                OSTmrCfgWheelSize
                0x000000000001217e                OSTmrCfgTicksPerSec
                0x0000000000012180                OSTmrSize
                0x0000000000012182                OSTmrTblSize
                0x0000000000012184                OSTmrWheelSize
                0x0000000000012186                OSTmrWheelTblSize
                0x0000000000012188                OSDataSize
 *fill*         0x000000000001218a        0x2 
 .sdata         0x000000000001218c       0x14 ../micro_bsp/\libucosii_bsp.a(alt_dev.o)
                0x000000000001218c                alt_fs_list
                0x0000000000012194                alt_dev_list
                0x000000000001219c                alt_max_fd
 .sdata         0x00000000000121a0        0x4 ../micro_bsp/\libucosii_bsp.a(alt_errno.o)
                0x00000000000121a0                alt_errno
 .sdata         0x00000000000121a4        0x4 ../micro_bsp/\libucosii_bsp.a(alt_irq_vars.o)
                0x00000000000121a4                alt_priority_mask
 .sdata         0x00000000000121a8        0x8 ../micro_bsp/\libucosii_bsp.a(alt_tick.o)
                0x00000000000121a8                alt_alarm_list
 *(.sdata2 .sdata2.* .gnu.linkonce.s2.*)
                0x00000000000121b0                . = ALIGN (0x4)
                0x00000000000121b0                _edata = ABSOLUTE (.)
                [!provide]                        PROVIDE (edata, ABSOLUTE (.))
                0x00000000000121b0                PROVIDE (__ram_rwdata_end, ABSOLUTE (.))
                0x00000000000121b0                PROVIDE (__flash_rwdata_start, LOADADDR (.rwdata))

.bss            0x000000000001250c     0x73a8
                0x000000000001250c                __bss_start = ABSOLUTE (.)
                [!provide]                        PROVIDE (__sbss_start, ABSOLUTE (.))
                [!provide]                        PROVIDE (___sbss_start, ABSOLUTE (.))
 *(.dynsbss)
 *(.sbss .sbss.* .gnu.linkonce.sb.*)
 .sbss          0x000000000001250c        0x4 d:/intelfpga_lite/17.0/nios2eds/bin/gnu/h-x86_64-mingw32/bin/../lib/gcc/nios2-elf/5.3.0/../../../../../H-x86_64-mingw32/nios2-elf/lib/mno-hw-mul\libsmallc.a(lib_a-int_errno.o)
                0x000000000001250c                errno
 .sbss          0x0000000000012510        0xc ../micro_bsp/\libucosii_bsp.a(alt_main.o)
                0x0000000000012510                alt_argc
                0x0000000000012514                alt_argv
                0x0000000000012518                alt_envp
 .sbss          0x000000000001251c        0x8 ../micro_bsp/\libucosii_bsp.a(alt_env_lock.o)
                0x0000000000012520                alt_envsem
 .sbss          0x0000000000012524        0x8 ../micro_bsp/\libucosii_bsp.a(alt_malloc_lock.o)
                0x0000000000012528                alt_heapsem
 .sbss          0x000000000001252c       0x50 ../micro_bsp/\libucosii_bsp.a(os_core.o)
                0x000000000001252c                OSLockNesting
                0x000000000001252d                OSRunning
                0x0000000000012530                OSIdleCtr
                0x0000000000012534                OSPrioHighRdy
                0x0000000000012535                OSPrioCur
                0x0000000000012538                OSTCBList
                0x000000000001253c                OSTickStepState
                0x0000000000012540                OSCtxSwCtr
                0x0000000000012544                OSIdleCtrMax
                0x0000000000012548                OSTCBFreeList
                0x000000000001254c                OSCPUUsage
                0x000000000001254d                OSTaskCtr
                0x0000000000012550                OSMemFreeList
                0x0000000000012554                OSTCBHighRdy
                0x0000000000012558                OSQFreeList
                0x000000000001255c                OSRdyGrp
                0x000000000001255d                OSRdyTbl
                0x0000000000012560                OSEventFreeList
                0x0000000000012564                OSIntNesting
                0x0000000000012568                OSTCBCur
                0x000000000001256c                OSTime
                0x0000000000012570                OSFlagFreeList
                0x0000000000012574                OSStatRdy
                0x0000000000012578                OSIdleCtrRun
 .sbss          0x000000000001257c        0x4 ../micro_bsp/\libucosii_bsp.a(alt_dev.o)
                0x000000000001257c                alt_fd_list_lock
 .sbss          0x0000000000012580        0x4 ../micro_bsp/\libucosii_bsp.a(alt_irq_vars.o)
                0x0000000000012580                alt_irq_active
 .sbss          0x0000000000012584        0x8 ../micro_bsp/\libucosii_bsp.a(alt_tick.o)
                0x0000000000012584                _alt_tick_rate
                0x0000000000012588                _alt_nticks
 .sbss          0x000000000001258c        0x4 ../micro_bsp/\libucosii_bsp.a(alt_instruction_exception_entry.o)
                0x000000000001258c                alt_instruction_exception_handler
 *(.sbss2 .sbss2.* .gnu.linkonce.sb2.*)
 *(.scommon)
                [!provide]                        PROVIDE (__sbss_end, ABSOLUTE (.))
                [!provide]                        PROVIDE (___sbss_end, ABSOLUTE (.))
 *(.dynbss)
 *(.bss .bss.* .gnu.linkonce.b.*)
 .bss           0x0000000000012590        0x0 ../micro_bsp//obj/HAL/src/crt0.o
 .bss           0x0000000000012590        0x0 obj/default/hello_ucosii.o
 .bss           0x0000000000012590        0x0 d:/intelfpga_lite/17.0/nios2eds/bin/gnu/h-x86_64-mingw32/bin/../lib/gcc/nios2-elf/5.3.0/../../../../../H-x86_64-mingw32/nios2-elf/lib/mno-hw-mul\libsmallc.a(lib_a-puts.o)
 .bss           0x0000000000012590        0x0 d:/intelfpga_lite/17.0/nios2eds/bin/gnu/h-x86_64-mingw32/bin/../lib/gcc/nios2-elf/5.3.0/../../../../../H-x86_64-mingw32/nios2-elf/lib/mno-hw-mul\libsmallc.a(lib_a-strlen.o)
 .bss           0x0000000000012590        0x0 d:/intelfpga_lite/17.0/nios2eds/bin/gnu/h-x86_64-mingw32/bin/../lib/gcc/nios2-elf/5.3.0/../../../../../H-x86_64-mingw32/nios2-elf/lib/mno-hw-mul\libsmallc.a(lib_a-fvwrite_small_dev.o)
 .bss           0x0000000000012590        0x0 d:/intelfpga_lite/17.0/nios2eds/bin/gnu/h-x86_64-mingw32/bin/../lib/gcc/nios2-elf/5.3.0/../../../../../H-x86_64-mingw32/nios2-elf/lib/mno-hw-mul\libsmallc.a(lib_a-impure.o)
 .bss           0x0000000000012590        0x0 d:/intelfpga_lite/17.0/nios2eds/bin/gnu/h-x86_64-mingw32/bin/../lib/gcc/nios2-elf/5.3.0/../../../../../H-x86_64-mingw32/nios2-elf/lib/mno-hw-mul\libsmallc.a(lib_a-writer.o)
 .bss           0x0000000000012590        0x0 d:/intelfpga_lite/17.0/nios2eds/bin/gnu/h-x86_64-mingw32/bin/../lib/gcc/nios2-elf/5.3.0/../../../../../H-x86_64-mingw32/nios2-elf/lib/mno-hw-mul\libsmallc.a(lib_a-int_errno.o)
 .bss           0x0000000000012590        0x0 ../micro_bsp/\libucosii_bsp.a(alt_load.o)
 .bss           0x0000000000012590        0x0 ../micro_bsp/\libucosii_bsp.a(alt_main.o)
 .bss           0x0000000000012590        0x0 ../micro_bsp/\libucosii_bsp.a(alt_write.o)
 .bss           0x0000000000012590        0x0 ../micro_bsp/\libucosii_bsp.a(alt_env_lock.o)
 .bss           0x0000000000012590        0x0 ../micro_bsp/\libucosii_bsp.a(alt_malloc_lock.o)
 .bss           0x0000000000012590        0x0 ../micro_bsp/\libucosii_bsp.a(os_core.o)
 .bss           0x0000000000012590        0x0 ../micro_bsp/\libucosii_bsp.a(os_dbg.o)
 .bss           0x0000000000012590        0x0 ../micro_bsp/\libucosii_bsp.a(os_flag.o)
 .bss           0x0000000000012590        0x0 ../micro_bsp/\libucosii_bsp.a(os_mem.o)
 .bss           0x0000000000012590        0x0 ../micro_bsp/\libucosii_bsp.a(os_q.o)
 .bss           0x0000000000012590        0x0 ../micro_bsp/\libucosii_bsp.a(os_sem.o)
 .bss           0x0000000000012590        0x0 ../micro_bsp/\libucosii_bsp.a(os_task.o)
 .bss           0x0000000000012590        0x0 ../micro_bsp/\libucosii_bsp.a(os_time.o)
 .bss           0x0000000000012590        0x0 ../micro_bsp/\libucosii_bsp.a(alt_sys_init.o)
 .bss           0x0000000000012590        0x0 ../micro_bsp/\libucosii_bsp.a(altera_avalon_jtag_uart_fd.o)
 .bss           0x0000000000012590        0x0 ../micro_bsp/\libucosii_bsp.a(altera_avalon_jtag_uart_read.o)
 .bss           0x0000000000012590        0x0 ../micro_bsp/\libucosii_bsp.a(altera_avalon_jtag_uart_write.o)
 .bss           0x0000000000012590        0x0 ../micro_bsp/\libucosii_bsp.a(altera_avalon_timer_sc.o)
 .bss           0x0000000000012590        0x0 ../micro_bsp/\libucosii_bsp.a(alt_close.o)
 .bss           0x0000000000012590        0x0 ../micro_bsp/\libucosii_bsp.a(alt_dcache_flush_all.o)
 .bss           0x0000000000012590        0x0 ../micro_bsp/\libucosii_bsp.a(alt_dev.o)
 .bss           0x0000000000012590        0x0 ../micro_bsp/\libucosii_bsp.a(alt_dev_llist_insert.o)
 .bss           0x0000000000012590        0x0 ../micro_bsp/\libucosii_bsp.a(alt_errno.o)
 .bss           0x0000000000012590        0x0 ../micro_bsp/\libucosii_bsp.a(alt_icache_flush_all.o)
 .bss           0x0000000000012590        0x0 ../micro_bsp/\libucosii_bsp.a(alt_iic.o)
 .bss           0x0000000000012590        0x0 ../micro_bsp/\libucosii_bsp.a(alt_iic_isr_register.o)
 .bss           0x0000000000012590        0x0 ../micro_bsp/\libucosii_bsp.a(alt_io_redirect.o)
 .bss           0x0000000000012590        0x0 ../micro_bsp/\libucosii_bsp.a(alt_irq_entry.o)
 .bss           0x0000000000012590        0x0 ../micro_bsp/\libucosii_bsp.a(alt_irq_handler.o)
 .bss           0x0000000000012590        0x0 ../micro_bsp/\libucosii_bsp.a(alt_irq_vars.o)
 .bss           0x0000000000012590        0x0 ../micro_bsp/\libucosii_bsp.a(alt_open.o)
 .bss           0x0000000000012590        0x0 ../micro_bsp/\libucosii_bsp.a(alt_release_fd.o)
 .bss           0x0000000000012590        0x0 ../micro_bsp/\libucosii_bsp.a(alt_tick.o)
 .bss           0x0000000000012590        0x0 ../micro_bsp/\libucosii_bsp.a(altera_nios2_gen2_irq.o)
 .bss           0x0000000000012590        0x0 ../micro_bsp/\libucosii_bsp.a(os_cpu_a.o)
 .bss           0x0000000000012590        0x0 ../micro_bsp/\libucosii_bsp.a(os_cpu_c.o)
 .bss           0x0000000000012590        0x0 ../micro_bsp/\libucosii_bsp.a(alt_exception_entry.o)
 .bss           0x0000000000012590        0x0 ../micro_bsp/\libucosii_bsp.a(alt_find_dev.o)
 .bss           0x0000000000012590        0x0 ../micro_bsp/\libucosii_bsp.a(alt_find_file.o)
 .bss           0x0000000000012590        0x0 ../micro_bsp/\libucosii_bsp.a(alt_get_fd.o)
 .bss           0x0000000000012590        0x0 ../micro_bsp/\libucosii_bsp.a(alt_instruction_exception_entry.o)
 .bss           0x0000000000012590        0x0 d:/intelfpga_lite/17.0/nios2eds/bin/gnu/h-x86_64-mingw32/bin/../lib/gcc/nios2-elf/5.3.0/../../../../../H-x86_64-mingw32/nios2-elf/lib/mno-hw-mul\libsmallc.a(lib_a-exit.o)
 .bss           0x0000000000012590        0x0 d:/intelfpga_lite/17.0/nios2eds/bin/gnu/h-x86_64-mingw32/bin/../lib/gcc/nios2-elf/5.3.0/../../../../../H-x86_64-mingw32/nios2-elf/lib/mno-hw-mul\libsmallc.a(lib_a-memcmp.o)
 .bss           0x0000000000012590        0x0 d:/intelfpga_lite/17.0/nios2eds/bin/gnu/h-x86_64-mingw32/bin/../lib/gcc/nios2-elf/5.3.0/../../../../../H-x86_64-mingw32/nios2-elf/lib/mno-hw-mul\libsmallc.a(lib_a-memset.o)
 .bss           0x0000000000012590        0x0 d:/intelfpga_lite/17.0/nios2eds/bin/gnu/h-x86_64-mingw32/bin/../lib/gcc/nios2-elf/5.3.0/../../../../../H-x86_64-mingw32/nios2-elf/lib/mno-hw-mul\libsmallc.a(lib_a-__call_atexit.o)
 .bss           0x0000000000012590        0x0 d:/intelfpga_lite/17.0/nios2eds/bin/gnu/h-x86_64-mingw32/bin/../lib/gcc/nios2-elf/5.3.0/mno-hw-mul\libgcc.a(lib2-divmod.o)
 .bss           0x0000000000012590        0x0 d:/intelfpga_lite/17.0/nios2eds/bin/gnu/h-x86_64-mingw32/bin/../lib/gcc/nios2-elf/5.3.0/mno-hw-mul\libgcc.a(lib2-mul.o)
 .bss           0x0000000000012590        0x0 ../micro_bsp/\libucosii_bsp.a(alt_exit.o)
 *(COMMON)
 COMMON         0x0000000000012590     0x4000 obj/default/hello_ucosii.o
                0x0000000000012590                task1_stk
                0x0000000000014590                task2_stk
 COMMON         0x0000000000016590     0x3224 ../micro_bsp/\libucosii_bsp.a(os_core.o)
                0x0000000000016590                OSFlagTbl
                0x0000000000016900                OSMemTbl
                0x0000000000017530                OSTaskStatStk
                0x0000000000017d30                OSQTbl
                0x0000000000017f10                OSTaskIdleStk
                0x0000000000018710                OSEventTbl
                0x0000000000019250                OSTCBTbl
                0x0000000000019760                OSTCBPrioTbl
 COMMON         0x00000000000197b4      0x100 ../micro_bsp/\libucosii_bsp.a(alt_irq_handler.o)
                0x00000000000197b4                alt_irq
                0x00000000000198b4                . = ALIGN (0x4)
                0x00000000000198b4                __bss_end = ABSOLUTE (.)

.onchip_memory2_0
                0x00000000000198b4        0x0
                [!provide]                        PROVIDE (_alt_partition_onchip_memory2_0_start, ABSOLUTE (.))
 *(.onchip_memory2_0 .onchip_memory2_0. onchip_memory2_0.*)
                0x00000000000198b4                . = ALIGN (0x4)
                [!provide]                        PROVIDE (_alt_partition_onchip_memory2_0_end, ABSOLUTE (.))
                0x00000000000198b4                _end = ABSOLUTE (.)
                0x00000000000198b4                end = ABSOLUTE (.)
                0x00000000000198b4                __alt_stack_base = ABSOLUTE (.)
                [!provide]                        PROVIDE (_alt_partition_onchip_memory2_0_load_addr, LOADADDR (.onchip_memory2_0))

.stab
 *(.stab)

.stabstr
 *(.stabstr)

.stab.excl
 *(.stab.excl)

.stab.exclstr
 *(.stab.exclstr)

.stab.index
 *(.stab.index)

.stab.indexstr
 *(.stab.indexstr)

.comment        0x0000000000000000       0x23
 *(.comment)
 .comment       0x0000000000000000       0x23 obj/default/hello_ucosii.o
                                         0x24 (size before relaxing)
 .comment       0x0000000000000023       0x24 d:/intelfpga_lite/17.0/nios2eds/bin/gnu/h-x86_64-mingw32/bin/../lib/gcc/nios2-elf/5.3.0/../../../../../H-x86_64-mingw32/nios2-elf/lib/mno-hw-mul\libsmallc.a(lib_a-puts.o)
 .comment       0x0000000000000023       0x24 d:/intelfpga_lite/17.0/nios2eds/bin/gnu/h-x86_64-mingw32/bin/../lib/gcc/nios2-elf/5.3.0/../../../../../H-x86_64-mingw32/nios2-elf/lib/mno-hw-mul\libsmallc.a(lib_a-strlen.o)
 .comment       0x0000000000000023       0x24 d:/intelfpga_lite/17.0/nios2eds/bin/gnu/h-x86_64-mingw32/bin/../lib/gcc/nios2-elf/5.3.0/../../../../../H-x86_64-mingw32/nios2-elf/lib/mno-hw-mul\libsmallc.a(lib_a-fvwrite_small_dev.o)
 .comment       0x0000000000000023       0x24 d:/intelfpga_lite/17.0/nios2eds/bin/gnu/h-x86_64-mingw32/bin/../lib/gcc/nios2-elf/5.3.0/../../../../../H-x86_64-mingw32/nios2-elf/lib/mno-hw-mul\libsmallc.a(lib_a-impure.o)
 .comment       0x0000000000000023       0x24 d:/intelfpga_lite/17.0/nios2eds/bin/gnu/h-x86_64-mingw32/bin/../lib/gcc/nios2-elf/5.3.0/../../../../../H-x86_64-mingw32/nios2-elf/lib/mno-hw-mul\libsmallc.a(lib_a-writer.o)
 .comment       0x0000000000000023       0x24 d:/intelfpga_lite/17.0/nios2eds/bin/gnu/h-x86_64-mingw32/bin/../lib/gcc/nios2-elf/5.3.0/../../../../../H-x86_64-mingw32/nios2-elf/lib/mno-hw-mul\libsmallc.a(lib_a-int_errno.o)
 .comment       0x0000000000000023       0x24 ../micro_bsp/\libucosii_bsp.a(alt_load.o)
 .comment       0x0000000000000023       0x24 ../micro_bsp/\libucosii_bsp.a(alt_main.o)
 .comment       0x0000000000000023       0x24 ../micro_bsp/\libucosii_bsp.a(alt_write.o)
 .comment       0x0000000000000023       0x24 ../micro_bsp/\libucosii_bsp.a(alt_env_lock.o)
 .comment       0x0000000000000023       0x24 ../micro_bsp/\libucosii_bsp.a(alt_malloc_lock.o)
 .comment       0x0000000000000023       0x24 ../micro_bsp/\libucosii_bsp.a(os_core.o)
 .comment       0x0000000000000023       0x24 ../micro_bsp/\libucosii_bsp.a(os_dbg.o)
 .comment       0x0000000000000023       0x24 ../micro_bsp/\libucosii_bsp.a(os_flag.o)
 .comment       0x0000000000000023       0x24 ../micro_bsp/\libucosii_bsp.a(os_mem.o)
 .comment       0x0000000000000023       0x24 ../micro_bsp/\libucosii_bsp.a(os_q.o)
 .comment       0x0000000000000023       0x24 ../micro_bsp/\libucosii_bsp.a(os_sem.o)
 .comment       0x0000000000000023       0x24 ../micro_bsp/\libucosii_bsp.a(os_task.o)
 .comment       0x0000000000000023       0x24 ../micro_bsp/\libucosii_bsp.a(os_time.o)
 .comment       0x0000000000000023       0x24 ../micro_bsp/\libucosii_bsp.a(alt_sys_init.o)
 .comment       0x0000000000000023       0x24 ../micro_bsp/\libucosii_bsp.a(altera_avalon_jtag_uart_fd.o)
 .comment       0x0000000000000023       0x24 ../micro_bsp/\libucosii_bsp.a(altera_avalon_jtag_uart_read.o)
 .comment       0x0000000000000023       0x24 ../micro_bsp/\libucosii_bsp.a(altera_avalon_jtag_uart_write.o)
 .comment       0x0000000000000023       0x24 ../micro_bsp/\libucosii_bsp.a(altera_avalon_timer_sc.o)
 .comment       0x0000000000000023       0x24 ../micro_bsp/\libucosii_bsp.a(alt_close.o)
 .comment       0x0000000000000023       0x24 ../micro_bsp/\libucosii_bsp.a(alt_dcache_flush_all.o)
 .comment       0x0000000000000023       0x24 ../micro_bsp/\libucosii_bsp.a(alt_dev.o)
 .comment       0x0000000000000023       0x24 ../micro_bsp/\libucosii_bsp.a(alt_dev_llist_insert.o)
 .comment       0x0000000000000023       0x24 ../micro_bsp/\libucosii_bsp.a(alt_errno.o)
 .comment       0x0000000000000023       0x24 ../micro_bsp/\libucosii_bsp.a(alt_icache_flush_all.o)
 .comment       0x0000000000000023       0x24 ../micro_bsp/\libucosii_bsp.a(alt_iic.o)
 .comment       0x0000000000000023       0x24 ../micro_bsp/\libucosii_bsp.a(alt_iic_isr_register.o)
 .comment       0x0000000000000023       0x24 ../micro_bsp/\libucosii_bsp.a(alt_io_redirect.o)
 .comment       0x0000000000000023       0x24 ../micro_bsp/\libucosii_bsp.a(alt_irq_handler.o)
 .comment       0x0000000000000023       0x24 ../micro_bsp/\libucosii_bsp.a(alt_irq_vars.o)
 .comment       0x0000000000000023       0x24 ../micro_bsp/\libucosii_bsp.a(alt_open.o)
 .comment       0x0000000000000023       0x24 ../micro_bsp/\libucosii_bsp.a(alt_release_fd.o)
 .comment       0x0000000000000023       0x24 ../micro_bsp/\libucosii_bsp.a(alt_tick.o)
 .comment       0x0000000000000023       0x24 ../micro_bsp/\libucosii_bsp.a(altera_nios2_gen2_irq.o)
 .comment       0x0000000000000023       0x24 ../micro_bsp/\libucosii_bsp.a(os_cpu_c.o)
 .comment       0x0000000000000023       0x24 ../micro_bsp/\libucosii_bsp.a(alt_find_dev.o)
 .comment       0x0000000000000023       0x24 ../micro_bsp/\libucosii_bsp.a(alt_find_file.o)
 .comment       0x0000000000000023       0x24 ../micro_bsp/\libucosii_bsp.a(alt_get_fd.o)
 .comment       0x0000000000000023       0x24 ../micro_bsp/\libucosii_bsp.a(alt_instruction_exception_entry.o)
 .comment       0x0000000000000023       0x24 d:/intelfpga_lite/17.0/nios2eds/bin/gnu/h-x86_64-mingw32/bin/../lib/gcc/nios2-elf/5.3.0/../../../../../H-x86_64-mingw32/nios2-elf/lib/mno-hw-mul\libsmallc.a(lib_a-exit.o)
 .comment       0x0000000000000023       0x24 d:/intelfpga_lite/17.0/nios2eds/bin/gnu/h-x86_64-mingw32/bin/../lib/gcc/nios2-elf/5.3.0/../../../../../H-x86_64-mingw32/nios2-elf/lib/mno-hw-mul\libsmallc.a(lib_a-memcmp.o)
 .comment       0x0000000000000023       0x24 d:/intelfpga_lite/17.0/nios2eds/bin/gnu/h-x86_64-mingw32/bin/../lib/gcc/nios2-elf/5.3.0/../../../../../H-x86_64-mingw32/nios2-elf/lib/mno-hw-mul\libsmallc.a(lib_a-memset.o)
 .comment       0x0000000000000023       0x24 d:/intelfpga_lite/17.0/nios2eds/bin/gnu/h-x86_64-mingw32/bin/../lib/gcc/nios2-elf/5.3.0/../../../../../H-x86_64-mingw32/nios2-elf/lib/mno-hw-mul\libsmallc.a(lib_a-__call_atexit.o)
 .comment       0x0000000000000023       0x24 d:/intelfpga_lite/17.0/nios2eds/bin/gnu/h-x86_64-mingw32/bin/../lib/gcc/nios2-elf/5.3.0/mno-hw-mul\libgcc.a(lib2-divmod.o)
 .comment       0x0000000000000023       0x24 d:/intelfpga_lite/17.0/nios2eds/bin/gnu/h-x86_64-mingw32/bin/../lib/gcc/nios2-elf/5.3.0/mno-hw-mul\libgcc.a(lib2-mul.o)
 .comment       0x0000000000000023       0x24 ../micro_bsp/\libucosii_bsp.a(alt_exit.o)

.debug
 *(.debug)

.line
 *(.line)

.debug_srcinfo
 *(.debug_srcinfo)

.debug_sfnames
 *(.debug_sfnames)

.debug_aranges  0x0000000000000000      0x720
 *(.debug_aranges)
 .debug_aranges
                0x0000000000000000       0x28 ../micro_bsp//obj/HAL/src/crt0.o
 .debug_aranges
                0x0000000000000028       0x20 obj/default/hello_ucosii.o
 .debug_aranges
                0x0000000000000048       0x28 d:/intelfpga_lite/17.0/nios2eds/bin/gnu/h-x86_64-mingw32/bin/../lib/gcc/nios2-elf/5.3.0/../../../../../H-x86_64-mingw32/nios2-elf/lib/mno-hw-mul\libsmallc.a(lib_a-puts.o)
 .debug_aranges
                0x0000000000000070       0x20 d:/intelfpga_lite/17.0/nios2eds/bin/gnu/h-x86_64-mingw32/bin/../lib/gcc/nios2-elf/5.3.0/../../../../../H-x86_64-mingw32/nios2-elf/lib/mno-hw-mul\libsmallc.a(lib_a-strlen.o)
 .debug_aranges
                0x0000000000000090       0x20 d:/intelfpga_lite/17.0/nios2eds/bin/gnu/h-x86_64-mingw32/bin/../lib/gcc/nios2-elf/5.3.0/../../../../../H-x86_64-mingw32/nios2-elf/lib/mno-hw-mul\libsmallc.a(lib_a-fvwrite_small_dev.o)
 .debug_aranges
                0x00000000000000b0       0x18 d:/intelfpga_lite/17.0/nios2eds/bin/gnu/h-x86_64-mingw32/bin/../lib/gcc/nios2-elf/5.3.0/../../../../../H-x86_64-mingw32/nios2-elf/lib/mno-hw-mul\libsmallc.a(lib_a-impure.o)
 .debug_aranges
                0x00000000000000c8       0x20 d:/intelfpga_lite/17.0/nios2eds/bin/gnu/h-x86_64-mingw32/bin/../lib/gcc/nios2-elf/5.3.0/../../../../../H-x86_64-mingw32/nios2-elf/lib/mno-hw-mul\libsmallc.a(lib_a-writer.o)
 .debug_aranges
                0x00000000000000e8       0x18 d:/intelfpga_lite/17.0/nios2eds/bin/gnu/h-x86_64-mingw32/bin/../lib/gcc/nios2-elf/5.3.0/../../../../../H-x86_64-mingw32/nios2-elf/lib/mno-hw-mul\libsmallc.a(lib_a-int_errno.o)
 .debug_aranges
                0x0000000000000100       0x20 ../micro_bsp/\libucosii_bsp.a(alt_load.o)
 .debug_aranges
                0x0000000000000120       0x20 ../micro_bsp/\libucosii_bsp.a(alt_main.o)
 .debug_aranges
                0x0000000000000140       0x20 ../micro_bsp/\libucosii_bsp.a(alt_write.o)
 .debug_aranges
                0x0000000000000160       0x20 ../micro_bsp/\libucosii_bsp.a(alt_env_lock.o)
 .debug_aranges
                0x0000000000000180       0x20 ../micro_bsp/\libucosii_bsp.a(alt_malloc_lock.o)
 .debug_aranges
                0x00000000000001a0       0x20 ../micro_bsp/\libucosii_bsp.a(os_core.o)
 .debug_aranges
                0x00000000000001c0       0x20 ../micro_bsp/\libucosii_bsp.a(os_dbg.o)
 .debug_aranges
                0x00000000000001e0       0x20 ../micro_bsp/\libucosii_bsp.a(os_flag.o)
 .debug_aranges
                0x0000000000000200       0x20 ../micro_bsp/\libucosii_bsp.a(os_mem.o)
 .debug_aranges
                0x0000000000000220       0x20 ../micro_bsp/\libucosii_bsp.a(os_q.o)
 .debug_aranges
                0x0000000000000240       0x20 ../micro_bsp/\libucosii_bsp.a(os_sem.o)
 .debug_aranges
                0x0000000000000260       0x20 ../micro_bsp/\libucosii_bsp.a(os_task.o)
 .debug_aranges
                0x0000000000000280       0x20 ../micro_bsp/\libucosii_bsp.a(os_time.o)
 .debug_aranges
                0x00000000000002a0       0x20 ../micro_bsp/\libucosii_bsp.a(alt_sys_init.o)
 .debug_aranges
                0x00000000000002c0       0x20 ../micro_bsp/\libucosii_bsp.a(altera_avalon_jtag_uart_fd.o)
 .debug_aranges
                0x00000000000002e0       0x20 ../micro_bsp/\libucosii_bsp.a(altera_avalon_jtag_uart_read.o)
 .debug_aranges
                0x0000000000000300       0x20 ../micro_bsp/\libucosii_bsp.a(altera_avalon_jtag_uart_write.o)
 .debug_aranges
                0x0000000000000320       0x20 ../micro_bsp/\libucosii_bsp.a(altera_avalon_timer_sc.o)
 .debug_aranges
                0x0000000000000340       0x20 ../micro_bsp/\libucosii_bsp.a(alt_close.o)
 .debug_aranges
                0x0000000000000360       0x20 ../micro_bsp/\libucosii_bsp.a(alt_dcache_flush_all.o)
 .debug_aranges
                0x0000000000000380       0x20 ../micro_bsp/\libucosii_bsp.a(alt_dev.o)
 .debug_aranges
                0x00000000000003a0       0x20 ../micro_bsp/\libucosii_bsp.a(alt_dev_llist_insert.o)
 .debug_aranges
                0x00000000000003c0       0x18 ../micro_bsp/\libucosii_bsp.a(alt_errno.o)
 .debug_aranges
                0x00000000000003d8       0x20 ../micro_bsp/\libucosii_bsp.a(alt_icache_flush_all.o)
 .debug_aranges
                0x00000000000003f8       0x20 ../micro_bsp/\libucosii_bsp.a(alt_iic.o)
 .debug_aranges
                0x0000000000000418       0x20 ../micro_bsp/\libucosii_bsp.a(alt_iic_isr_register.o)
 .debug_aranges
                0x0000000000000438       0x20 ../micro_bsp/\libucosii_bsp.a(alt_io_redirect.o)
 .debug_aranges
                0x0000000000000458       0x30 ../micro_bsp/\libucosii_bsp.a(alt_irq_entry.o)
 .debug_aranges
                0x0000000000000488       0x20 ../micro_bsp/\libucosii_bsp.a(alt_irq_handler.o)
 .debug_aranges
                0x00000000000004a8       0x18 ../micro_bsp/\libucosii_bsp.a(alt_irq_vars.o)
 .debug_aranges
                0x00000000000004c0       0x20 ../micro_bsp/\libucosii_bsp.a(alt_open.o)
 .debug_aranges
                0x00000000000004e0       0x20 ../micro_bsp/\libucosii_bsp.a(alt_release_fd.o)
 .debug_aranges
                0x0000000000000500       0x20 ../micro_bsp/\libucosii_bsp.a(alt_tick.o)
 .debug_aranges
                0x0000000000000520       0x20 ../micro_bsp/\libucosii_bsp.a(altera_nios2_gen2_irq.o)
 .debug_aranges
                0x0000000000000540       0x20 ../micro_bsp/\libucosii_bsp.a(os_cpu_a.o)
 .debug_aranges
                0x0000000000000560       0x20 ../micro_bsp/\libucosii_bsp.a(os_cpu_c.o)
 .debug_aranges
                0x0000000000000580       0x38 ../micro_bsp/\libucosii_bsp.a(alt_exception_entry.o)
 .debug_aranges
                0x00000000000005b8       0x20 ../micro_bsp/\libucosii_bsp.a(alt_find_dev.o)
 .debug_aranges
                0x00000000000005d8       0x20 ../micro_bsp/\libucosii_bsp.a(alt_find_file.o)
 .debug_aranges
                0x00000000000005f8       0x20 ../micro_bsp/\libucosii_bsp.a(alt_get_fd.o)
 .debug_aranges
                0x0000000000000618       0x28 ../micro_bsp/\libucosii_bsp.a(alt_instruction_exception_entry.o)
 .debug_aranges
                0x0000000000000640       0x20 d:/intelfpga_lite/17.0/nios2eds/bin/gnu/h-x86_64-mingw32/bin/../lib/gcc/nios2-elf/5.3.0/../../../../../H-x86_64-mingw32/nios2-elf/lib/mno-hw-mul\libsmallc.a(lib_a-exit.o)
 .debug_aranges
                0x0000000000000660       0x20 d:/intelfpga_lite/17.0/nios2eds/bin/gnu/h-x86_64-mingw32/bin/../lib/gcc/nios2-elf/5.3.0/../../../../../H-x86_64-mingw32/nios2-elf/lib/mno-hw-mul\libsmallc.a(lib_a-memcmp.o)
 .debug_aranges
                0x0000000000000680       0x20 d:/intelfpga_lite/17.0/nios2eds/bin/gnu/h-x86_64-mingw32/bin/../lib/gcc/nios2-elf/5.3.0/../../../../../H-x86_64-mingw32/nios2-elf/lib/mno-hw-mul\libsmallc.a(lib_a-memset.o)
 .debug_aranges
                0x00000000000006a0       0x20 d:/intelfpga_lite/17.0/nios2eds/bin/gnu/h-x86_64-mingw32/bin/../lib/gcc/nios2-elf/5.3.0/../../../../../H-x86_64-mingw32/nios2-elf/lib/mno-hw-mul\libsmallc.a(lib_a-__call_atexit.o)
 .debug_aranges
                0x00000000000006c0       0x20 d:/intelfpga_lite/17.0/nios2eds/bin/gnu/h-x86_64-mingw32/bin/../lib/gcc/nios2-elf/5.3.0/mno-hw-mul\libgcc.a(lib2-divmod.o)
 .debug_aranges
                0x00000000000006e0       0x20 d:/intelfpga_lite/17.0/nios2eds/bin/gnu/h-x86_64-mingw32/bin/../lib/gcc/nios2-elf/5.3.0/mno-hw-mul\libgcc.a(lib2-mul.o)
 .debug_aranges
                0x0000000000000700       0x20 ../micro_bsp/\libucosii_bsp.a(alt_exit.o)

.debug_pubnames
 *(.debug_pubnames)

.debug_info     0x0000000000000000     0xfce6
 *(.debug_info .gnu.linkonce.wi.*)
 .debug_info    0x0000000000000000       0x5a ../micro_bsp//obj/HAL/src/crt0.o
 .debug_info    0x000000000000005a      0x152 obj/default/hello_ucosii.o
 .debug_info    0x00000000000001ac      0x66d d:/intelfpga_lite/17.0/nios2eds/bin/gnu/h-x86_64-mingw32/bin/../lib/gcc/nios2-elf/5.3.0/../../../../../H-x86_64-mingw32/nios2-elf/lib/mno-hw-mul\libsmallc.a(lib_a-puts.o)
 .debug_info    0x0000000000000819       0xc9 d:/intelfpga_lite/17.0/nios2eds/bin/gnu/h-x86_64-mingw32/bin/../lib/gcc/nios2-elf/5.3.0/../../../../../H-x86_64-mingw32/nios2-elf/lib/mno-hw-mul\libsmallc.a(lib_a-strlen.o)
 .debug_info    0x00000000000008e2      0x62b d:/intelfpga_lite/17.0/nios2eds/bin/gnu/h-x86_64-mingw32/bin/../lib/gcc/nios2-elf/5.3.0/../../../../../H-x86_64-mingw32/nios2-elf/lib/mno-hw-mul\libsmallc.a(lib_a-fvwrite_small_dev.o)
 .debug_info    0x0000000000000f0d      0x5a9 d:/intelfpga_lite/17.0/nios2eds/bin/gnu/h-x86_64-mingw32/bin/../lib/gcc/nios2-elf/5.3.0/../../../../../H-x86_64-mingw32/nios2-elf/lib/mno-hw-mul\libsmallc.a(lib_a-impure.o)
 .debug_info    0x00000000000014b6      0x630 d:/intelfpga_lite/17.0/nios2eds/bin/gnu/h-x86_64-mingw32/bin/../lib/gcc/nios2-elf/5.3.0/../../../../../H-x86_64-mingw32/nios2-elf/lib/mno-hw-mul\libsmallc.a(lib_a-writer.o)
 .debug_info    0x0000000000001ae6       0x8a d:/intelfpga_lite/17.0/nios2eds/bin/gnu/h-x86_64-mingw32/bin/../lib/gcc/nios2-elf/5.3.0/../../../../../H-x86_64-mingw32/nios2-elf/lib/mno-hw-mul\libsmallc.a(lib_a-int_errno.o)
 .debug_info    0x0000000000001b70      0x145 ../micro_bsp/\libucosii_bsp.a(alt_load.o)
 .debug_info    0x0000000000001cb5      0x26d ../micro_bsp/\libucosii_bsp.a(alt_main.o)
 .debug_info    0x0000000000001f22      0x4eb ../micro_bsp/\libucosii_bsp.a(alt_write.o)
 .debug_info    0x000000000000240d      0xc67 ../micro_bsp/\libucosii_bsp.a(alt_env_lock.o)
 .debug_info    0x0000000000003074      0xdad ../micro_bsp/\libucosii_bsp.a(alt_malloc_lock.o)
 .debug_info    0x0000000000003e21     0x15b9 ../micro_bsp/\libucosii_bsp.a(os_core.o)
 .debug_info    0x00000000000053da      0xaa8 ../micro_bsp/\libucosii_bsp.a(os_dbg.o)
 .debug_info    0x0000000000005e82      0xf9c ../micro_bsp/\libucosii_bsp.a(os_flag.o)
 .debug_info    0x0000000000006e1e      0x67a ../micro_bsp/\libucosii_bsp.a(os_mem.o)
 .debug_info    0x0000000000007498      0xda3 ../micro_bsp/\libucosii_bsp.a(os_q.o)
 .debug_info    0x000000000000823b      0xa04 ../micro_bsp/\libucosii_bsp.a(os_sem.o)
 .debug_info    0x0000000000008c3f     0x1117 ../micro_bsp/\libucosii_bsp.a(os_task.o)
 .debug_info    0x0000000000009d56      0x6e9 ../micro_bsp/\libucosii_bsp.a(os_time.o)
 .debug_info    0x000000000000a43f      0x404 ../micro_bsp/\libucosii_bsp.a(alt_sys_init.o)
 .debug_info    0x000000000000a843      0x3d3 ../micro_bsp/\libucosii_bsp.a(altera_avalon_jtag_uart_fd.o)
 .debug_info    0x000000000000ac16      0x1d7 ../micro_bsp/\libucosii_bsp.a(altera_avalon_jtag_uart_read.o)
 .debug_info    0x000000000000aded      0x1ba ../micro_bsp/\libucosii_bsp.a(altera_avalon_jtag_uart_write.o)
 .debug_info    0x000000000000afa7      0x226 ../micro_bsp/\libucosii_bsp.a(altera_avalon_timer_sc.o)
 .debug_info    0x000000000000b1cd      0x355 ../micro_bsp/\libucosii_bsp.a(alt_close.o)
 .debug_info    0x000000000000b522       0x92 ../micro_bsp/\libucosii_bsp.a(alt_dcache_flush_all.o)
 .debug_info    0x000000000000b5b4      0x585 ../micro_bsp/\libucosii_bsp.a(alt_dev.o)
 .debug_info    0x000000000000bb39      0x1a9 ../micro_bsp/\libucosii_bsp.a(alt_dev_llist_insert.o)
 .debug_info    0x000000000000bce2       0xa6 ../micro_bsp/\libucosii_bsp.a(alt_errno.o)
 .debug_info    0x000000000000bd88       0x92 ../micro_bsp/\libucosii_bsp.a(alt_icache_flush_all.o)
 .debug_info    0x000000000000be1a      0x350 ../micro_bsp/\libucosii_bsp.a(alt_iic.o)
 .debug_info    0x000000000000c16a      0x1ef ../micro_bsp/\libucosii_bsp.a(alt_iic_isr_register.o)
 .debug_info    0x000000000000c359      0x4d9 ../micro_bsp/\libucosii_bsp.a(alt_io_redirect.o)
 .debug_info    0x000000000000c832       0x63 ../micro_bsp/\libucosii_bsp.a(alt_irq_entry.o)
 .debug_info    0x000000000000c895      0x1b0 ../micro_bsp/\libucosii_bsp.a(alt_irq_handler.o)
 .debug_info    0x000000000000ca45       0x88 ../micro_bsp/\libucosii_bsp.a(alt_irq_vars.o)
 .debug_info    0x000000000000cacd      0x3e4 ../micro_bsp/\libucosii_bsp.a(alt_open.o)
 .debug_info    0x000000000000ceb1      0x2f9 ../micro_bsp/\libucosii_bsp.a(alt_release_fd.o)
 .debug_info    0x000000000000d1aa      0x2a7 ../micro_bsp/\libucosii_bsp.a(alt_tick.o)
 .debug_info    0x000000000000d451       0x92 ../micro_bsp/\libucosii_bsp.a(altera_nios2_gen2_irq.o)
 .debug_info    0x000000000000d4e3       0x62 ../micro_bsp/\libucosii_bsp.a(os_cpu_a.o)
 .debug_info    0x000000000000d545      0xcea ../micro_bsp/\libucosii_bsp.a(os_cpu_c.o)
 .debug_info    0x000000000000e22f       0x69 ../micro_bsp/\libucosii_bsp.a(alt_exception_entry.o)
 .debug_info    0x000000000000e298      0x31d ../micro_bsp/\libucosii_bsp.a(alt_find_dev.o)
 .debug_info    0x000000000000e5b5      0x31a ../micro_bsp/\libucosii_bsp.a(alt_find_file.o)
 .debug_info    0x000000000000e8cf      0x44b ../micro_bsp/\libucosii_bsp.a(alt_get_fd.o)
 .debug_info    0x000000000000ed1a      0x1e7 ../micro_bsp/\libucosii_bsp.a(alt_instruction_exception_entry.o)
 .debug_info    0x000000000000ef01       0xe5 d:/intelfpga_lite/17.0/nios2eds/bin/gnu/h-x86_64-mingw32/bin/../lib/gcc/nios2-elf/5.3.0/../../../../../H-x86_64-mingw32/nios2-elf/lib/mno-hw-mul\libsmallc.a(lib_a-exit.o)
 .debug_info    0x000000000000efe6       0xf4 d:/intelfpga_lite/17.0/nios2eds/bin/gnu/h-x86_64-mingw32/bin/../lib/gcc/nios2-elf/5.3.0/../../../../../H-x86_64-mingw32/nios2-elf/lib/mno-hw-mul\libsmallc.a(lib_a-memcmp.o)
 .debug_info    0x000000000000f0da       0xdc d:/intelfpga_lite/17.0/nios2eds/bin/gnu/h-x86_64-mingw32/bin/../lib/gcc/nios2-elf/5.3.0/../../../../../H-x86_64-mingw32/nios2-elf/lib/mno-hw-mul\libsmallc.a(lib_a-memset.o)
 .debug_info    0x000000000000f1b6      0x67b d:/intelfpga_lite/17.0/nios2eds/bin/gnu/h-x86_64-mingw32/bin/../lib/gcc/nios2-elf/5.3.0/../../../../../H-x86_64-mingw32/nios2-elf/lib/mno-hw-mul\libsmallc.a(lib_a-__call_atexit.o)
 .debug_info    0x000000000000f831      0x2c6 d:/intelfpga_lite/17.0/nios2eds/bin/gnu/h-x86_64-mingw32/bin/../lib/gcc/nios2-elf/5.3.0/mno-hw-mul\libgcc.a(lib2-divmod.o)
 .debug_info    0x000000000000faf7       0xb4 d:/intelfpga_lite/17.0/nios2eds/bin/gnu/h-x86_64-mingw32/bin/../lib/gcc/nios2-elf/5.3.0/mno-hw-mul\libgcc.a(lib2-mul.o)
 .debug_info    0x000000000000fbab      0x13b ../micro_bsp/\libucosii_bsp.a(alt_exit.o)

.debug_abbrev   0x0000000000000000     0x4074
 *(.debug_abbrev)
 .debug_abbrev  0x0000000000000000       0x12 ../micro_bsp//obj/HAL/src/crt0.o
 .debug_abbrev  0x0000000000000012       0xbc obj/default/hello_ucosii.o
 .debug_abbrev  0x00000000000000ce      0x1d6 d:/intelfpga_lite/17.0/nios2eds/bin/gnu/h-x86_64-mingw32/bin/../lib/gcc/nios2-elf/5.3.0/../../../../../H-x86_64-mingw32/nios2-elf/lib/mno-hw-mul\libsmallc.a(lib_a-puts.o)
 .debug_abbrev  0x00000000000002a4       0x7f d:/intelfpga_lite/17.0/nios2eds/bin/gnu/h-x86_64-mingw32/bin/../lib/gcc/nios2-elf/5.3.0/../../../../../H-x86_64-mingw32/nios2-elf/lib/mno-hw-mul\libsmallc.a(lib_a-strlen.o)
 .debug_abbrev  0x0000000000000323      0x1bc d:/intelfpga_lite/17.0/nios2eds/bin/gnu/h-x86_64-mingw32/bin/../lib/gcc/nios2-elf/5.3.0/../../../../../H-x86_64-mingw32/nios2-elf/lib/mno-hw-mul\libsmallc.a(lib_a-fvwrite_small_dev.o)
 .debug_abbrev  0x00000000000004df      0x14a d:/intelfpga_lite/17.0/nios2eds/bin/gnu/h-x86_64-mingw32/bin/../lib/gcc/nios2-elf/5.3.0/../../../../../H-x86_64-mingw32/nios2-elf/lib/mno-hw-mul\libsmallc.a(lib_a-impure.o)
 .debug_abbrev  0x0000000000000629      0x1a6 d:/intelfpga_lite/17.0/nios2eds/bin/gnu/h-x86_64-mingw32/bin/../lib/gcc/nios2-elf/5.3.0/../../../../../H-x86_64-mingw32/nios2-elf/lib/mno-hw-mul\libsmallc.a(lib_a-writer.o)
 .debug_abbrev  0x00000000000007cf       0x37 d:/intelfpga_lite/17.0/nios2eds/bin/gnu/h-x86_64-mingw32/bin/../lib/gcc/nios2-elf/5.3.0/../../../../../H-x86_64-mingw32/nios2-elf/lib/mno-hw-mul\libsmallc.a(lib_a-int_errno.o)
 .debug_abbrev  0x0000000000000806       0x9f ../micro_bsp/\libucosii_bsp.a(alt_load.o)
 .debug_abbrev  0x00000000000008a5      0x139 ../micro_bsp/\libucosii_bsp.a(alt_main.o)
 .debug_abbrev  0x00000000000009de      0x13a ../micro_bsp/\libucosii_bsp.a(alt_write.o)
 .debug_abbrev  0x0000000000000b18      0x1e3 ../micro_bsp/\libucosii_bsp.a(alt_env_lock.o)
 .debug_abbrev  0x0000000000000cfb      0x26d ../micro_bsp/\libucosii_bsp.a(alt_malloc_lock.o)
 .debug_abbrev  0x0000000000000f68      0x302 ../micro_bsp/\libucosii_bsp.a(os_core.o)
 .debug_abbrev  0x000000000000126a       0xf7 ../micro_bsp/\libucosii_bsp.a(os_dbg.o)
 .debug_abbrev  0x0000000000001361      0x25a ../micro_bsp/\libucosii_bsp.a(os_flag.o)
 .debug_abbrev  0x00000000000015bb      0x228 ../micro_bsp/\libucosii_bsp.a(os_mem.o)
 .debug_abbrev  0x00000000000017e3      0x248 ../micro_bsp/\libucosii_bsp.a(os_q.o)
 .debug_abbrev  0x0000000000001a2b      0x262 ../micro_bsp/\libucosii_bsp.a(os_sem.o)
 .debug_abbrev  0x0000000000001c8d      0x247 ../micro_bsp/\libucosii_bsp.a(os_task.o)
 .debug_abbrev  0x0000000000001ed4      0x20c ../micro_bsp/\libucosii_bsp.a(os_time.o)
 .debug_abbrev  0x00000000000020e0      0x168 ../micro_bsp/\libucosii_bsp.a(alt_sys_init.o)
 .debug_abbrev  0x0000000000002248      0x108 ../micro_bsp/\libucosii_bsp.a(altera_avalon_jtag_uart_fd.o)
 .debug_abbrev  0x0000000000002350       0xe6 ../micro_bsp/\libucosii_bsp.a(altera_avalon_jtag_uart_read.o)
 .debug_abbrev  0x0000000000002436       0xe6 ../micro_bsp/\libucosii_bsp.a(altera_avalon_jtag_uart_write.o)
 .debug_abbrev  0x000000000000251c      0x155 ../micro_bsp/\libucosii_bsp.a(altera_avalon_timer_sc.o)
 .debug_abbrev  0x0000000000002671      0x126 ../micro_bsp/\libucosii_bsp.a(alt_close.o)
 .debug_abbrev  0x0000000000002797       0x42 ../micro_bsp/\libucosii_bsp.a(alt_dcache_flush_all.o)
 .debug_abbrev  0x00000000000027d9      0x11c ../micro_bsp/\libucosii_bsp.a(alt_dev.o)
 .debug_abbrev  0x00000000000028f5      0x114 ../micro_bsp/\libucosii_bsp.a(alt_dev_llist_insert.o)
 .debug_abbrev  0x0000000000002a09       0x5a ../micro_bsp/\libucosii_bsp.a(alt_errno.o)
 .debug_abbrev  0x0000000000002a63       0x42 ../micro_bsp/\libucosii_bsp.a(alt_icache_flush_all.o)
 .debug_abbrev  0x0000000000002aa5      0x163 ../micro_bsp/\libucosii_bsp.a(alt_iic.o)
 .debug_abbrev  0x0000000000002c08      0x169 ../micro_bsp/\libucosii_bsp.a(alt_iic_isr_register.o)
 .debug_abbrev  0x0000000000002d71      0x11b ../micro_bsp/\libucosii_bsp.a(alt_io_redirect.o)
 .debug_abbrev  0x0000000000002e8c       0x12 ../micro_bsp/\libucosii_bsp.a(alt_irq_entry.o)
 .debug_abbrev  0x0000000000002e9e      0x13a ../micro_bsp/\libucosii_bsp.a(alt_irq_handler.o)
 .debug_abbrev  0x0000000000002fd8       0x40 ../micro_bsp/\libucosii_bsp.a(alt_irq_vars.o)
 .debug_abbrev  0x0000000000003018      0x14f ../micro_bsp/\libucosii_bsp.a(alt_open.o)
 .debug_abbrev  0x0000000000003167       0xe5 ../micro_bsp/\libucosii_bsp.a(alt_release_fd.o)
 .debug_abbrev  0x000000000000324c      0x15a ../micro_bsp/\libucosii_bsp.a(alt_tick.o)
 .debug_abbrev  0x00000000000033a6       0x42 ../micro_bsp/\libucosii_bsp.a(altera_nios2_gen2_irq.o)
 .debug_abbrev  0x00000000000033e8       0x14 ../micro_bsp/\libucosii_bsp.a(os_cpu_a.o)
 .debug_abbrev  0x00000000000033fc      0x215 ../micro_bsp/\libucosii_bsp.a(os_cpu_c.o)
 .debug_abbrev  0x0000000000003611       0x12 ../micro_bsp/\libucosii_bsp.a(alt_exception_entry.o)
 .debug_abbrev  0x0000000000003623       0xf7 ../micro_bsp/\libucosii_bsp.a(alt_find_dev.o)
 .debug_abbrev  0x000000000000371a       0xf7 ../micro_bsp/\libucosii_bsp.a(alt_find_file.o)
 .debug_abbrev  0x0000000000003811      0x19b ../micro_bsp/\libucosii_bsp.a(alt_get_fd.o)
 .debug_abbrev  0x00000000000039ac       0xdc ../micro_bsp/\libucosii_bsp.a(alt_instruction_exception_entry.o)
 .debug_abbrev  0x0000000000003a88       0x8b d:/intelfpga_lite/17.0/nios2eds/bin/gnu/h-x86_64-mingw32/bin/../lib/gcc/nios2-elf/5.3.0/../../../../../H-x86_64-mingw32/nios2-elf/lib/mno-hw-mul\libsmallc.a(lib_a-exit.o)
 .debug_abbrev  0x0000000000003b13       0x7f d:/intelfpga_lite/17.0/nios2eds/bin/gnu/h-x86_64-mingw32/bin/../lib/gcc/nios2-elf/5.3.0/../../../../../H-x86_64-mingw32/nios2-elf/lib/mno-hw-mul\libsmallc.a(lib_a-memcmp.o)
 .debug_abbrev  0x0000000000003b92       0x8e d:/intelfpga_lite/17.0/nios2eds/bin/gnu/h-x86_64-mingw32/bin/../lib/gcc/nios2-elf/5.3.0/../../../../../H-x86_64-mingw32/nios2-elf/lib/mno-hw-mul\libsmallc.a(lib_a-memset.o)
 .debug_abbrev  0x0000000000003c20      0x1f6 d:/intelfpga_lite/17.0/nios2eds/bin/gnu/h-x86_64-mingw32/bin/../lib/gcc/nios2-elf/5.3.0/../../../../../H-x86_64-mingw32/nios2-elf/lib/mno-hw-mul\libsmallc.a(lib_a-__call_atexit.o)
 .debug_abbrev  0x0000000000003e16      0x10e d:/intelfpga_lite/17.0/nios2eds/bin/gnu/h-x86_64-mingw32/bin/../lib/gcc/nios2-elf/5.3.0/mno-hw-mul\libgcc.a(lib2-divmod.o)
 .debug_abbrev  0x0000000000003f24       0x6f d:/intelfpga_lite/17.0/nios2eds/bin/gnu/h-x86_64-mingw32/bin/../lib/gcc/nios2-elf/5.3.0/mno-hw-mul\libgcc.a(lib2-mul.o)
 .debug_abbrev  0x0000000000003f93       0xe1 ../micro_bsp/\libucosii_bsp.a(alt_exit.o)

.debug_line     0x0000000000000000     0x4ef2
 *(.debug_line)
 .debug_line    0x0000000000000000       0x66 ../micro_bsp//obj/HAL/src/crt0.o
 .debug_line    0x0000000000000066       0xca obj/default/hello_ucosii.o
 .debug_line    0x0000000000000130      0x206 d:/intelfpga_lite/17.0/nios2eds/bin/gnu/h-x86_64-mingw32/bin/../lib/gcc/nios2-elf/5.3.0/../../../../../H-x86_64-mingw32/nios2-elf/lib/mno-hw-mul\libsmallc.a(lib_a-puts.o)
 .debug_line    0x0000000000000336      0x15c d:/intelfpga_lite/17.0/nios2eds/bin/gnu/h-x86_64-mingw32/bin/../lib/gcc/nios2-elf/5.3.0/../../../../../H-x86_64-mingw32/nios2-elf/lib/mno-hw-mul\libsmallc.a(lib_a-strlen.o)
 .debug_line    0x0000000000000492      0x1f0 d:/intelfpga_lite/17.0/nios2eds/bin/gnu/h-x86_64-mingw32/bin/../lib/gcc/nios2-elf/5.3.0/../../../../../H-x86_64-mingw32/nios2-elf/lib/mno-hw-mul\libsmallc.a(lib_a-fvwrite_small_dev.o)
 .debug_line    0x0000000000000682      0x156 d:/intelfpga_lite/17.0/nios2eds/bin/gnu/h-x86_64-mingw32/bin/../lib/gcc/nios2-elf/5.3.0/../../../../../H-x86_64-mingw32/nios2-elf/lib/mno-hw-mul\libsmallc.a(lib_a-impure.o)
 .debug_line    0x00000000000007d8      0x1ed d:/intelfpga_lite/17.0/nios2eds/bin/gnu/h-x86_64-mingw32/bin/../lib/gcc/nios2-elf/5.3.0/../../../../../H-x86_64-mingw32/nios2-elf/lib/mno-hw-mul\libsmallc.a(lib_a-writer.o)
 .debug_line    0x00000000000009c5       0x5f d:/intelfpga_lite/17.0/nios2eds/bin/gnu/h-x86_64-mingw32/bin/../lib/gcc/nios2-elf/5.3.0/../../../../../H-x86_64-mingw32/nios2-elf/lib/mno-hw-mul\libsmallc.a(lib_a-int_errno.o)
 .debug_line    0x0000000000000a24       0x8e ../micro_bsp/\libucosii_bsp.a(alt_load.o)
 .debug_line    0x0000000000000ab2      0x129 ../micro_bsp/\libucosii_bsp.a(alt_main.o)
 .debug_line    0x0000000000000bdb      0x1ea ../micro_bsp/\libucosii_bsp.a(alt_write.o)
 .debug_line    0x0000000000000dc5      0x1aa ../micro_bsp/\libucosii_bsp.a(alt_env_lock.o)
 .debug_line    0x0000000000000f6f      0x20e ../micro_bsp/\libucosii_bsp.a(alt_malloc_lock.o)
 .debug_line    0x000000000000117d      0x68b ../micro_bsp/\libucosii_bsp.a(os_core.o)
 .debug_line    0x0000000000001808       0xd2 ../micro_bsp/\libucosii_bsp.a(os_dbg.o)
 .debug_line    0x00000000000018da      0x4ff ../micro_bsp/\libucosii_bsp.a(os_flag.o)
 .debug_line    0x0000000000001dd9      0x23f ../micro_bsp/\libucosii_bsp.a(os_mem.o)
 .debug_line    0x0000000000002018      0x3fb ../micro_bsp/\libucosii_bsp.a(os_q.o)
 .debug_line    0x0000000000002413      0x2e0 ../micro_bsp/\libucosii_bsp.a(os_sem.o)
 .debug_line    0x00000000000026f3      0x52d ../micro_bsp/\libucosii_bsp.a(os_task.o)
 .debug_line    0x0000000000002c20      0x1a8 ../micro_bsp/\libucosii_bsp.a(os_time.o)
 .debug_line    0x0000000000002dc8      0x167 ../micro_bsp/\libucosii_bsp.a(alt_sys_init.o)
 .debug_line    0x0000000000002f2f      0x138 ../micro_bsp/\libucosii_bsp.a(altera_avalon_jtag_uart_fd.o)
 .debug_line    0x0000000000003067      0x123 ../micro_bsp/\libucosii_bsp.a(altera_avalon_jtag_uart_read.o)
 .debug_line    0x000000000000318a      0x11a ../micro_bsp/\libucosii_bsp.a(altera_avalon_jtag_uart_write.o)
 .debug_line    0x00000000000032a4       0xfd ../micro_bsp/\libucosii_bsp.a(altera_avalon_timer_sc.o)
 .debug_line    0x00000000000033a1      0x174 ../micro_bsp/\libucosii_bsp.a(alt_close.o)
 .debug_line    0x0000000000003515       0x51 ../micro_bsp/\libucosii_bsp.a(alt_dcache_flush_all.o)
 .debug_line    0x0000000000003566      0x13c ../micro_bsp/\libucosii_bsp.a(alt_dev.o)
 .debug_line    0x00000000000036a2       0xcf ../micro_bsp/\libucosii_bsp.a(alt_dev_llist_insert.o)
 .debug_line    0x0000000000003771       0x51 ../micro_bsp/\libucosii_bsp.a(alt_errno.o)
 .debug_line    0x00000000000037c2       0x4f ../micro_bsp/\libucosii_bsp.a(alt_icache_flush_all.o)
 .debug_line    0x0000000000003811       0xeb ../micro_bsp/\libucosii_bsp.a(alt_iic.o)
 .debug_line    0x00000000000038fc       0xdb ../micro_bsp/\libucosii_bsp.a(alt_iic_isr_register.o)
 .debug_line    0x00000000000039d7      0x144 ../micro_bsp/\libucosii_bsp.a(alt_io_redirect.o)
 .debug_line    0x0000000000003b1b       0x6b ../micro_bsp/\libucosii_bsp.a(alt_irq_entry.o)
 .debug_line    0x0000000000003b86       0xc8 ../micro_bsp/\libucosii_bsp.a(alt_irq_handler.o)
 .debug_line    0x0000000000003c4e       0x50 ../micro_bsp/\libucosii_bsp.a(alt_irq_vars.o)
 .debug_line    0x0000000000003c9e      0x13a ../micro_bsp/\libucosii_bsp.a(alt_open.o)
 .debug_line    0x0000000000003dd8       0xbf ../micro_bsp/\libucosii_bsp.a(alt_release_fd.o)
 .debug_line    0x0000000000003e97       0xff ../micro_bsp/\libucosii_bsp.a(alt_tick.o)
 .debug_line    0x0000000000003f96       0x51 ../micro_bsp/\libucosii_bsp.a(altera_nios2_gen2_irq.o)
 .debug_line    0x0000000000003fe7       0x86 ../micro_bsp/\libucosii_bsp.a(os_cpu_a.o)
 .debug_line    0x000000000000406d      0x1b2 ../micro_bsp/\libucosii_bsp.a(os_cpu_c.o)
 .debug_line    0x000000000000421f       0xb3 ../micro_bsp/\libucosii_bsp.a(alt_exception_entry.o)
 .debug_line    0x00000000000042d2       0xc4 ../micro_bsp/\libucosii_bsp.a(alt_find_dev.o)
 .debug_line    0x0000000000004396       0xe0 ../micro_bsp/\libucosii_bsp.a(alt_find_file.o)
 .debug_line    0x0000000000004476      0x128 ../micro_bsp/\libucosii_bsp.a(alt_get_fd.o)
 .debug_line    0x000000000000459e       0xb9 ../micro_bsp/\libucosii_bsp.a(alt_instruction_exception_entry.o)
 .debug_line    0x0000000000004657      0x159 d:/intelfpga_lite/17.0/nios2eds/bin/gnu/h-x86_64-mingw32/bin/../lib/gcc/nios2-elf/5.3.0/../../../../../H-x86_64-mingw32/nios2-elf/lib/mno-hw-mul\libsmallc.a(lib_a-exit.o)
 .debug_line    0x00000000000047b0      0x160 d:/intelfpga_lite/17.0/nios2eds/bin/gnu/h-x86_64-mingw32/bin/../lib/gcc/nios2-elf/5.3.0/../../../../../H-x86_64-mingw32/nios2-elf/lib/mno-hw-mul\libsmallc.a(lib_a-memcmp.o)
 .debug_line    0x0000000000004910      0x15d d:/intelfpga_lite/17.0/nios2eds/bin/gnu/h-x86_64-mingw32/bin/../lib/gcc/nios2-elf/5.3.0/../../../../../H-x86_64-mingw32/nios2-elf/lib/mno-hw-mul\libsmallc.a(lib_a-memset.o)
 .debug_line    0x0000000000004a6d      0x232 d:/intelfpga_lite/17.0/nios2eds/bin/gnu/h-x86_64-mingw32/bin/../lib/gcc/nios2-elf/5.3.0/../../../../../H-x86_64-mingw32/nios2-elf/lib/mno-hw-mul\libsmallc.a(lib_a-__call_atexit.o)
 .debug_line    0x0000000000004c9f      0x105 d:/intelfpga_lite/17.0/nios2eds/bin/gnu/h-x86_64-mingw32/bin/../lib/gcc/nios2-elf/5.3.0/mno-hw-mul\libgcc.a(lib2-divmod.o)
 .debug_line    0x0000000000004da4       0x80 d:/intelfpga_lite/17.0/nios2eds/bin/gnu/h-x86_64-mingw32/bin/../lib/gcc/nios2-elf/5.3.0/mno-hw-mul\libgcc.a(lib2-mul.o)
 .debug_line    0x0000000000004e24       0xce ../micro_bsp/\libucosii_bsp.a(alt_exit.o)

.debug_frame    0x0000000000000000     0x1b04
 *(.debug_frame)
 .debug_frame   0x0000000000000000       0x70 obj/default/hello_ucosii.o
 .debug_frame   0x0000000000000070       0x48 d:/intelfpga_lite/17.0/nios2eds/bin/gnu/h-x86_64-mingw32/bin/../lib/gcc/nios2-elf/5.3.0/../../../../../H-x86_64-mingw32/nios2-elf/lib/mno-hw-mul\libsmallc.a(lib_a-puts.o)
 .debug_frame   0x00000000000000b8       0x20 d:/intelfpga_lite/17.0/nios2eds/bin/gnu/h-x86_64-mingw32/bin/../lib/gcc/nios2-elf/5.3.0/../../../../../H-x86_64-mingw32/nios2-elf/lib/mno-hw-mul\libsmallc.a(lib_a-strlen.o)
 .debug_frame   0x00000000000000d8       0x58 d:/intelfpga_lite/17.0/nios2eds/bin/gnu/h-x86_64-mingw32/bin/../lib/gcc/nios2-elf/5.3.0/../../../../../H-x86_64-mingw32/nios2-elf/lib/mno-hw-mul\libsmallc.a(lib_a-fvwrite_small_dev.o)
 .debug_frame   0x0000000000000130       0x38 d:/intelfpga_lite/17.0/nios2eds/bin/gnu/h-x86_64-mingw32/bin/../lib/gcc/nios2-elf/5.3.0/../../../../../H-x86_64-mingw32/nios2-elf/lib/mno-hw-mul\libsmallc.a(lib_a-writer.o)
 .debug_frame   0x0000000000000168       0x5c ../micro_bsp/\libucosii_bsp.a(alt_load.o)
 .debug_frame   0x00000000000001c4       0x2c ../micro_bsp/\libucosii_bsp.a(alt_main.o)
 .debug_frame   0x00000000000001f0       0x60 ../micro_bsp/\libucosii_bsp.a(alt_write.o)
 .debug_frame   0x0000000000000250       0x60 ../micro_bsp/\libucosii_bsp.a(alt_env_lock.o)
 .debug_frame   0x00000000000002b0       0x64 ../micro_bsp/\libucosii_bsp.a(alt_malloc_lock.o)
 .debug_frame   0x0000000000000314      0x530 ../micro_bsp/\libucosii_bsp.a(os_core.o)
 .debug_frame   0x0000000000000844       0x34 ../micro_bsp/\libucosii_bsp.a(os_dbg.o)
 .debug_frame   0x0000000000000878      0x200 ../micro_bsp/\libucosii_bsp.a(os_flag.o)
 .debug_frame   0x0000000000000a78      0x118 ../micro_bsp/\libucosii_bsp.a(os_mem.o)
 .debug_frame   0x0000000000000b90      0x1bc ../micro_bsp/\libucosii_bsp.a(os_q.o)
 .debug_frame   0x0000000000000d4c      0x144 ../micro_bsp/\libucosii_bsp.a(os_sem.o)
 .debug_frame   0x0000000000000e90      0x1e4 ../micro_bsp/\libucosii_bsp.a(os_task.o)
 .debug_frame   0x0000000000001074       0xd8 ../micro_bsp/\libucosii_bsp.a(os_time.o)
 .debug_frame   0x000000000000114c       0x88 ../micro_bsp/\libucosii_bsp.a(alt_sys_init.o)
 .debug_frame   0x00000000000011d4       0x60 ../micro_bsp/\libucosii_bsp.a(altera_avalon_jtag_uart_fd.o)
 .debug_frame   0x0000000000001234       0x34 ../micro_bsp/\libucosii_bsp.a(altera_avalon_jtag_uart_read.o)
 .debug_frame   0x0000000000001268       0x34 ../micro_bsp/\libucosii_bsp.a(altera_avalon_jtag_uart_write.o)
 .debug_frame   0x000000000000129c       0x60 ../micro_bsp/\libucosii_bsp.a(altera_avalon_timer_sc.o)
 .debug_frame   0x00000000000012fc       0x60 ../micro_bsp/\libucosii_bsp.a(alt_close.o)
 .debug_frame   0x000000000000135c       0x34 ../micro_bsp/\libucosii_bsp.a(alt_dcache_flush_all.o)
 .debug_frame   0x0000000000001390       0x34 ../micro_bsp/\libucosii_bsp.a(alt_dev.o)
 .debug_frame   0x00000000000013c4       0x60 ../micro_bsp/\libucosii_bsp.a(alt_dev_llist_insert.o)
 .debug_frame   0x0000000000001424       0x34 ../micro_bsp/\libucosii_bsp.a(alt_icache_flush_all.o)
 .debug_frame   0x0000000000001458       0xa4 ../micro_bsp/\libucosii_bsp.a(alt_iic.o)
 .debug_frame   0x00000000000014fc       0x38 ../micro_bsp/\libucosii_bsp.a(alt_iic_isr_register.o)
 .debug_frame   0x0000000000001534       0x64 ../micro_bsp/\libucosii_bsp.a(alt_io_redirect.o)
 .debug_frame   0x0000000000001598       0x38 ../micro_bsp/\libucosii_bsp.a(alt_irq_handler.o)
 .debug_frame   0x00000000000015d0       0x8c ../micro_bsp/\libucosii_bsp.a(alt_open.o)
 .debug_frame   0x000000000000165c       0x3c ../micro_bsp/\libucosii_bsp.a(alt_release_fd.o)
 .debug_frame   0x0000000000001698       0x5c ../micro_bsp/\libucosii_bsp.a(alt_tick.o)
 .debug_frame   0x00000000000016f4       0x34 ../micro_bsp/\libucosii_bsp.a(altera_nios2_gen2_irq.o)
 .debug_frame   0x0000000000001728      0x17c ../micro_bsp/\libucosii_bsp.a(os_cpu_c.o)
 .debug_frame   0x00000000000018a4       0x38 ../micro_bsp/\libucosii_bsp.a(alt_find_dev.o)
 .debug_frame   0x00000000000018dc       0x38 ../micro_bsp/\libucosii_bsp.a(alt_find_file.o)
 .debug_frame   0x0000000000001914       0x3c ../micro_bsp/\libucosii_bsp.a(alt_get_fd.o)
 .debug_frame   0x0000000000001950       0x5c ../micro_bsp/\libucosii_bsp.a(alt_instruction_exception_entry.o)
 .debug_frame   0x00000000000019ac       0x28 d:/intelfpga_lite/17.0/nios2eds/bin/gnu/h-x86_64-mingw32/bin/../lib/gcc/nios2-elf/5.3.0/../../../../../H-x86_64-mingw32/nios2-elf/lib/mno-hw-mul\libsmallc.a(lib_a-exit.o)
 .debug_frame   0x00000000000019d4       0x20 d:/intelfpga_lite/17.0/nios2eds/bin/gnu/h-x86_64-mingw32/bin/../lib/gcc/nios2-elf/5.3.0/../../../../../H-x86_64-mingw32/nios2-elf/lib/mno-hw-mul\libsmallc.a(lib_a-memcmp.o)
 .debug_frame   0x00000000000019f4       0x20 d:/intelfpga_lite/17.0/nios2eds/bin/gnu/h-x86_64-mingw32/bin/../lib/gcc/nios2-elf/5.3.0/../../../../../H-x86_64-mingw32/nios2-elf/lib/mno-hw-mul\libsmallc.a(lib_a-memset.o)
 .debug_frame   0x0000000000001a14       0x54 d:/intelfpga_lite/17.0/nios2eds/bin/gnu/h-x86_64-mingw32/bin/../lib/gcc/nios2-elf/5.3.0/../../../../../H-x86_64-mingw32/nios2-elf/lib/mno-hw-mul\libsmallc.a(lib_a-__call_atexit.o)
 .debug_frame   0x0000000000001a68       0x50 d:/intelfpga_lite/17.0/nios2eds/bin/gnu/h-x86_64-mingw32/bin/../lib/gcc/nios2-elf/5.3.0/mno-hw-mul\libgcc.a(lib2-divmod.o)
 .debug_frame   0x0000000000001ab8       0x20 d:/intelfpga_lite/17.0/nios2eds/bin/gnu/h-x86_64-mingw32/bin/../lib/gcc/nios2-elf/5.3.0/mno-hw-mul\libgcc.a(lib2-mul.o)
 .debug_frame   0x0000000000001ad8       0x2c ../micro_bsp/\libucosii_bsp.a(alt_exit.o)

.debug_str      0x0000000000000000     0x2c22
 *(.debug_str)
 .debug_str     0x0000000000000000      0x135 obj/default/hello_ucosii.o
                                        0x17a (size before relaxing)
 .debug_str     0x0000000000000135      0x3f3 d:/intelfpga_lite/17.0/nios2eds/bin/gnu/h-x86_64-mingw32/bin/../lib/gcc/nios2-elf/5.3.0/../../../../../H-x86_64-mingw32/nios2-elf/lib/mno-hw-mul\libsmallc.a(lib_a-puts.o)
                                        0x4cd (size before relaxing)
 .debug_str     0x0000000000000528       0xd2 d:/intelfpga_lite/17.0/nios2eds/bin/gnu/h-x86_64-mingw32/bin/../lib/gcc/nios2-elf/5.3.0/../../../../../H-x86_64-mingw32/nios2-elf/lib/mno-hw-mul\libsmallc.a(lib_a-strlen.o)
                                        0x1e5 (size before relaxing)
 .debug_str     0x00000000000005fa       0x63 d:/intelfpga_lite/17.0/nios2eds/bin/gnu/h-x86_64-mingw32/bin/../lib/gcc/nios2-elf/5.3.0/../../../../../H-x86_64-mingw32/nios2-elf/lib/mno-hw-mul\libsmallc.a(lib_a-fvwrite_small_dev.o)
                                        0x4d4 (size before relaxing)
 .debug_str     0x000000000000065d       0xef d:/intelfpga_lite/17.0/nios2eds/bin/gnu/h-x86_64-mingw32/bin/../lib/gcc/nios2-elf/5.3.0/../../../../../H-x86_64-mingw32/nios2-elf/lib/mno-hw-mul\libsmallc.a(lib_a-impure.o)
                                        0x4be (size before relaxing)
 .debug_str     0x000000000000074c       0x45 d:/intelfpga_lite/17.0/nios2eds/bin/gnu/h-x86_64-mingw32/bin/../lib/gcc/nios2-elf/5.3.0/../../../../../H-x86_64-mingw32/nios2-elf/lib/mno-hw-mul\libsmallc.a(lib_a-writer.o)
                                        0x4b8 (size before relaxing)
 .debug_str     0x0000000000000791       0x3f d:/intelfpga_lite/17.0/nios2eds/bin/gnu/h-x86_64-mingw32/bin/../lib/gcc/nios2-elf/5.3.0/../../../../../H-x86_64-mingw32/nios2-elf/lib/mno-hw-mul\libsmallc.a(lib_a-int_errno.o)
                                        0x1d8 (size before relaxing)
 .debug_str     0x00000000000007d0      0x10f ../micro_bsp/\libucosii_bsp.a(alt_load.o)
                                        0x1fe (size before relaxing)
 .debug_str     0x00000000000008df       0xfd ../micro_bsp/\libucosii_bsp.a(alt_main.o)
                                        0x24c (size before relaxing)
 .debug_str     0x00000000000009dc      0x15b ../micro_bsp/\libucosii_bsp.a(alt_write.o)
                                        0x314 (size before relaxing)